=== HOLLOWS ENGINE ===
FPS: 0 | Pixel: 0.0ms | Input: 0.000ms | Texture: 0.000ms
Camera: [0.00, 0.08, 5.03]

--- DATA (valid / total) ---
  Bool               2 / 2
  Int                6 / 6
  I64                2 / 2
  F32                5 / 5
  F64                2 / 2
  CString            6 / 6
  Vec3               1 / 1
  Vertex             29162 / 29162
  Vertex_Cache       29162 / 29162
  Debug_Stats        1 / 1
  FrameData          1 / 1
  Strings_Builder    1 / 1
  DataPoint          29164 / 29164
  Field              65795 / 65795
  Model              1 / 1
  Face_List          1 / 1
  TOTAL              153312 / 153312

--- FETCHES (edit / copy / set) ---
  Bool               2 / 0 / 0
  Int                20 / 0 / 0
  I64                2 / 0 / 0
  F32                1 / 0 / 0
  F64                1 / 0 / 0
  CString            5 / 0 / 0
  Vec3               6 / 0 / 0
  Debug_Stats        3 / 0 / 0
  Strings_Builder    1 / 0 / 0
  DataPoint          2 / 0 / 0
  Field              2 / 0 / 0

--- FIELD OCCUPANCY ---
  Field[0] 'field' levels:4 dims:3
    bounds X:[-8.0000,8.0000] Y:[-8.0000,8.0000] Z:[-8.0000,8.0000]
    level 0: 1 / 1 cells occupied
    level 1: 1 / 8 cells occupied
    level 2: 1 / 64 cells occupied
    level 3: 1 / 512 cells occupied
    level 4: 1 / 4096 cells occupied
  Field[1] 'model_field' levels:4 dims:3
    bounds X:[-0.0280,0.0280] Y:[-0.0000,0.1515] Z:[-0.0280,0.0280]
    level 0: 1 / 1 cells occupied
    level 1: 8 / 8 cells occupied
    level 2: 47 / 64 cells occupied
    level 3: 308 / 512 cells occupied
    level 4: 1217 / 4096 cells occupied

  Screen Fields: 65793 total | 18 with occupied cells
  Root SF [2] levels:4 dims:2 bounds X:[0,800] Y:[0,600]
    level 0: 0 / 1
    level 1: 0 / 4
    level 2: 0 / 16
    level 3: 0 / 64
    level 4: 0 / 256

[F2: enable fetch timing]

---
=== HOLLOWS ENGINE ===
FPS: 57 | Pixel: 17.1ms | Input: 0.000ms | Texture: 0.549ms
Camera: [0.00, 0.08, 1.37]

--- DATA (valid / total) ---
  Bool               2 / 2
  Int                6 / 6
  I64                2 / 2
  F32                5 / 5
  F64                2 / 2
  CString            6 / 6
  Vec3               1 / 1
  Vertex             29162 / 29162
  Vertex_Cache       29162 / 29162
  Debug_Stats        1 / 1
  FrameData          1 / 1
  Strings_Builder    1 / 1
  DataPoint          29164 / 29164
  Field              65795 / 65795
  Model              1 / 1
  Face_List          1 / 1
  TOTAL              153312 / 153312

--- FETCHES (edit / copy / set) ---
  Bool               131 / 0 / 0
  Int                787 / 0 / 0
  I64                262 / 0 / 0
  F32                131 / 0 / 0
  F64                131 / 0 / 0
  Vec3               394 / 0 / 0
  Debug_Stats        655 / 0 / 0

--- FIELD OCCUPANCY ---
  Field[0] 'field' levels:4 dims:3
    bounds X:[-8.0000,8.0000] Y:[-8.0000,8.0000] Z:[-8.0000,8.0000]
    level 0: 1 / 1 cells occupied
    level 1: 1 / 8 cells occupied
    level 2: 1 / 64 cells occupied
    level 3: 1 / 512 cells occupied
    level 4: 1 / 4096 cells occupied
  Field[1] 'model_field' levels:4 dims:3
    bounds X:[-0.0280,0.0280] Y:[-0.0000,0.1515] Z:[-0.0280,0.0280]
    level 0: 1 / 1 cells occupied
    level 1: 8 / 8 cells occupied
    level 2: 47 / 64 cells occupied
    level 3: 308 / 512 cells occupied
    level 4: 1217 / 4096 cells occupied

  Screen Fields: 65793 total | 115 with occupied cells
  Root SF [2] levels:4 dims:2 bounds X:[0,800] Y:[0,600]
    level 0: 0 / 1
    level 1: 0 / 4
    level 2: 0 / 16
    level 3: 0 / 64
    level 4: 0 / 256

[F2: enable fetch timing]

---
=== HOLLOWS ENGINE ===
FPS: 12 | Pixel: 80.5ms | Input: 0.000ms | Texture: 0.599ms
Camera: [0.00, 0.08, 0.15]

--- DATA (valid / total) ---
  Bool               2 / 2
  Int                6 / 6
  I64                2 / 2
  F32                5 / 5
  F64                2 / 2
  CString            6 / 6
  Vec3               1 / 1
  Vertex             29162 / 29162
  Vertex_Cache       29162 / 29162
  Debug_Stats        1 / 1
  FrameData          1 / 1
  Strings_Builder    1 / 1
  DataPoint          29164 / 29164
  Field              65795 / 65795
  Model              1 / 1
  Face_List          1 / 1
  TOTAL              153312 / 153312

--- FETCHES (edit / copy / set) ---
  Bool               57 / 0 / 0
  Int                343 / 0 / 0
  I64                114 / 0 / 0
  F32                57 / 0 / 0
  F64                57 / 0 / 0
  Vec3               172 / 0 / 0
  Debug_Stats        285 / 0 / 0

--- FIELD OCCUPANCY ---
  Field[0] 'field' levels:4 dims:3
    bounds X:[-8.0000,8.0000] Y:[-8.0000,8.0000] Z:[-8.0000,8.0000]
    level 0: 1 / 1 cells occupied
    level 1: 1 / 8 cells occupied
    level 2: 1 / 64 cells occupied
    level 3: 1 / 512 cells occupied
    level 4: 1 / 4096 cells occupied
  Field[1] 'model_field' levels:4 dims:3
    bounds X:[-0.0280,0.0280] Y:[-0.0000,0.1515] Z:[-0.0280,0.0280]
    level 0: 1 / 1 cells occupied
    level 1: 8 / 8 cells occupied
    level 2: 47 / 64 cells occupied
    level 3: 308 / 512 cells occupied
    level 4: 1217 / 4096 cells occupied

  Screen Fields: 65793 total | 8271 with occupied cells
  Root SF [2] levels:4 dims:2 bounds X:[0,800] Y:[0,600]
    level 0: 0 / 1
    level 1: 0 / 4
    level 2: 0 / 16
    level 3: 0 / 64
    level 4: 0 / 256

[F2: enable fetch timing]

---
=== HOLLOWS ENGINE ===
FPS: 12 | Pixel: 79.5ms | Input: 0.001ms | Texture: 0.548ms
Camera: [0.00, 0.08, 0.15]

--- DATA (valid / total) ---
  Bool               2 / 2
  Int                6 / 6
  I64                2 / 2
  F32                5 / 5
  F64                2 / 2
  CString            6 / 6
  Vec3               1 / 1
  Vertex             29162 / 29162
  Vertex_Cache       29162 / 29162
  Debug_Stats        1 / 1
  FrameData          1 / 1
  Strings_Builder    1 / 1
  DataPoint          29164 / 29164
  Field              65795 / 65795
  Model              1 / 1
  Face_List          1 / 1
  TOTAL              153312 / 153312

--- FETCHES (edit / copy / set) ---
  Bool               25 / 0 / 0
  Int                151 / 0 / 0
  I64                50 / 0 / 0
  F32                25 / 0 / 0
  F64                25 / 0 / 0
  Vec3               76 / 0 / 0
  Debug_Stats        125 / 0 / 0

--- FIELD OCCUPANCY ---
  Field[0] 'field' levels:4 dims:3
    bounds X:[-8.0000,8.0000] Y:[-8.0000,8.0000] Z:[-8.0000,8.0000]
    level 0: 1 / 1 cells occupied
    level 1: 1 / 8 cells occupied
    level 2: 1 / 64 cells occupied
    level 3: 1 / 512 cells occupied
    level 4: 1 / 4096 cells occupied
  Field[1] 'model_field' levels:4 dims:3
    bounds X:[-0.0280,0.0280] Y:[-0.0000,0.1515] Z:[-0.0280,0.0280]
    level 0: 1 / 1 cells occupied
    level 1: 8 / 8 cells occupied
    level 2: 47 / 64 cells occupied
    level 3: 308 / 512 cells occupied
    level 4: 1217 / 4096 cells occupied

  Screen Fields: 65793 total | 8271 with occupied cells
  Root SF [2] levels:4 dims:2 bounds X:[0,800] Y:[0,600]
    level 0: 0 / 1
    level 1: 0 / 4
    level 2: 0 / 16
    level 3: 0 / 64
    level 4: 0 / 256

[F2: enable fetch timing]

---
=== HOLLOWS ENGINE ===
FPS: 12 | Pixel: 79.1ms | Input: 0.001ms | Texture: 0.524ms
Camera: [0.00, 0.08, 0.15]

--- DATA (valid / total) ---
  Bool               2 / 2
  Int                6 / 6
  I64                2 / 2
  F32                5 / 5
  F64                2 / 2
  CString            6 / 6
  Vec3               1 / 1
  Vertex             29162 / 29162
  Vertex_Cache       29162 / 29162
  Debug_Stats        1 / 1
  FrameData          1 / 1
  Strings_Builder    1 / 1
  DataPoint          29164 / 29164
  Field              65795 / 65795
  Model              1 / 1
  Face_List          1 / 1
  TOTAL              153312 / 153312

--- FETCHES (edit / copy / set) ---
  Bool               24 / 0 / 0
  Int                150 / 0 / 0
  I64                48 / 0 / 0
  F32                24 / 0 / 0
  F64                24 / 0 / 0
  CString            2 / 0 / 0
  Vec3               74 / 0 / 0
  Debug_Stats        121 / 0 / 0

--- FIELD OCCUPANCY ---
  Field[0] 'field' levels:4 dims:3
    bounds X:[-8.0000,8.0000] Y:[-8.0000,8.0000] Z:[-8.0000,8.0000]
    level 0: 1 / 1 cells occupied
    level 1: 1 / 8 cells occupied
    level 2: 1 / 64 cells occupied
    level 3: 1 / 512 cells occupied
    level 4: 1 / 4096 cells occupied
  Field[1] 'model_field' levels:4 dims:3
    bounds X:[-0.0280,0.0280] Y:[-0.0000,0.1515] Z:[-0.0280,0.0280]
    level 0: 1 / 1 cells occupied
    level 1: 8 / 8 cells occupied
    level 2: 47 / 64 cells occupied
    level 3: 308 / 512 cells occupied
    level 4: 1217 / 4096 cells occupied

  Screen Fields: 65793 total | 8271 with occupied cells
  Root SF [2] levels:4 dims:2 bounds X:[0,800] Y:[0,600]
    level 0: 0 / 1
    level 1: 0 / 4
    level 2: 0 / 16
    level 3: 0 / 64
    level 4: 0 / 256

[F2: enable fetch timing]

---
=== HOLLOWS ENGINE ===
FPS: 61 | Pixel: 16.5ms | Input: 0.000ms | Texture: 0.498ms
Camera: [0.00, 0.08, 1.41]

--- DATA (valid / total) ---
  Bool               2 / 2
  Int                6 / 6
  I64                2 / 2
  F32                5 / 5
  F64                2 / 2
  CString            6 / 6
  Vec3               1 / 1
  Vertex             29162 / 29162
  Vertex_Cache       29162 / 29162
  Debug_Stats        1 / 1
  FrameData          1 / 1
  Strings_Builder    1 / 1
  DataPoint          29164 / 29164
  Field              65795 / 65795
  Model              1 / 1
  Face_List          1 / 1
  TOTAL              153312 / 153312

--- FETCHES (edit / copy / set) ---
  Bool               31 / 0 / 0
  Int                187 / 0 / 0
  I64                62 / 0 / 0
  F32                31 / 0 / 0
  F64                31 / 0 / 0
  Vec3               94 / 0 / 0
  Debug_Stats        155 / 0 / 0

--- FIELD OCCUPANCY ---
  Field[0] 'field' levels:4 dims:3
    bounds X:[-8.0000,8.0000] Y:[-8.0000,8.0000] Z:[-8.0000,8.0000]
    level 0: 1 / 1 cells occupied
    level 1: 1 / 8 cells occupied
    level 2: 1 / 64 cells occupied
    level 3: 1 / 512 cells occupied
    level 4: 1 / 4096 cells occupied
  Field[1] 'model_field' levels:4 dims:3
    bounds X:[-0.0280,0.0280] Y:[-0.0000,0.1515] Z:[-0.0280,0.0280]
    level 0: 1 / 1 cells occupied
    level 1: 8 / 8 cells occupied
    level 2: 47 / 64 cells occupied
    level 3: 308 / 512 cells occupied
    level 4: 1217 / 4096 cells occupied

  Screen Fields: 65793 total | 113 with occupied cells
  Root SF [2] levels:4 dims:2 bounds X:[0,800] Y:[0,600]
    level 0: 0 / 1
    level 1: 0 / 4
    level 2: 0 / 16
    level 3: 0 / 64
    level 4: 0 / 256

[F2: enable fetch timing]

---
=== HOLLOWS ENGINE ===
FPS: 40 | Pixel: 20.8ms | Input: 0.000ms | Texture: 0.497ms
Camera: [0.00, 0.08, 0.50]

--- DATA (valid / total) ---
  Bool               2 / 2
  Int                6 / 6
  I64                2 / 2
  F32                5 / 5
  F64                2 / 2
  CString            6 / 6
  Vec3               1 / 1
  Vertex             29162 / 29162
  Vertex_Cache       29162 / 29162
  Debug_Stats        1 / 1
  FrameData          1 / 1
  Strings_Builder    1 / 1
  DataPoint          29164 / 29164
  Field              65795 / 65795
  Model              1 / 1
  Face_List          1 / 1
  TOTAL              153312 / 153312

--- FETCHES (edit / copy / set) ---
  Bool               79 / 0 / 0
  Int                475 / 0 / 0
  I64                158 / 0 / 0
  F32                79 / 0 / 0
  F64                79 / 0 / 0
  Vec3               238 / 0 / 0
  Debug_Stats        395 / 0 / 0

--- FIELD OCCUPANCY ---
  Field[0] 'field' levels:4 dims:3
    bounds X:[-8.0000,8.0000] Y:[-8.0000,8.0000] Z:[-8.0000,8.0000]
    level 0: 1 / 1 cells occupied
    level 1: 1 / 8 cells occupied
    level 2: 1 / 64 cells occupied
    level 3: 1 / 512 cells occupied
    level 4: 1 / 4096 cells occupied
  Field[1] 'model_field' levels:4 dims:3
    bounds X:[-0.0280,0.0280] Y:[-0.0000,0.1515] Z:[-0.0280,0.0280]
    level 0: 1 / 1 cells occupied
    level 1: 8 / 8 cells occupied
    level 2: 47 / 64 cells occupied
    level 3: 308 / 512 cells occupied
    level 4: 1217 / 4096 cells occupied

  Screen Fields: 65793 total | 716 with occupied cells
  Root SF [2] levels:4 dims:2 bounds X:[0,800] Y:[0,600]
    level 0: 0 / 1
    level 1: 0 / 4
    level 2: 0 / 16
    level 3: 0 / 64
    level 4: 0 / 256

[F2: enable fetch timing]

---
