=== HOLLOWS ENGINE ===
FPS: 0 | Pixel: 0.0ms | Input: 0.001ms | Texture: 0.000ms
Camera: [0.00, 0.00, 6.00]

--- DATA (valid / total) ---
  Bool               1 / 1
  Int                5 / 5
  I64                2 / 2
  F32                5 / 5
  F64                2 / 2
  CString            6 / 6
  Vec3               1 / 1
  Vertex             140 / 140
  Model              1 / 1
  Texture            1 / 1
  Bounds             6 / 6
  Debug_Stats        1 / 1
  FrameData          1 / 1
  Strings_Builder    1 / 1
  DataPoint          1 / 1
  Field              2 / 2
  Metadata           176 / 176
  TOTAL              352 / 352

--- FETCHES (edit / copy / set) ---
  Int                10 / 0 / 0
  I64                2 / 0 / 0
  F32                1 / 0 / 0
  F64                1 / 0 / 0
  CString            5 / 0 / 0
  Vec3               4 / 0 / 0
  Model              2 / 0 / 0
  Texture            2 / 0 / 0
  Debug_Stats        3 / 0 / 0
  Strings_Builder    1 / 0 / 0
  DataPoint          2 / 0 / 0
  Field              4 / 0 / 0

--- FIELD OCCUPANCY ---
  Field[0] 'world_field_meta' levels:4 dims:3
    bounds X:[-8.0000,8.0000] Y:[-8.0000,8.0000] Z:[-8.0000,8.0000]
    level 0: 1 / 1 cells occupied
    level 1: 2 / 8 cells occupied
    level 2: 4 / 64 cells occupied
    level 3: 6 / 512 cells occupied
    level 4: 6 / 4096 cells occupied
  Field[1] 'model_field' levels:4 dims:3
    bounds X:[-1.0000,1.0000] Y:[-1.0000,1.0000] Z:[-1.0000,1.0000]
    level 0: 1 / 1 cells occupied
    level 1: 6 / 8 cells occupied
    level 2: 28 / 64 cells occupied
    level 3: 96 / 512 cells occupied
    level 4: 140 / 4096 cells occupied

[F2: enable fetch timing]

---
=== HOLLOWS ENGINE ===
FPS: 120 | Pixel: 0.1ms | Input: 0.001ms | Texture: 1.040ms
Camera: [0.00, 0.00, 6.00]

--- DATA (valid / total) ---
  Bool               1 / 1
  Int                5 / 5
  I64                2 / 2
  F32                5 / 5
  F64                2 / 2
  CString            6 / 6
  Vec3               1 / 1
  Vertex             140 / 140
  Model              1 / 1
  Texture            1 / 1
  Bounds             6 / 6
  Debug_Stats        1 / 1
  FrameData          1 / 1
  Strings_Builder    1 / 1
  DataPoint          1 / 1
  Field              2 / 2
  Metadata           176 / 176
  TOTAL              352 / 352

--- FETCHES (edit / copy / set) ---
  Int                716 / 0 / 0
  I64                1430 / 0 / 0
  F32                715 / 0 / 0
  F64                715 / 0 / 0
  Vec3               1431 / 0 / 0
  Texture            715 / 0 / 0
  Debug_Stats        3575 / 0 / 0
  DataPoint          715 / 0 / 0
  Field              715 / 0 / 0

--- FIELD OCCUPANCY ---
  Field[0] 'world_field_meta' levels:4 dims:3
    bounds X:[-8.0000,8.0000] Y:[-8.0000,8.0000] Z:[-8.0000,8.0000]
    level 0: 1 / 1 cells occupied
    level 1: 2 / 8 cells occupied
    level 2: 4 / 64 cells occupied
    level 3: 6 / 512 cells occupied
    level 4: 6 / 4096 cells occupied
  Field[1] 'model_field' levels:4 dims:3
    bounds X:[-1.0000,1.0000] Y:[-1.0000,1.0000] Z:[-1.0000,1.0000]
    level 0: 1 / 1 cells occupied
    level 1: 6 / 8 cells occupied
    level 2: 28 / 64 cells occupied
    level 3: 96 / 512 cells occupied
    level 4: 140 / 4096 cells occupied

[F2: enable fetch timing]

---
=== HOLLOWS ENGINE ===
FPS: 112 | Pixel: 0.0ms | Input: 0.001ms | Texture: 0.568ms
Camera: [0.00, 0.00, 6.00]

--- DATA (valid / total) ---
  Bool               1 / 1
  Int                5 / 5
  I64                2 / 2
  F32                5 / 5
  F64                2 / 2
  CString            6 / 6
  Vec3               1 / 1
  Vertex             140 / 140
  Model              1 / 1
  Texture            1 / 1
  Bounds             6 / 6
  Debug_Stats        1 / 1
  FrameData          1 / 1
  Strings_Builder    1 / 1
  DataPoint          1 / 1
  Field              2 / 2
  Metadata           176 / 176
  TOTAL              352 / 352

--- FETCHES (edit / copy / set) ---
  Int                841 / 0 / 0
  I64                1680 / 0 / 0
  F32                840 / 0 / 0
  F64                840 / 0 / 0
  Vec3               1681 / 0 / 0
  Texture            840 / 0 / 0
  Debug_Stats        4200 / 0 / 0
  DataPoint          840 / 0 / 0
  Field              840 / 0 / 0

--- FIELD OCCUPANCY ---
  Field[0] 'world_field_meta' levels:4 dims:3
    bounds X:[-8.0000,8.0000] Y:[-8.0000,8.0000] Z:[-8.0000,8.0000]
    level 0: 1 / 1 cells occupied
    level 1: 2 / 8 cells occupied
    level 2: 4 / 64 cells occupied
    level 3: 6 / 512 cells occupied
    level 4: 6 / 4096 cells occupied
  Field[1] 'model_field' levels:4 dims:3
    bounds X:[-1.0000,1.0000] Y:[-1.0000,1.0000] Z:[-1.0000,1.0000]
    level 0: 1 / 1 cells occupied
    level 1: 6 / 8 cells occupied
    level 2: 28 / 64 cells occupied
    level 3: 96 / 512 cells occupied
    level 4: 140 / 4096 cells occupied

[F2: enable fetch timing]

---
=== HOLLOWS ENGINE ===
FPS: 116 | Pixel: 0.0ms | Input: 0.001ms | Texture: 0.642ms
Camera: [0.00, 0.00, 6.00]

--- DATA (valid / total) ---
  Bool               1 / 1
  Int                5 / 5
  I64                2 / 2
  F32                5 / 5
  F64                2 / 2
  CString            6 / 6
  Vec3               1 / 1
  Vertex             140 / 140
  Model              1 / 1
  Texture            1 / 1
  Bounds             6 / 6
  Debug_Stats        1 / 1
  FrameData          1 / 1
  Strings_Builder    1 / 1
  DataPoint          1 / 1
  Field              2 / 2
  Metadata           176 / 176
  TOTAL              352 / 352

--- FETCHES (edit / copy / set) ---
  Int                887 / 0 / 0
  I64                1772 / 0 / 0
  F32                886 / 0 / 0
  F64                886 / 0 / 0
  Vec3               1773 / 0 / 0
  Texture            886 / 0 / 0
  Debug_Stats        4430 / 0 / 0
  DataPoint          886 / 0 / 0
  Field              886 / 0 / 0

--- FIELD OCCUPANCY ---
  Field[0] 'world_field_meta' levels:4 dims:3
    bounds X:[-8.0000,8.0000] Y:[-8.0000,8.0000] Z:[-8.0000,8.0000]
    level 0: 1 / 1 cells occupied
    level 1: 2 / 8 cells occupied
    level 2: 4 / 64 cells occupied
    level 3: 6 / 512 cells occupied
    level 4: 6 / 4096 cells occupied
  Field[1] 'model_field' levels:4 dims:3
    bounds X:[-1.0000,1.0000] Y:[-1.0000,1.0000] Z:[-1.0000,1.0000]
    level 0: 1 / 1 cells occupied
    level 1: 6 / 8 cells occupied
    level 2: 28 / 64 cells occupied
    level 3: 96 / 512 cells occupied
    level 4: 140 / 4096 cells occupied

[F2: enable fetch timing]

---
=== HOLLOWS ENGINE ===
FPS: 68 | Pixel: 0.1ms | Input: 0.001ms | Texture: 0.888ms
Camera: [0.00, 0.00, 6.00]

--- DATA (valid / total) ---
  Bool               1 / 1
  Int                5 / 5
  I64                2 / 2
  F32                5 / 5
  F64                2 / 2
  CString            6 / 6
  Vec3               1 / 1
  Vertex             140 / 140
  Model              1 / 1
  Texture            1 / 1
  Bounds             6 / 6
  Debug_Stats        1 / 1
  FrameData          1 / 1
  Strings_Builder    1 / 1
  DataPoint          1 / 1
  Field              2 / 2
  Metadata           176 / 176
  TOTAL              352 / 352

--- FETCHES (edit / copy / set) ---
  Int                894 / 0 / 0
  I64                1786 / 0 / 0
  F32                893 / 0 / 0
  F64                893 / 0 / 0
  Vec3               1787 / 0 / 0
  Texture            893 / 0 / 0
  Debug_Stats        4465 / 0 / 0
  DataPoint          893 / 0 / 0
  Field              893 / 0 / 0

--- FIELD OCCUPANCY ---
  Field[0] 'world_field_meta' levels:4 dims:3
    bounds X:[-8.0000,8.0000] Y:[-8.0000,8.0000] Z:[-8.0000,8.0000]
    level 0: 1 / 1 cells occupied
    level 1: 2 / 8 cells occupied
    level 2: 4 / 64 cells occupied
    level 3: 6 / 512 cells occupied
    level 4: 6 / 4096 cells occupied
  Field[1] 'model_field' levels:4 dims:3
    bounds X:[-1.0000,1.0000] Y:[-1.0000,1.0000] Z:[-1.0000,1.0000]
    level 0: 1 / 1 cells occupied
    level 1: 6 / 8 cells occupied
    level 2: 28 / 64 cells occupied
    level 3: 96 / 512 cells occupied
    level 4: 140 / 4096 cells occupied

[F2: enable fetch timing]

---
=== HOLLOWS ENGINE ===
FPS: 121 | Pixel: 0.1ms | Input: 0.001ms | Texture: 0.876ms
Camera: [0.00, 0.00, 6.00]

--- DATA (valid / total) ---
  Bool               1 / 1
  Int                5 / 5
  I64                2 / 2
  F32                5 / 5
  F64                2 / 2
  CString            6 / 6
  Vec3               1 / 1
  Vertex             140 / 140
  Model              1 / 1
  Texture            1 / 1
  Bounds             6 / 6
  Debug_Stats        1 / 1
  FrameData          1 / 1
  Strings_Builder    1 / 1
  DataPoint          1 / 1
  Field              2 / 2
  Metadata           176 / 176
  TOTAL              352 / 352

--- FETCHES (edit / copy / set) ---
  Int                967 / 0 / 0
  I64                1872 / 0 / 0
  F32                936 / 0 / 0
  F64                936 / 0 / 0
  Vec3               1873 / 0 / 0
  Texture            936 / 0 / 0
  Debug_Stats        4680 / 0 / 0
  DataPoint          936 / 0 / 0
  Field              936 / 0 / 0

--- FIELD OCCUPANCY ---
  Field[0] 'world_field_meta' levels:4 dims:3
    bounds X:[-8.0000,8.0000] Y:[-8.0000,8.0000] Z:[-8.0000,8.0000]
    level 0: 1 / 1 cells occupied
    level 1: 2 / 8 cells occupied
    level 2: 4 / 64 cells occupied
    level 3: 6 / 512 cells occupied
    level 4: 6 / 4096 cells occupied
  Field[1] 'model_field' levels:4 dims:3
    bounds X:[-1.0000,1.0000] Y:[-1.0000,1.0000] Z:[-1.0000,1.0000]
    level 0: 1 / 1 cells occupied
    level 1: 6 / 8 cells occupied
    level 2: 28 / 64 cells occupied
    level 3: 96 / 512 cells occupied
    level 4: 140 / 4096 cells occupied

[F2: enable fetch timing]

---
=== HOLLOWS ENGINE ===
FPS: 797 | Pixel: 0.1ms | Input: 0.000ms | Texture: 0.935ms
Camera: [0.00, 0.00, 6.00]

--- DATA (valid / total) ---
  Bool               1 / 1
  Int                5 / 5
  I64                2 / 2
  F32                5 / 5
  F64                2 / 2
  CString            6 / 6
  Vec3               1 / 1
  Vertex             140 / 140
  Model              1 / 1
  Texture            1 / 1
  Bounds             6 / 6
  Debug_Stats        1 / 1
  FrameData          1 / 1
  Strings_Builder    1 / 1
  DataPoint          1 / 1
  Field              2 / 2
  Metadata           176 / 176
  TOTAL              352 / 352

--- FETCHES (edit / copy / set) ---
  Int                1903 / 0 / 0
  I64                1902 / 0 / 0
  F32                951 / 0 / 0
  F64                951 / 0 / 0
  Vec3               1903 / 0 / 0
  Texture            951 / 0 / 0
  Debug_Stats        4755 / 0 / 0
  DataPoint          951 / 0 / 0
  Field              951 / 0 / 0

--- FIELD OCCUPANCY ---
  Field[0] 'world_field_meta' levels:4 dims:3
    bounds X:[-8.0000,8.0000] Y:[-8.0000,8.0000] Z:[-8.0000,8.0000]
    level 0: 1 / 1 cells occupied
    level 1: 2 / 8 cells occupied
    level 2: 4 / 64 cells occupied
    level 3: 6 / 512 cells occupied
    level 4: 6 / 4096 cells occupied
  Field[1] 'model_field' levels:4 dims:3
    bounds X:[-1.0000,1.0000] Y:[-1.0000,1.0000] Z:[-1.0000,1.0000]
    level 0: 1 / 1 cells occupied
    level 1: 6 / 8 cells occupied
    level 2: 28 / 64 cells occupied
    level 3: 96 / 512 cells occupied
    level 4: 140 / 4096 cells occupied

[F2: enable fetch timing]

---
=== HOLLOWS ENGINE ===
FPS: 1779 | Pixel: 0.0ms | Input: 0.000ms | Texture: 0.442ms
Camera: [0.00, 0.00, 6.00]

--- DATA (valid / total) ---
  Bool               1 / 1
  Int                5 / 5
  I64                2 / 2
  F32                5 / 5
  F64                2 / 2
  CString            6 / 6
  Vec3               1 / 1
  Vertex             140 / 140
  Model              1 / 1
  Texture            1 / 1
  Bounds             6 / 6
  Debug_Stats        1 / 1
  FrameData          1 / 1
  Strings_Builder    1 / 1
  DataPoint          1 / 1
  Field              2 / 2
  Metadata           176 / 176
  TOTAL              352 / 352

--- FETCHES (edit / copy / set) ---
  Int                1965 / 0 / 0
  I64                1964 / 0 / 0
  F32                982 / 0 / 0
  F64                982 / 0 / 0
  Vec3               1965 / 0 / 0
  Texture            982 / 0 / 0
  Debug_Stats        4910 / 0 / 0
  DataPoint          982 / 0 / 0
  Field              982 / 0 / 0

--- FIELD OCCUPANCY ---
  Field[0] 'world_field_meta' levels:4 dims:3
    bounds X:[-8.0000,8.0000] Y:[-8.0000,8.0000] Z:[-8.0000,8.0000]
    level 0: 1 / 1 cells occupied
    level 1: 2 / 8 cells occupied
    level 2: 4 / 64 cells occupied
    level 3: 6 / 512 cells occupied
    level 4: 6 / 4096 cells occupied
  Field[1] 'model_field' levels:4 dims:3
    bounds X:[-1.0000,1.0000] Y:[-1.0000,1.0000] Z:[-1.0000,1.0000]
    level 0: 1 / 1 cells occupied
    level 1: 6 / 8 cells occupied
    level 2: 28 / 64 cells occupied
    level 3: 96 / 512 cells occupied
    level 4: 140 / 4096 cells occupied

[F2: enable fetch timing]

---
=== HOLLOWS ENGINE ===
FPS: 23 | Pixel: 0.0ms | Input: 0.000ms | Texture: 0.424ms
Camera: [0.00, 0.00, 6.00]

--- DATA (valid / total) ---
  Bool               1 / 1
  Int                5 / 5
  I64                2 / 2
  F32                5 / 5
  F64                2 / 2
  CString            6 / 6
  Vec3               1 / 1
  Vertex             140 / 140
  Model              1 / 1
  Texture            1 / 1
  Bounds             6 / 6
  Debug_Stats        1 / 1
  FrameData          1 / 1
  Strings_Builder    1 / 1
  DataPoint          1 / 1
  Field              2 / 2
  Metadata           176 / 176
  TOTAL              352 / 352

--- FETCHES (edit / copy / set) ---
  Int                1912 / 0 / 0
  I64                1906 / 0 / 0
  F32                953 / 0 / 0
  F64                953 / 0 / 0
  CString            2 / 0 / 0
  Vec3               1908 / 0 / 0
  Texture            953 / 0 / 0
  Debug_Stats        4766 / 0 / 0
  DataPoint          953 / 0 / 0
  Field              953 / 0 / 0

--- FIELD OCCUPANCY ---
  Field[0] 'world_field_meta' levels:4 dims:3
    bounds X:[-8.0000,8.0000] Y:[-8.0000,8.0000] Z:[-8.0000,8.0000]
    level 0: 1 / 1 cells occupied
    level 1: 2 / 8 cells occupied
    level 2: 4 / 64 cells occupied
    level 3: 6 / 512 cells occupied
    level 4: 6 / 4096 cells occupied
  Field[1] 'model_field' levels:4 dims:3
    bounds X:[-1.0000,1.0000] Y:[-1.0000,1.0000] Z:[-1.0000,1.0000]
    level 0: 1 / 1 cells occupied
    level 1: 6 / 8 cells occupied
    level 2: 28 / 64 cells occupied
    level 3: 96 / 512 cells occupied
    level 4: 140 / 4096 cells occupied

[F2: enable fetch timing]

---
=== HOLLOWS ENGINE ===
FPS: 1674 | Pixel: 0.0ms | Input: 0.000ms | Texture: 0.463ms
Camera: [0.00, 0.00, 6.00]

--- DATA (valid / total) ---
  Bool               1 / 1
  Int                5 / 5
  I64                2 / 2
  F32                5 / 5
  F64                2 / 2
  CString            6 / 6
  Vec3               1 / 1
  Vertex             140 / 140
  Model              1 / 1
  Texture            1 / 1
  Bounds             6 / 6
  Debug_Stats        1 / 1
  FrameData          1 / 1
  Strings_Builder    1 / 1
  DataPoint          1 / 1
  Field              2 / 2
  Metadata           176 / 176
  TOTAL              352 / 352

--- FETCHES (edit / copy / set) ---
  Int                2063 / 0 / 0
  I64                2062 / 0 / 0
  F32                1031 / 0 / 0
  F64                1031 / 0 / 0
  Vec3               2063 / 0 / 0
  Texture            1031 / 0 / 0
  Debug_Stats        5155 / 0 / 0
  DataPoint          1031 / 0 / 0
  Field              1031 / 0 / 0

--- FIELD OCCUPANCY ---
  Field[0] 'world_field_meta' levels:4 dims:3
    bounds X:[-8.0000,8.0000] Y:[-8.0000,8.0000] Z:[-8.0000,8.0000]
    level 0: 1 / 1 cells occupied
    level 1: 2 / 8 cells occupied
    level 2: 4 / 64 cells occupied
    level 3: 6 / 512 cells occupied
    level 4: 6 / 4096 cells occupied
  Field[1] 'model_field' levels:4 dims:3
    bounds X:[-1.0000,1.0000] Y:[-1.0000,1.0000] Z:[-1.0000,1.0000]
    level 0: 1 / 1 cells occupied
    level 1: 6 / 8 cells occupied
    level 2: 28 / 64 cells occupied
    level 3: 96 / 512 cells occupied
    level 4: 140 / 4096 cells occupied

[F2: enable fetch timing]

---
=== HOLLOWS ENGINE ===
FPS: 1471 | Pixel: 0.0ms | Input: 0.000ms | Texture: 0.540ms
Camera: [0.00, 0.00, 6.00]

--- DATA (valid / total) ---
  Bool               1 / 1
  Int                5 / 5
  I64                2 / 2
  F32                5 / 5
  F64                2 / 2
  CString            6 / 6
  Vec3               1 / 1
  Vertex             140 / 140
  Model              1 / 1
  Texture            1 / 1
  Bounds             6 / 6
  Debug_Stats        1 / 1
  FrameData          1 / 1
  Strings_Builder    1 / 1
  DataPoint          1 / 1
  Field              2 / 2
  Metadata           176 / 176
  TOTAL              352 / 352

--- FETCHES (edit / copy / set) ---
  Int                2215 / 0 / 0
  I64                2214 / 0 / 0
  F32                1107 / 0 / 0
  F64                1107 / 0 / 0
  Vec3               2215 / 0 / 0
  Texture            1107 / 0 / 0
  Debug_Stats        5535 / 0 / 0
  DataPoint          1107 / 0 / 0
  Field              1107 / 0 / 0

--- FIELD OCCUPANCY ---
  Field[0] 'world_field_meta' levels:4 dims:3
    bounds X:[-8.0000,8.0000] Y:[-8.0000,8.0000] Z:[-8.0000,8.0000]
    level 0: 1 / 1 cells occupied
    level 1: 2 / 8 cells occupied
    level 2: 4 / 64 cells occupied
    level 3: 6 / 512 cells occupied
    level 4: 6 / 4096 cells occupied
  Field[1] 'model_field' levels:4 dims:3
    bounds X:[-1.0000,1.0000] Y:[-1.0000,1.0000] Z:[-1.0000,1.0000]
    level 0: 1 / 1 cells occupied
    level 1: 6 / 8 cells occupied
    level 2: 28 / 64 cells occupied
    level 3: 96 / 512 cells occupied
    level 4: 140 / 4096 cells occupied

[F2: enable fetch timing]

---
