=== HOLLOWS ENGINE ===
FPS: 0 | Pixel: 0.0ms | Input: 0.000ms | Texture: 0.000ms
Camera: [0.00, 0.08, 5.03]

--- DATA (valid / total) ---
  Bool               2 / 2
  Int                6 / 6
  I64                2 / 2
  F32                5 / 5
  F64                2 / 2
  CString            6 / 6
  Vec3               1 / 1
  Vertex             29162 / 29162
  Vertex_Cache       29162 / 29162
  Debug_Stats        1 / 1
  FrameData          1 / 1
  Strings_Builder    1 / 1
  DataPoint          29164 / 29164
  Field              1027 / 1027
  Model              1 / 1
  Face_List          1 / 1
  TOTAL              88544 / 88544

--- FETCHES (edit / copy / set) ---
  Bool               2 / 0 / 0
  Int                780696 / 0 / 0
  I64                2 / 0 / 0
  F32                1 / 0 / 0
  F64                1 / 0 / 0
  CString            5 / 0 / 0
  Vec3               6 / 0 / 0
  Debug_Stats        3 / 0 / 0
  Strings_Builder    1 / 0 / 0
  DataPoint          2 / 0 / 0
  Field              2 / 0 / 0

--- FIELD OCCUPANCY ---
  Field[0] 'field' levels:4 dims:3
    bounds X:[-8.0000,8.0000] Y:[-8.0000,8.0000] Z:[-8.0000,8.0000]
    level 0: 1 / 1 cells occupied
    level 1: 1 / 8 cells occupied
    level 2: 1 / 64 cells occupied
    level 3: 1 / 512 cells occupied
    level 4: 1 / 4096 cells occupied
  Field[1] 'model_field' levels:4 dims:3
    bounds X:[-0.0280,0.0280] Y:[-0.0000,0.1515] Z:[-0.0280,0.0280]
    level 0: 1 / 1 cells occupied
    level 1: 8 / 8 cells occupied
    level 2: 47 / 64 cells occupied
    level 3: 308 / 512 cells occupied
    level 4: 1217 / 4096 cells occupied

  Screen Fields: 1025 total | 5 with occupied cells
  Root SF [2] levels:5 dims:2 bounds X:[0,1280] Y:[0,720]
    level 0: 1 / 1
    level 1: 4 / 4
    level 2: 4 / 16
    level 3: 4 / 64
    level 4: 4 / 256
    level 5: 4 / 1024

[F2: enable fetch timing]

---
=== HOLLOWS ENGINE ===
FPS: 31 | Pixel: 31.0ms | Input: 0.000ms | Texture: 0.961ms
Camera: [0.00, 0.08, 3.31]

--- DATA (valid / total) ---
  Bool               2 / 2
  Int                6 / 6
  I64                2 / 2
  F32                5 / 5
  F64                2 / 2
  CString            6 / 6
  Vec3               1 / 1
  Vertex             29162 / 29162
  Vertex_Cache       29162 / 29162
  Debug_Stats        1 / 1
  FrameData          1 / 1
  Strings_Builder    1 / 1
  DataPoint          29164 / 29164
  Field              1027 / 1027
  Model              1 / 1
  Face_List          1 / 1
  TOTAL              88544 / 88544

--- FETCHES (edit / copy / set) ---
  Bool               62 / 0 / 0
  Int                24223503 / 0 / 0
  I64                124 / 0 / 0
  F32                62 / 0 / 0
  F64                62 / 0 / 0
  Vec3               187 / 0 / 0
  Debug_Stats        310 / 0 / 0

--- FIELD OCCUPANCY ---
  Field[0] 'field' levels:4 dims:3
    bounds X:[-8.0000,8.0000] Y:[-8.0000,8.0000] Z:[-8.0000,8.0000]
    level 0: 1 / 1 cells occupied
    level 1: 1 / 8 cells occupied
    level 2: 1 / 64 cells occupied
    level 3: 1 / 512 cells occupied
    level 4: 1 / 4096 cells occupied
  Field[1] 'model_field' levels:4 dims:3
    bounds X:[-0.0280,0.0280] Y:[-0.0000,0.1515] Z:[-0.0280,0.0280]
    level 0: 1 / 1 cells occupied
    level 1: 8 / 8 cells occupied
    level 2: 47 / 64 cells occupied
    level 3: 308 / 512 cells occupied
    level 4: 1217 / 4096 cells occupied

  Screen Fields: 1025 total | 5 with occupied cells
  Root SF [2] levels:5 dims:2 bounds X:[0,1280] Y:[0,720]
    level 0: 1 / 1
    level 1: 4 / 4
    level 2: 4 / 16
    level 3: 4 / 64
    level 4: 4 / 256
    level 5: 4 / 1024

[F2: enable fetch timing]

---
=== HOLLOWS ENGINE ===
FPS: 15 | Pixel: 62.4ms | Input: 0.000ms | Texture: 0.969ms
Camera: [0.00, 0.08, 0.38]

--- DATA (valid / total) ---
  Bool               2 / 2
  Int                6 / 6
  I64                2 / 2
  F32                5 / 5
  F64                2 / 2
  CString            6 / 6
  Vec3               1 / 1
  Vertex             29162 / 29162
  Vertex_Cache       29162 / 29162
  Debug_Stats        1 / 1
  FrameData          1 / 1
  Strings_Builder    1 / 1
  DataPoint          29164 / 29164
  Field              1027 / 1027
  Model              1 / 1
  Face_List          1 / 1
  TOTAL              88544 / 88544

--- FETCHES (edit / copy / set) ---
  Bool               43 / 0 / 0
  Int                24302101 / 0 / 0
  I64                86 / 0 / 0
  F32                43 / 0 / 0
  F64                43 / 0 / 0
  Vec3               130 / 0 / 0
  Debug_Stats        215 / 0 / 0

--- FIELD OCCUPANCY ---
  Field[0] 'field' levels:4 dims:3
    bounds X:[-8.0000,8.0000] Y:[-8.0000,8.0000] Z:[-8.0000,8.0000]
    level 0: 1 / 1 cells occupied
    level 1: 1 / 8 cells occupied
    level 2: 1 / 64 cells occupied
    level 3: 1 / 512 cells occupied
    level 4: 1 / 4096 cells occupied
  Field[1] 'model_field' levels:4 dims:3
    bounds X:[-0.0280,0.0280] Y:[-0.0000,0.1515] Z:[-0.0280,0.0280]
    level 0: 1 / 1 cells occupied
    level 1: 8 / 8 cells occupied
    level 2: 47 / 64 cells occupied
    level 3: 308 / 512 cells occupied
    level 4: 1217 / 4096 cells occupied

  Screen Fields: 1025 total | 31 with occupied cells
  Root SF [2] levels:5 dims:2 bounds X:[0,1280] Y:[0,720]
    level 0: 1 / 1
    level 1: 4 / 4
    level 2: 4 / 16
    level 3: 8 / 64
    level 4: 12 / 256
    level 5: 30 / 1024

[F2: enable fetch timing]

---
=== HOLLOWS ENGINE ===
FPS: 15 | Pixel: 62.1ms | Input: 0.000ms | Texture: 0.962ms
Camera: [0.00, 0.08, 0.38]

--- DATA (valid / total) ---
  Bool               2 / 2
  Int                6 / 6
  I64                2 / 2
  F32                5 / 5
  F64                2 / 2
  CString            6 / 6
  Vec3               1 / 1
  Vertex             29162 / 29162
  Vertex_Cache       29162 / 29162
  Debug_Stats        1 / 1
  FrameData          1 / 1
  Strings_Builder    1 / 1
  DataPoint          29164 / 29164
  Field              1027 / 1027
  Model              1 / 1
  Face_List          1 / 1
  TOTAL              88544 / 88544

--- FETCHES (edit / copy / set) ---
  Bool               32 / 0 / 0
  Int                24590849 / 0 / 0
  I64                64 / 0 / 0
  F32                32 / 0 / 0
  F64                32 / 0 / 0
  Vec3               97 / 0 / 0
  Debug_Stats        160 / 0 / 0

--- FIELD OCCUPANCY ---
  Field[0] 'field' levels:4 dims:3
    bounds X:[-8.0000,8.0000] Y:[-8.0000,8.0000] Z:[-8.0000,8.0000]
    level 0: 1 / 1 cells occupied
    level 1: 1 / 8 cells occupied
    level 2: 1 / 64 cells occupied
    level 3: 1 / 512 cells occupied
    level 4: 1 / 4096 cells occupied
  Field[1] 'model_field' levels:4 dims:3
    bounds X:[-0.0280,0.0280] Y:[-0.0000,0.1515] Z:[-0.0280,0.0280]
    level 0: 1 / 1 cells occupied
    level 1: 8 / 8 cells occupied
    level 2: 47 / 64 cells occupied
    level 3: 308 / 512 cells occupied
    level 4: 1217 / 4096 cells occupied

  Screen Fields: 1025 total | 31 with occupied cells
  Root SF [2] levels:5 dims:2 bounds X:[0,1280] Y:[0,720]
    level 0: 1 / 1
    level 1: 4 / 4
    level 2: 4 / 16
    level 3: 8 / 64
    level 4: 12 / 256
    level 5: 30 / 1024

[F2: enable fetch timing]

---
=== HOLLOWS ENGINE ===
FPS: 15 | Pixel: 62.6ms | Input: 0.000ms | Texture: 0.989ms
Camera: [0.00, 0.08, 0.38]

--- DATA (valid / total) ---
  Bool               2 / 2
  Int                6 / 6
  I64                2 / 2
  F32                5 / 5
  F64                2 / 2
  CString            6 / 6
  Vec3               1 / 1
  Vertex             29162 / 29162
  Vertex_Cache       29162 / 29162
  Debug_Stats        1 / 1
  FrameData          1 / 1
  Strings_Builder    1 / 1
  DataPoint          29164 / 29164
  Field              1027 / 1027
  Model              1 / 1
  Face_List          1 / 1
  TOTAL              88544 / 88544

--- FETCHES (edit / copy / set) ---
  Bool               32 / 0 / 0
  Int                24590849 / 0 / 0
  I64                64 / 0 / 0
  F32                32 / 0 / 0
  F64                32 / 0 / 0
  Vec3               97 / 0 / 0
  Debug_Stats        160 / 0 / 0

--- FIELD OCCUPANCY ---
  Field[0] 'field' levels:4 dims:3
    bounds X:[-8.0000,8.0000] Y:[-8.0000,8.0000] Z:[-8.0000,8.0000]
    level 0: 1 / 1 cells occupied
    level 1: 1 / 8 cells occupied
    level 2: 1 / 64 cells occupied
    level 3: 1 / 512 cells occupied
    level 4: 1 / 4096 cells occupied
  Field[1] 'model_field' levels:4 dims:3
    bounds X:[-0.0280,0.0280] Y:[-0.0000,0.1515] Z:[-0.0280,0.0280]
    level 0: 1 / 1 cells occupied
    level 1: 8 / 8 cells occupied
    level 2: 47 / 64 cells occupied
    level 3: 308 / 512 cells occupied
    level 4: 1217 / 4096 cells occupied

  Screen Fields: 1025 total | 31 with occupied cells
  Root SF [2] levels:5 dims:2 bounds X:[0,1280] Y:[0,720]
    level 0: 1 / 1
    level 1: 4 / 4
    level 2: 4 / 16
    level 3: 8 / 64
    level 4: 12 / 256
    level 5: 30 / 1024

[F2: enable fetch timing]

---
=== HOLLOWS ENGINE ===
FPS: 15 | Pixel: 62.4ms | Input: 0.000ms | Texture: 0.994ms
Camera: [0.00, 0.08, 0.38]

--- DATA (valid / total) ---
  Bool               2 / 2
  Int                6 / 6
  I64                2 / 2
  F32                5 / 5
  F64                2 / 2
  CString            6 / 6
  Vec3               1 / 1
  Vertex             29162 / 29162
  Vertex_Cache       29162 / 29162
  Debug_Stats        1 / 1
  FrameData          1 / 1
  Strings_Builder    1 / 1
  DataPoint          29164 / 29164
  Field              1027 / 1027
  Model              1 / 1
  Face_List          1 / 1
  TOTAL              88544 / 88544

--- FETCHES (edit / copy / set) ---
  Bool               30 / 0 / 0
  Int                23053926 / 0 / 0
  I64                60 / 0 / 0
  F32                30 / 0 / 0
  F64                30 / 0 / 0
  CString            2 / 0 / 0
  Vec3               92 / 0 / 0
  Debug_Stats        151 / 0 / 0

--- FIELD OCCUPANCY ---
  Field[0] 'field' levels:4 dims:3
    bounds X:[-8.0000,8.0000] Y:[-8.0000,8.0000] Z:[-8.0000,8.0000]
    level 0: 1 / 1 cells occupied
    level 1: 1 / 8 cells occupied
    level 2: 1 / 64 cells occupied
    level 3: 1 / 512 cells occupied
    level 4: 1 / 4096 cells occupied
  Field[1] 'model_field' levels:4 dims:3
    bounds X:[-0.0280,0.0280] Y:[-0.0000,0.1515] Z:[-0.0280,0.0280]
    level 0: 1 / 1 cells occupied
    level 1: 8 / 8 cells occupied
    level 2: 47 / 64 cells occupied
    level 3: 308 / 512 cells occupied
    level 4: 1217 / 4096 cells occupied

  Screen Fields: 1025 total | 31 with occupied cells
  Root SF [2] levels:5 dims:2 bounds X:[0,1280] Y:[0,720]
    level 0: 1 / 1
    level 1: 4 / 4
    level 2: 4 / 16
    level 3: 8 / 64
    level 4: 12 / 256
    level 5: 30 / 1024

[F2: enable fetch timing]

---
=== HOLLOWS ENGINE ===
FPS: 15 | Pixel: 62.3ms | Input: 0.000ms | Texture: 0.962ms
Camera: [0.00, 0.08, 0.38]

--- DATA (valid / total) ---
  Bool               2 / 2
  Int                6 / 6
  I64                2 / 2
  F32                5 / 5
  F64                2 / 2
  CString            6 / 6
  Vec3               1 / 1
  Vertex             29162 / 29162
  Vertex_Cache       29162 / 29162
  Debug_Stats        1 / 1
  FrameData          1 / 1
  Strings_Builder    1 / 1
  DataPoint          29164 / 29164
  Field              1027 / 1027
  Model              1 / 1
  Face_List          1 / 1
  TOTAL              88544 / 88544

--- FETCHES (edit / copy / set) ---
  Bool               32 / 0 / 0
  Int                24590861 / 0 / 0
  I64                64 / 0 / 0
  F32                32 / 0 / 0
  F64                32 / 0 / 0
  Vec3               97 / 0 / 0
  Debug_Stats        160 / 0 / 0

--- FIELD OCCUPANCY ---
  Field[0] 'field' levels:4 dims:3
    bounds X:[-8.0000,8.0000] Y:[-8.0000,8.0000] Z:[-8.0000,8.0000]
    level 0: 1 / 1 cells occupied
    level 1: 1 / 8 cells occupied
    level 2: 1 / 64 cells occupied
    level 3: 1 / 512 cells occupied
    level 4: 1 / 4096 cells occupied
  Field[1] 'model_field' levels:4 dims:3
    bounds X:[-0.0280,0.0280] Y:[-0.0000,0.1515] Z:[-0.0280,0.0280]
    level 0: 1 / 1 cells occupied
    level 1: 8 / 8 cells occupied
    level 2: 47 / 64 cells occupied
    level 3: 308 / 512 cells occupied
    level 4: 1217 / 4096 cells occupied

  Screen Fields: 1025 total | 31 with occupied cells
  Root SF [2] levels:5 dims:2 bounds X:[0,1280] Y:[0,720]
    level 0: 1 / 1
    level 1: 4 / 4
    level 2: 4 / 16
    level 3: 8 / 64
    level 4: 12 / 256
    level 5: 30 / 1024

[F2: enable fetch timing]

---
=== HOLLOWS ENGINE ===
FPS: 15 | Pixel: 62.1ms | Input: 0.000ms | Texture: 0.964ms
Camera: [0.00, 0.08, 0.38]

--- DATA (valid / total) ---
  Bool               2 / 2
  Int                6 / 6
  I64                2 / 2
  F32                5 / 5
  F64                2 / 2
  CString            6 / 6
  Vec3               1 / 1
  Vertex             29162 / 29162
  Vertex_Cache       29162 / 29162
  Debug_Stats        1 / 1
  FrameData          1 / 1
  Strings_Builder    1 / 1
  DataPoint          29164 / 29164
  Field              1027 / 1027
  Model              1 / 1
  Face_List          1 / 1
  TOTAL              88544 / 88544

--- FETCHES (edit / copy / set) ---
  Bool               32 / 0 / 0
  Int                24590879 / 0 / 0
  I64                64 / 0 / 0
  F32                32 / 0 / 0
  F64                32 / 0 / 0
  Vec3               97 / 0 / 0
  Debug_Stats        160 / 0 / 0

--- FIELD OCCUPANCY ---
  Field[0] 'field' levels:4 dims:3
    bounds X:[-8.0000,8.0000] Y:[-8.0000,8.0000] Z:[-8.0000,8.0000]
    level 0: 1 / 1 cells occupied
    level 1: 1 / 8 cells occupied
    level 2: 1 / 64 cells occupied
    level 3: 1 / 512 cells occupied
    level 4: 1 / 4096 cells occupied
  Field[1] 'model_field' levels:4 dims:3
    bounds X:[-0.0280,0.0280] Y:[-0.0000,0.1515] Z:[-0.0280,0.0280]
    level 0: 1 / 1 cells occupied
    level 1: 8 / 8 cells occupied
    level 2: 47 / 64 cells occupied
    level 3: 308 / 512 cells occupied
    level 4: 1217 / 4096 cells occupied

  Screen Fields: 1025 total | 31 with occupied cells
  Root SF [2] levels:5 dims:2 bounds X:[0,1280] Y:[0,720]
    level 0: 1 / 1
    level 1: 4 / 4
    level 2: 4 / 16
    level 3: 8 / 64
    level 4: 12 / 256
    level 5: 30 / 1024

[F2: enable fetch timing]

---
=== HOLLOWS ENGINE ===
FPS: 4 | Pixel: 231.0ms | Input: 0.001ms | Texture: 0.985ms
Camera: [0.00, 0.08, 0.38]

--- DATA (valid / total) ---
  Bool               2 / 2
  Int                6 / 6
  I64                2 / 2
  F32                5 / 5
  F64                2 / 2
  CString            6 / 6
  Vec3               1 / 1
  Vertex             29162 / 29162
  Vertex_Cache       29162 / 29162
  Debug_Stats        1 / 1
  FrameData          1 / 1
  Strings_Builder    1 / 1
  DataPoint          29164 / 29164
  Field              1027 / 1027
  Model              1 / 1
  Face_List          1 / 1
  TOTAL              88544 / 88544

--- FETCHES (edit / copy / set) ---
  Bool               15 / 0 / 0
  Int                11526976 / 0 / 0
  I64                30 / 0 / 0
  F32                15 / 0 / 0
  F64                15 / 0 / 0
  Vec3               46 / 0 / 0
  Debug_Stats        76 / 0 / 0

--- FIELD OCCUPANCY ---
  Field[0] 'field' levels:4 dims:3
    bounds X:[-8.0000,8.0000] Y:[-8.0000,8.0000] Z:[-8.0000,8.0000]
    level 0: 1 / 1 cells occupied
    level 1: 1 / 8 cells occupied
    level 2: 1 / 64 cells occupied
    level 3: 1 / 512 cells occupied
    level 4: 1 / 4096 cells occupied
  Field[1] 'model_field' levels:4 dims:3
    bounds X:[-0.0280,0.0280] Y:[-0.0000,0.1515] Z:[-0.0280,0.0280]
    level 0: 1 / 1 cells occupied
    level 1: 8 / 8 cells occupied
    level 2: 47 / 64 cells occupied
    level 3: 308 / 512 cells occupied
    level 4: 1217 / 4096 cells occupied

  Screen Fields: 1025 total | 31 with occupied cells
  Root SF [2] levels:5 dims:2 bounds X:[0,1280] Y:[0,720]
    level 0: 1 / 1
    level 1: 4 / 4
    level 2: 4 / 16
    level 3: 8 / 64
    level 4: 12 / 256
    level 5: 30 / 1024

--- FETCH TIMES ns (edit / copy / set) ---
  Bool               1419 / 0 / 0
  Int                571518106 / 0 / 0
  I64                2431 / 0 / 0
  F32                1170 / 0 / 0
  F64                1160 / 0 / 0
  Vec3               3855 / 0 / 0
  Debug_Stats        4232 / 0 / 0

---
=== HOLLOWS ENGINE ===
FPS: 4 | Pixel: 230.9ms | Input: 0.001ms | Texture: 0.980ms
Camera: [0.00, 0.08, 0.38]

--- DATA (valid / total) ---
  Bool               2 / 2
  Int                6 / 6
  I64                2 / 2
  F32                5 / 5
  F64                2 / 2
  CString            6 / 6
  Vec3               1 / 1
  Vertex             29162 / 29162
  Vertex_Cache       29162 / 29162
  Debug_Stats        1 / 1
  FrameData          1 / 1
  Strings_Builder    1 / 1
  DataPoint          29164 / 29164
  Field              1027 / 1027
  Model              1 / 1
  Face_List          1 / 1
  TOTAL              88544 / 88544

--- FETCHES (edit / copy / set) ---
  Bool               9 / 0 / 0
  Int                6916186 / 0 / 0
  I64                18 / 0 / 0
  F32                9 / 0 / 0
  F64                9 / 0 / 0
  Vec3               28 / 0 / 0
  Debug_Stats        45 / 0 / 0

--- FIELD OCCUPANCY ---
  Field[0] 'field' levels:4 dims:3
    bounds X:[-8.0000,8.0000] Y:[-8.0000,8.0000] Z:[-8.0000,8.0000]
    level 0: 1 / 1 cells occupied
    level 1: 1 / 8 cells occupied
    level 2: 1 / 64 cells occupied
    level 3: 1 / 512 cells occupied
    level 4: 1 / 4096 cells occupied
  Field[1] 'model_field' levels:4 dims:3
    bounds X:[-0.0280,0.0280] Y:[-0.0000,0.1515] Z:[-0.0280,0.0280]
    level 0: 1 / 1 cells occupied
    level 1: 8 / 8 cells occupied
    level 2: 47 / 64 cells occupied
    level 3: 308 / 512 cells occupied
    level 4: 1217 / 4096 cells occupied

  Screen Fields: 1025 total | 31 with occupied cells
  Root SF [2] levels:5 dims:2 bounds X:[0,1280] Y:[0,720]
    level 0: 1 / 1
    level 1: 4 / 4
    level 2: 4 / 16
    level 3: 8 / 64
    level 4: 12 / 256
    level 5: 30 / 1024

--- FETCH TIMES ns (edit / copy / set) ---
  Bool               2282 / 0 / 0
  Int                734786439 / 0 / 0
  I64                3159 / 0 / 0
  F32                2268 / 0 / 0
  F64                1626 / 0 / 0
  Vec3               5208 / 0 / 0
  Debug_Stats        5536 / 0 / 0

---
=== HOLLOWS ENGINE ===
FPS: 15 | Pixel: 230.8ms | Input: 0.000ms | Texture: 1.019ms
Camera: [0.00, 0.08, 0.38]

--- DATA (valid / total) ---
  Bool               2 / 2
  Int                6 / 6
  I64                2 / 2
  F32                5 / 5
  F64                2 / 2
  CString            6 / 6
  Vec3               1 / 1
  Vertex             29162 / 29162
  Vertex_Cache       29162 / 29162
  Debug_Stats        1 / 1
  FrameData          1 / 1
  Strings_Builder    1 / 1
  DataPoint          29164 / 29164
  Field              1027 / 1027
  Model              1 / 1
  Face_List          1 / 1
  TOTAL              88544 / 88544

--- FETCHES (edit / copy / set) ---
  Bool               9 / 0 / 0
  Int                6916191 / 0 / 0
  I64                18 / 0 / 0
  F32                9 / 0 / 0
  F64                9 / 0 / 0
  CString            2 / 0 / 0
  Vec3               29 / 0 / 0
  Debug_Stats        47 / 0 / 0

--- FIELD OCCUPANCY ---
  Field[0] 'field' levels:4 dims:3
    bounds X:[-8.0000,8.0000] Y:[-8.0000,8.0000] Z:[-8.0000,8.0000]
    level 0: 1 / 1 cells occupied
    level 1: 1 / 8 cells occupied
    level 2: 1 / 64 cells occupied
    level 3: 1 / 512 cells occupied
    level 4: 1 / 4096 cells occupied
  Field[1] 'model_field' levels:4 dims:3
    bounds X:[-0.0280,0.0280] Y:[-0.0000,0.1515] Z:[-0.0280,0.0280]
    level 0: 1 / 1 cells occupied
    level 1: 8 / 8 cells occupied
    level 2: 47 / 64 cells occupied
    level 3: 308 / 512 cells occupied
    level 4: 1217 / 4096 cells occupied

  Screen Fields: 1025 total | 31 with occupied cells
  Root SF [2] levels:5 dims:2 bounds X:[0,1280] Y:[0,720]
    level 0: 1 / 1
    level 1: 4 / 4
    level 2: 4 / 16
    level 3: 8 / 64
    level 4: 12 / 256
    level 5: 30 / 1024

[F2: enable fetch timing]

---
=== HOLLOWS ENGINE ===
FPS: 15 | Pixel: 62.5ms | Input: 0.000ms | Texture: 0.983ms
Camera: [0.00, 0.08, 0.38]

--- DATA (valid / total) ---
  Bool               2 / 2
  Int                6 / 6
  I64                2 / 2
  F32                5 / 5
  F64                2 / 2
  CString            6 / 6
  Vec3               1 / 1
  Vertex             29162 / 29162
  Vertex_Cache       29162 / 29162
  Debug_Stats        1 / 1
  FrameData          1 / 1
  Strings_Builder    1 / 1
  DataPoint          29164 / 29164
  Field              1027 / 1027
  Model              1 / 1
  Face_List          1 / 1
  TOTAL              88544 / 88544

--- FETCHES (edit / copy / set) ---
  Bool               30 / 0 / 0
  Int                23053956 / 0 / 0
  I64                60 / 0 / 0
  F32                30 / 0 / 0
  F64                30 / 0 / 0
  CString            2 / 0 / 0
  Vec3               92 / 0 / 0
  Debug_Stats        151 / 0 / 0

--- FIELD OCCUPANCY ---
  Field[0] 'field' levels:4 dims:3
    bounds X:[-8.0000,8.0000] Y:[-8.0000,8.0000] Z:[-8.0000,8.0000]
    level 0: 1 / 1 cells occupied
    level 1: 1 / 8 cells occupied
    level 2: 1 / 64 cells occupied
    level 3: 1 / 512 cells occupied
    level 4: 1 / 4096 cells occupied
  Field[1] 'model_field' levels:4 dims:3
    bounds X:[-0.0280,0.0280] Y:[-0.0000,0.1515] Z:[-0.0280,0.0280]
    level 0: 1 / 1 cells occupied
    level 1: 8 / 8 cells occupied
    level 2: 47 / 64 cells occupied
    level 3: 308 / 512 cells occupied
    level 4: 1217 / 4096 cells occupied

  Screen Fields: 1025 total | 31 with occupied cells
  Root SF [2] levels:5 dims:2 bounds X:[0,1280] Y:[0,720]
    level 0: 1 / 1
    level 1: 4 / 4
    level 2: 4 / 16
    level 3: 8 / 64
    level 4: 12 / 256
    level 5: 30 / 1024

[F2: enable fetch timing]

---
=== HOLLOWS ENGINE ===
FPS: 15 | Pixel: 62.4ms | Input: 0.000ms | Texture: 1.010ms
Camera: [0.00, 0.08, 0.38]

--- DATA (valid / total) ---
  Bool               2 / 2
  Int                6 / 6
  I64                2 / 2
  F32                5 / 5
  F64                2 / 2
  CString            6 / 6
  Vec3               1 / 1
  Vertex             29162 / 29162
  Vertex_Cache       29162 / 29162
  Debug_Stats        1 / 1
  FrameData          1 / 1
  Strings_Builder    1 / 1
  DataPoint          29164 / 29164
  Field              1027 / 1027
  Model              1 / 1
  Face_List          1 / 1
  TOTAL              88544 / 88544

--- FETCHES (edit / copy / set) ---
  Bool               32 / 0 / 0
  Int                24590854 / 0 / 0
  I64                64 / 0 / 0
  F32                32 / 0 / 0
  F64                32 / 0 / 0
  Vec3               97 / 0 / 0
  Debug_Stats        160 / 0 / 0

--- FIELD OCCUPANCY ---
  Field[0] 'field' levels:4 dims:3
    bounds X:[-8.0000,8.0000] Y:[-8.0000,8.0000] Z:[-8.0000,8.0000]
    level 0: 1 / 1 cells occupied
    level 1: 1 / 8 cells occupied
    level 2: 1 / 64 cells occupied
    level 3: 1 / 512 cells occupied
    level 4: 1 / 4096 cells occupied
  Field[1] 'model_field' levels:4 dims:3
    bounds X:[-0.0280,0.0280] Y:[-0.0000,0.1515] Z:[-0.0280,0.0280]
    level 0: 1 / 1 cells occupied
    level 1: 8 / 8 cells occupied
    level 2: 47 / 64 cells occupied
    level 3: 308 / 512 cells occupied
    level 4: 1217 / 4096 cells occupied

  Screen Fields: 1025 total | 31 with occupied cells
  Root SF [2] levels:5 dims:2 bounds X:[0,1280] Y:[0,720]
    level 0: 1 / 1
    level 1: 4 / 4
    level 2: 4 / 16
    level 3: 8 / 64
    level 4: 12 / 256
    level 5: 30 / 1024

[F2: enable fetch timing]

---
