=== HOLLOWS ENGINE ===
FPS: 0 | Pixel: 0.0ms | Input: 0.000ms | Texture: 0.000ms
Camera: [0.00, 0.08, 5.03]

--- DATA (valid / total) ---
  Bool               1 / 1
  Int                4 / 4
  I64                2 / 2
  F32                5 / 5
  F64                2 / 2
  CString            6 / 6
  Vec3               1 / 1
  Vertex             29162 / 29162
  Vertex_Cache       29162 / 29162
  Debug_Stats        1 / 1
  FrameData          1 / 1
  Strings_Builder    1 / 1
  DataPoint          29164 / 29164
  Field              2 / 2
  TOTAL              87514 / 87514

--- FETCHES (edit / copy / set) ---
  Int                330966 / 0 / 0
  I64                2 / 0 / 0
  F32                1 / 0 / 0
  F64                1 / 0 / 0
  CString            5 / 0 / 0
  Vec3               330962 / 0 / 0
  Debug_Stats        3 / 0 / 0
  Strings_Builder    1 / 0 / 0
  DataPoint          2 / 0 / 0
  Field              3 / 0 / 0

--- FIELD OCCUPANCY ---
  Field[0] 'field' levels:4
    bounds X:[-8.0000,8.0000] Y:[-8.0000,8.0000] Z:[-8.0000,8.0000]
    level 0: 1 / 1 cells occupied
    level 1: 1 / 8 cells occupied
    level 2: 1 / 64 cells occupied
    level 3: 1 / 512 cells occupied
    level 4: 1 / 4096 cells occupied
  Field[1] 'model_field' levels:4
    bounds X:[-0.0280,0.0280] Y:[-0.0000,0.1515] Z:[-0.0280,0.0280]
    level 0: 1 / 1 cells occupied
    level 1: 8 / 8 cells occupied
    level 2: 47 / 64 cells occupied
    level 3: 308 / 512 cells occupied
    level 4: 1217 / 4096 cells occupied

[F2: enable fetch timing]

---
=== HOLLOWS ENGINE ===
FPS: 90 | Pixel: 10.0ms | Input: 0.000ms | Texture: 1.041ms
Camera: [0.00, 0.08, 5.03]

--- DATA (valid / total) ---
  Bool               1 / 1
  Int                4 / 4
  I64                2 / 2
  F32                5 / 5
  F64                2 / 2
  CString            6 / 6
  Vec3               1 / 1
  Vertex             29162 / 29162
  Vertex_Cache       29162 / 29162
  Debug_Stats        1 / 1
  FrameData          1 / 1
  Strings_Builder    1 / 1
  DataPoint          29164 / 29164
  Field              2 / 2
  TOTAL              87514 / 87514

--- FETCHES (edit / copy / set) ---
  Int                25318288 / 0 / 0
  I64                306 / 0 / 0
  F32                153 / 0 / 0
  F64                153 / 0 / 0
  Vec3               25318594 / 0 / 0
  Debug_Stats        765 / 0 / 0

--- FIELD OCCUPANCY ---
  Field[0] 'field' levels:4
    bounds X:[-8.0000,8.0000] Y:[-8.0000,8.0000] Z:[-8.0000,8.0000]
    level 0: 1 / 1 cells occupied
    level 1: 1 / 8 cells occupied
    level 2: 1 / 64 cells occupied
    level 3: 1 / 512 cells occupied
    level 4: 1 / 4096 cells occupied
  Field[1] 'model_field' levels:4
    bounds X:[-0.0280,0.0280] Y:[-0.0000,0.1515] Z:[-0.0280,0.0280]
    level 0: 1 / 1 cells occupied
    level 1: 8 / 8 cells occupied
    level 2: 47 / 64 cells occupied
    level 3: 308 / 512 cells occupied
    level 4: 1217 / 4096 cells occupied

[F2: enable fetch timing]

---
=== HOLLOWS ENGINE ===
FPS: 6 | Pixel: 160.8ms | Input: 0.000ms | Texture: 0.977ms
Camera: [0.00, 0.08, 0.07]

--- DATA (valid / total) ---
  Bool               1 / 1
  Int                4 / 4
  I64                2 / 2
  F32                5 / 5
  F64                2 / 2
  CString            6 / 6
  Vec3               1 / 1
  Vertex             29162 / 29162
  Vertex_Cache       29162 / 29162
  Debug_Stats        1 / 1
  FrameData          1 / 1
  Strings_Builder    1 / 1
  DataPoint          29164 / 29164
  Field              2 / 2
  TOTAL              87514 / 87514

--- FETCHES (edit / copy / set) ---
  Int                21142236 / 0 / 0
  I64                236 / 0 / 0
  F32                118 / 0 / 0
  F64                118 / 0 / 0
  Vec3               21142472 / 0 / 0
  Debug_Stats        590 / 0 / 0

--- FIELD OCCUPANCY ---
  Field[0] 'field' levels:4
    bounds X:[-8.0000,8.0000] Y:[-8.0000,8.0000] Z:[-8.0000,8.0000]
    level 0: 1 / 1 cells occupied
    level 1: 1 / 8 cells occupied
    level 2: 1 / 64 cells occupied
    level 3: 1 / 512 cells occupied
    level 4: 1 / 4096 cells occupied
  Field[1] 'model_field' levels:4
    bounds X:[-0.0280,0.0280] Y:[-0.0000,0.1515] Z:[-0.0280,0.0280]
    level 0: 1 / 1 cells occupied
    level 1: 8 / 8 cells occupied
    level 2: 47 / 64 cells occupied
    level 3: 308 / 512 cells occupied
    level 4: 1217 / 4096 cells occupied

[F2: enable fetch timing]

---
=== HOLLOWS ENGINE ===
FPS: 3 | Pixel: 296.1ms | Input: 0.000ms | Texture: 0.970ms
Camera: [0.00, 0.08, 0.10]

--- DATA (valid / total) ---
  Bool               1 / 1
  Int                4 / 4
  I64                2 / 2
  F32                5 / 5
  F64                2 / 2
  CString            6 / 6
  Vec3               1 / 1
  Vertex             29162 / 29162
  Vertex_Cache       29162 / 29162
  Debug_Stats        1 / 1
  FrameData          1 / 1
  Strings_Builder    1 / 1
  DataPoint          29164 / 29164
  Field              2 / 2
  TOTAL              87514 / 87514

--- FETCHES (edit / copy / set) ---
  Int                14254561 / 0 / 0
  I64                146 / 0 / 0
  F32                73 / 0 / 0
  F64                73 / 0 / 0
  Vec3               14254707 / 0 / 0
  Debug_Stats        365 / 0 / 0

--- FIELD OCCUPANCY ---
  Field[0] 'field' levels:4
    bounds X:[-8.0000,8.0000] Y:[-8.0000,8.0000] Z:[-8.0000,8.0000]
    level 0: 1 / 1 cells occupied
    level 1: 1 / 8 cells occupied
    level 2: 1 / 64 cells occupied
    level 3: 1 / 512 cells occupied
    level 4: 1 / 4096 cells occupied
  Field[1] 'model_field' levels:4
    bounds X:[-0.0280,0.0280] Y:[-0.0000,0.1515] Z:[-0.0280,0.0280]
    level 0: 1 / 1 cells occupied
    level 1: 8 / 8 cells occupied
    level 2: 47 / 64 cells occupied
    level 3: 308 / 512 cells occupied
    level 4: 1217 / 4096 cells occupied

[F2: enable fetch timing]

---
=== HOLLOWS ENGINE ===
FPS: 3 | Pixel: 293.1ms | Input: 0.000ms | Texture: 0.971ms
Camera: [0.00, 0.08, 0.10]

--- DATA (valid / total) ---
  Bool               1 / 1
  Int                4 / 4
  I64                2 / 2
  F32                5 / 5
  F64                2 / 2
  CString            6 / 6
  Vec3               1 / 1
  Vertex             29162 / 29162
  Vertex_Cache       29162 / 29162
  Debug_Stats        1 / 1
  FrameData          1 / 1
  Strings_Builder    1 / 1
  DataPoint          29164 / 29164
  Field              2 / 2
  TOTAL              87514 / 87514

--- FETCHES (edit / copy / set) ---
  Int                4899273 / 0 / 0
  I64                14 / 0 / 0
  F32                7 / 0 / 0
  F64                7 / 0 / 0
  Vec3               4899287 / 0 / 0
  Debug_Stats        35 / 0 / 0

--- FIELD OCCUPANCY ---
  Field[0] 'field' levels:4
    bounds X:[-8.0000,8.0000] Y:[-8.0000,8.0000] Z:[-8.0000,8.0000]
    level 0: 1 / 1 cells occupied
    level 1: 1 / 8 cells occupied
    level 2: 1 / 64 cells occupied
    level 3: 1 / 512 cells occupied
    level 4: 1 / 4096 cells occupied
  Field[1] 'model_field' levels:4
    bounds X:[-0.0280,0.0280] Y:[-0.0000,0.1515] Z:[-0.0280,0.0280]
    level 0: 1 / 1 cells occupied
    level 1: 8 / 8 cells occupied
    level 2: 47 / 64 cells occupied
    level 3: 308 / 512 cells occupied
    level 4: 1217 / 4096 cells occupied

[F2: enable fetch timing]

---
=== HOLLOWS ENGINE ===
FPS: 62 | Pixel: 13.9ms | Input: 0.001ms | Texture: 1.118ms
Camera: [0.00, 0.08, 0.82]

--- DATA (valid / total) ---
  Bool               1 / 1
  Int                4 / 4
  I64                2 / 2
  F32                5 / 5
  F64                2 / 2
  CString            6 / 6
  Vec3               1 / 1
  Vertex             29162 / 29162
  Vertex_Cache       29162 / 29162
  Debug_Stats        1 / 1
  FrameData          1 / 1
  Strings_Builder    1 / 1
  DataPoint          29164 / 29164
  Field              2 / 2
  TOTAL              87514 / 87514

--- FETCHES (edit / copy / set) ---
  Int                21427793 / 0 / 0
  I64                254 / 0 / 0
  F32                127 / 0 / 0
  F64                127 / 0 / 0
  Vec3               21428047 / 0 / 0
  Debug_Stats        635 / 0 / 0

--- FIELD OCCUPANCY ---
  Field[0] 'field' levels:4
    bounds X:[-8.0000,8.0000] Y:[-8.0000,8.0000] Z:[-8.0000,8.0000]
    level 0: 1 / 1 cells occupied
    level 1: 1 / 8 cells occupied
    level 2: 1 / 64 cells occupied
    level 3: 1 / 512 cells occupied
    level 4: 1 / 4096 cells occupied
  Field[1] 'model_field' levels:4
    bounds X:[-0.0280,0.0280] Y:[-0.0000,0.1515] Z:[-0.0280,0.0280]
    level 0: 1 / 1 cells occupied
    level 1: 8 / 8 cells occupied
    level 2: 47 / 64 cells occupied
    level 3: 308 / 512 cells occupied
    level 4: 1217 / 4096 cells occupied

[F2: enable fetch timing]

---
=== HOLLOWS ENGINE ===
FPS: 5 | Pixel: 183.6ms | Input: 0.000ms | Texture: 0.988ms
Camera: [0.00, 0.08, 0.08]

--- DATA (valid / total) ---
  Bool               1 / 1
  Int                4 / 4
  I64                2 / 2
  F32                5 / 5
  F64                2 / 2
  CString            6 / 6
  Vec3               1 / 1
  Vertex             29162 / 29162
  Vertex_Cache       29162 / 29162
  Debug_Stats        1 / 1
  FrameData          1 / 1
  Strings_Builder    1 / 1
  DataPoint          29164 / 29164
  Field              2 / 2
  TOTAL              87514 / 87514

--- FETCHES (edit / copy / set) ---
  Int                9601031 / 0 / 0
  I64                50 / 0 / 0
  F32                25 / 0 / 0
  F64                25 / 0 / 0
  Vec3               9601081 / 0 / 0
  Debug_Stats        125 / 0 / 0

--- FIELD OCCUPANCY ---
  Field[0] 'field' levels:4
    bounds X:[-8.0000,8.0000] Y:[-8.0000,8.0000] Z:[-8.0000,8.0000]
    level 0: 1 / 1 cells occupied
    level 1: 1 / 8 cells occupied
    level 2: 1 / 64 cells occupied
    level 3: 1 / 512 cells occupied
    level 4: 1 / 4096 cells occupied
  Field[1] 'model_field' levels:4
    bounds X:[-0.0280,0.0280] Y:[-0.0000,0.1515] Z:[-0.0280,0.0280]
    level 0: 1 / 1 cells occupied
    level 1: 8 / 8 cells occupied
    level 2: 47 / 64 cells occupied
    level 3: 308 / 512 cells occupied
    level 4: 1217 / 4096 cells occupied

[F2: enable fetch timing]

---
=== HOLLOWS ENGINE ===
FPS: 26 | Pixel: 9.7ms | Input: 0.001ms | Texture: 0.944ms
Camera: [0.00, 0.08, 1.54]

--- DATA (valid / total) ---
  Bool               1 / 1
  Int                4 / 4
  I64                2 / 2
  F32                5 / 5
  F64                2 / 2
  CString            6 / 6
  Vec3               1 / 1
  Vertex             29162 / 29162
  Vertex_Cache       29162 / 29162
  Debug_Stats        1 / 1
  FrameData          1 / 1
  Strings_Builder    1 / 1
  DataPoint          29164 / 29164
  Field              2 / 2
  TOTAL              87514 / 87514

--- FETCHES (edit / copy / set) ---
  Int                14730091 / 0 / 0
  I64                140 / 0 / 0
  F32                70 / 0 / 0
  F64                70 / 0 / 0
  Vec3               14730231 / 0 / 0
  Debug_Stats        350 / 0 / 0

--- FIELD OCCUPANCY ---
  Field[0] 'field' levels:4
    bounds X:[-8.0000,8.0000] Y:[-8.0000,8.0000] Z:[-8.0000,8.0000]
    level 0: 1 / 1 cells occupied
    level 1: 1 / 8 cells occupied
    level 2: 1 / 64 cells occupied
    level 3: 1 / 512 cells occupied
    level 4: 1 / 4096 cells occupied
  Field[1] 'model_field' levels:4
    bounds X:[-0.0280,0.0280] Y:[-0.0000,0.1515] Z:[-0.0280,0.0280]
    level 0: 1 / 1 cells occupied
    level 1: 8 / 8 cells occupied
    level 2: 47 / 64 cells occupied
    level 3: 308 / 512 cells occupied
    level 4: 1217 / 4096 cells occupied

[F2: enable fetch timing]

---
=== HOLLOWS ENGINE ===
FPS: 62 | Pixel: 15.1ms | Input: 0.000ms | Texture: 0.977ms
Camera: [0.00, 0.08, 0.23]

--- DATA (valid / total) ---
  Bool               1 / 1
  Int                4 / 4
  I64                2 / 2
  F32                5 / 5
  F64                2 / 2
  CString            6 / 6
  Vec3               1 / 1
  Vertex             29162 / 29162
  Vertex_Cache       29162 / 29162
  Debug_Stats        1 / 1
  FrameData          1 / 1
  Strings_Builder    1 / 1
  DataPoint          29164 / 29164
  Field              2 / 2
  TOTAL              87514 / 87514

--- FETCHES (edit / copy / set) ---
  Int                23194186 / 0 / 0
  I64                264 / 0 / 0
  F32                132 / 0 / 0
  F64                132 / 0 / 0
  Vec3               23194450 / 0 / 0
  Debug_Stats        660 / 0 / 0

--- FIELD OCCUPANCY ---
  Field[0] 'field' levels:4
    bounds X:[-8.0000,8.0000] Y:[-8.0000,8.0000] Z:[-8.0000,8.0000]
    level 0: 1 / 1 cells occupied
    level 1: 1 / 8 cells occupied
    level 2: 1 / 64 cells occupied
    level 3: 1 / 512 cells occupied
    level 4: 1 / 4096 cells occupied
  Field[1] 'model_field' levels:4
    bounds X:[-0.0280,0.0280] Y:[-0.0000,0.1515] Z:[-0.0280,0.0280]
    level 0: 1 / 1 cells occupied
    level 1: 8 / 8 cells occupied
    level 2: 47 / 64 cells occupied
    level 3: 308 / 512 cells occupied
    level 4: 1217 / 4096 cells occupied

[F2: enable fetch timing]

---
=== HOLLOWS ENGINE ===
FPS: 62 | Pixel: 14.9ms | Input: 0.000ms | Texture: 0.961ms
Camera: [0.00, 0.08, 0.23]

--- DATA (valid / total) ---
  Bool               1 / 1
  Int                4 / 4
  I64                2 / 2
  F32                5 / 5
  F64                2 / 2
  CString            6 / 6
  Vec3               1 / 1
  Vertex             29162 / 29162
  Vertex_Cache       29162 / 29162
  Debug_Stats        1 / 1
  FrameData          1 / 1
  Strings_Builder    1 / 1
  DataPoint          29164 / 29164
  Field              2 / 2
  TOTAL              87514 / 87514

--- FETCHES (edit / copy / set) ---
  Int                21781420 / 0 / 0
  I64                222 / 0 / 0
  F32                111 / 0 / 0
  F64                111 / 0 / 0
  Vec3               21781642 / 0 / 0
  Debug_Stats        555 / 0 / 0

--- FIELD OCCUPANCY ---
  Field[0] 'field' levels:4
    bounds X:[-8.0000,8.0000] Y:[-8.0000,8.0000] Z:[-8.0000,8.0000]
    level 0: 1 / 1 cells occupied
    level 1: 1 / 8 cells occupied
    level 2: 1 / 64 cells occupied
    level 3: 1 / 512 cells occupied
    level 4: 1 / 4096 cells occupied
  Field[1] 'model_field' levels:4
    bounds X:[-0.0280,0.0280] Y:[-0.0000,0.1515] Z:[-0.0280,0.0280]
    level 0: 1 / 1 cells occupied
    level 1: 8 / 8 cells occupied
    level 2: 47 / 64 cells occupied
    level 3: 308 / 512 cells occupied
    level 4: 1217 / 4096 cells occupied

[F2: enable fetch timing]

---
=== HOLLOWS ENGINE ===
FPS: 57 | Pixel: 16.0ms | Input: 0.000ms | Texture: 1.073ms
Camera: [0.00, 0.08, 0.23]

--- DATA (valid / total) ---
  Bool               1 / 1
  Int                4 / 4
  I64                2 / 2
  F32                5 / 5
  F64                2 / 2
  CString            6 / 6
  Vec3               1 / 1
  Vertex             29162 / 29162
  Vertex_Cache       29162 / 29162
  Debug_Stats        1 / 1
  FrameData          1 / 1
  Strings_Builder    1 / 1
  DataPoint          29164 / 29164
  Field              2 / 2
  TOTAL              87514 / 87514

--- FETCHES (edit / copy / set) ---
  Int                20407822 / 0 / 0
  I64                208 / 0 / 0
  F32                104 / 0 / 0
  F64                104 / 0 / 0
  CString            2 / 0 / 0
  Vec3               20408026 / 0 / 0
  Debug_Stats        521 / 0 / 0

--- FIELD OCCUPANCY ---
  Field[0] 'field' levels:4
    bounds X:[-8.0000,8.0000] Y:[-8.0000,8.0000] Z:[-8.0000,8.0000]
    level 0: 1 / 1 cells occupied
    level 1: 1 / 8 cells occupied
    level 2: 1 / 64 cells occupied
    level 3: 1 / 512 cells occupied
    level 4: 1 / 4096 cells occupied
  Field[1] 'model_field' levels:4
    bounds X:[-0.0280,0.0280] Y:[-0.0000,0.1515] Z:[-0.0280,0.0280]
    level 0: 1 / 1 cells occupied
    level 1: 8 / 8 cells occupied
    level 2: 47 / 64 cells occupied
    level 3: 308 / 512 cells occupied
    level 4: 1217 / 4096 cells occupied

[F2: enable fetch timing]

---
=== HOLLOWS ENGINE ===
FPS: 59 | Pixel: 15.7ms | Input: 0.000ms | Texture: 0.982ms
Camera: [0.00, 0.08, 0.23]

--- DATA (valid / total) ---
  Bool               1 / 1
  Int                4 / 4
  I64                2 / 2
  F32                5 / 5
  F64                2 / 2
  CString            6 / 6
  Vec3               1 / 1
  Vertex             29162 / 29162
  Vertex_Cache       29162 / 29162
  Debug_Stats        1 / 1
  FrameData          1 / 1
  Strings_Builder    1 / 1
  DataPoint          29164 / 29164
  Field              2 / 2
  TOTAL              87514 / 87514

--- FETCHES (edit / copy / set) ---
  Int                21781420 / 0 / 0
  I64                222 / 0 / 0
  F32                111 / 0 / 0
  F64                111 / 0 / 0
  Vec3               21781642 / 0 / 0
  Debug_Stats        555 / 0 / 0

--- FIELD OCCUPANCY ---
  Field[0] 'field' levels:4
    bounds X:[-8.0000,8.0000] Y:[-8.0000,8.0000] Z:[-8.0000,8.0000]
    level 0: 1 / 1 cells occupied
    level 1: 1 / 8 cells occupied
    level 2: 1 / 64 cells occupied
    level 3: 1 / 512 cells occupied
    level 4: 1 / 4096 cells occupied
  Field[1] 'model_field' levels:4
    bounds X:[-0.0280,0.0280] Y:[-0.0000,0.1515] Z:[-0.0280,0.0280]
    level 0: 1 / 1 cells occupied
    level 1: 8 / 8 cells occupied
    level 2: 47 / 64 cells occupied
    level 3: 308 / 512 cells occupied
    level 4: 1217 / 4096 cells occupied

[F2: enable fetch timing]

---
=== HOLLOWS ENGINE ===
FPS: 25 | Pixel: 15.4ms | Input: 0.001ms | Texture: 0.964ms
Camera: [0.00, 0.08, 0.23]

--- DATA (valid / total) ---
  Bool               1 / 1
  Int                4 / 4
  I64                2 / 2
  F32                5 / 5
  F64                2 / 2
  CString            6 / 6
  Vec3               1 / 1
  Vertex             29162 / 29162
  Vertex_Cache       29162 / 29162
  Debug_Stats        1 / 1
  FrameData          1 / 1
  Strings_Builder    1 / 1
  DataPoint          29164 / 29164
  Field              2 / 2
  TOTAL              87514 / 87514

--- FETCHES (edit / copy / set) ---
  Int                21388962 / 0 / 0
  I64                218 / 0 / 0
  F32                109 / 0 / 0
  F64                109 / 0 / 0
  Vec3               21389180 / 0 / 0
  Debug_Stats        545 / 0 / 0

--- FIELD OCCUPANCY ---
  Field[0] 'field' levels:4
    bounds X:[-8.0000,8.0000] Y:[-8.0000,8.0000] Z:[-8.0000,8.0000]
    level 0: 1 / 1 cells occupied
    level 1: 1 / 8 cells occupied
    level 2: 1 / 64 cells occupied
    level 3: 1 / 512 cells occupied
    level 4: 1 / 4096 cells occupied
  Field[1] 'model_field' levels:4
    bounds X:[-0.0280,0.0280] Y:[-0.0000,0.1515] Z:[-0.0280,0.0280]
    level 0: 1 / 1 cells occupied
    level 1: 8 / 8 cells occupied
    level 2: 47 / 64 cells occupied
    level 3: 308 / 512 cells occupied
    level 4: 1217 / 4096 cells occupied

[F2: enable fetch timing]

---
=== HOLLOWS ENGINE ===
FPS: 60 | Pixel: 15.5ms | Input: 0.000ms | Texture: 0.973ms
Camera: [0.00, 0.08, 0.23]

--- DATA (valid / total) ---
  Bool               1 / 1
  Int                4 / 4
  I64                2 / 2
  F32                5 / 5
  F64                2 / 2
  CString            6 / 6
  Vec3               1 / 1
  Vertex             29162 / 29162
  Vertex_Cache       29162 / 29162
  Debug_Stats        1 / 1
  FrameData          1 / 1
  Strings_Builder    1 / 1
  DataPoint          29164 / 29164
  Field              2 / 2
  TOTAL              87514 / 87514

--- FETCHES (edit / copy / set) ---
  Int                21585263 / 0 / 0
  I64                220 / 0 / 0
  F32                110 / 0 / 0
  F64                110 / 0 / 0
  Vec3               21585411 / 0 / 0
  Debug_Stats        550 / 0 / 0

--- FIELD OCCUPANCY ---
  Field[0] 'field' levels:4
    bounds X:[-8.0000,8.0000] Y:[-8.0000,8.0000] Z:[-8.0000,8.0000]
    level 0: 1 / 1 cells occupied
    level 1: 1 / 8 cells occupied
    level 2: 1 / 64 cells occupied
    level 3: 1 / 512 cells occupied
    level 4: 1 / 4096 cells occupied
  Field[1] 'model_field' levels:4
    bounds X:[-0.0280,0.0280] Y:[-0.0000,0.1515] Z:[-0.0280,0.0280]
    level 0: 1 / 1 cells occupied
    level 1: 8 / 8 cells occupied
    level 2: 47 / 64 cells occupied
    level 3: 308 / 512 cells occupied
    level 4: 1217 / 4096 cells occupied

[F2: enable fetch timing]

---
=== HOLLOWS ENGINE ===
FPS: 9 | Pixel: 102.2ms | Input: 0.001ms | Texture: 0.971ms
Camera: [0.00, 0.08, 0.23]

--- DATA (valid / total) ---
  Bool               1 / 1
  Int                4 / 4
  I64                2 / 2
  F32                5 / 5
  F64                2 / 2
  CString            6 / 6
  Vec3               1 / 1
  Vertex             29162 / 29162
  Vertex_Cache       29162 / 29162
  Debug_Stats        1 / 1
  FrameData          1 / 1
  Strings_Builder    1 / 1
  DataPoint          29164 / 29164
  Field              2 / 2
  TOTAL              87514 / 87514

--- FETCHES (edit / copy / set) ---
  Int                8045431 / 0 / 0
  I64                82 / 0 / 0
  F32                41 / 0 / 0
  F64                41 / 0 / 0
  Vec3               8045472 / 0 / 0
  Debug_Stats        206 / 0 / 0

--- FIELD OCCUPANCY ---
  Field[0] 'field' levels:4
    bounds X:[-8.0000,8.0000] Y:[-8.0000,8.0000] Z:[-8.0000,8.0000]
    level 0: 1 / 1 cells occupied
    level 1: 1 / 8 cells occupied
    level 2: 1 / 64 cells occupied
    level 3: 1 / 512 cells occupied
    level 4: 1 / 4096 cells occupied
  Field[1] 'model_field' levels:4
    bounds X:[-0.0280,0.0280] Y:[-0.0000,0.1515] Z:[-0.0280,0.0280]
    level 0: 1 / 1 cells occupied
    level 1: 8 / 8 cells occupied
    level 2: 47 / 64 cells occupied
    level 3: 308 / 512 cells occupied
    level 4: 1217 / 4096 cells occupied

--- FETCH TIMES ns (edit / copy / set) ---
  Int                316702853 / 0 / 0
  I64                5611 / 0 / 0
  F32                2977 / 0 / 0
  F64                1969 / 0 / 0
  Vec3               316878977 / 0 / 0
  Debug_Stats        9186 / 0 / 0

---
=== HOLLOWS ENGINE ===
FPS: 9 | Pixel: 101.9ms | Input: 0.001ms | Texture: 0.961ms
Camera: [0.00, 0.08, 0.23]

--- DATA (valid / total) ---
  Bool               1 / 1
  Int                4 / 4
  I64                2 / 2
  F32                5 / 5
  F64                2 / 2
  CString            6 / 6
  Vec3               1 / 1
  Vertex             29162 / 29162
  Vertex_Cache       29162 / 29162
  Debug_Stats        1 / 1
  FrameData          1 / 1
  Strings_Builder    1 / 1
  DataPoint          29164 / 29164
  Field              2 / 2
  TOTAL              87514 / 87514

--- FETCHES (edit / copy / set) ---
  Int                3924601 / 0 / 0
  I64                40 / 0 / 0
  F32                20 / 0 / 0
  F64                20 / 0 / 0
  Vec3               3924621 / 0 / 0
  Debug_Stats        100 / 0 / 0

--- FIELD OCCUPANCY ---
  Field[0] 'field' levels:4
    bounds X:[-8.0000,8.0000] Y:[-8.0000,8.0000] Z:[-8.0000,8.0000]
    level 0: 1 / 1 cells occupied
    level 1: 1 / 8 cells occupied
    level 2: 1 / 64 cells occupied
    level 3: 1 / 512 cells occupied
    level 4: 1 / 4096 cells occupied
  Field[1] 'model_field' levels:4
    bounds X:[-0.0280,0.0280] Y:[-0.0000,0.1515] Z:[-0.0280,0.0280]
    level 0: 1 / 1 cells occupied
    level 1: 8 / 8 cells occupied
    level 2: 47 / 64 cells occupied
    level 3: 308 / 512 cells occupied
    level 4: 1217 / 4096 cells occupied

--- FETCH TIMES ns (edit / copy / set) ---
  Int                422694998 / 0 / 0
  I64                8343 / 0 / 0
  F32                4978 / 0 / 0
  F64                2701 / 0 / 0
  Vec3               422793901 / 0 / 0
  Debug_Stats        13247 / 0 / 0

---
=== HOLLOWS ENGINE ===
FPS: 58 | Pixel: 15.8ms | Input: 0.000ms | Texture: 1.058ms
Camera: [0.00, 0.08, 0.23]

--- DATA (valid / total) ---
  Bool               1 / 1
  Int                4 / 4
  I64                2 / 2
  F32                5 / 5
  F64                2 / 2
  CString            6 / 6
  Vec3               1 / 1
  Vertex             29162 / 29162
  Vertex_Cache       29162 / 29162
  Debug_Stats        1 / 1
  FrameData          1 / 1
  Strings_Builder    1 / 1
  DataPoint          29164 / 29164
  Field              2 / 2
  TOTAL              87514 / 87514

--- FETCHES (edit / copy / set) ---
  Int                17856931 / 0 / 0
  I64                182 / 0 / 0
  F32                91 / 0 / 0
  F64                91 / 0 / 0
  Vec3               17857022 / 0 / 0
  Debug_Stats        456 / 0 / 0

--- FIELD OCCUPANCY ---
  Field[0] 'field' levels:4
    bounds X:[-8.0000,8.0000] Y:[-8.0000,8.0000] Z:[-8.0000,8.0000]
    level 0: 1 / 1 cells occupied
    level 1: 1 / 8 cells occupied
    level 2: 1 / 64 cells occupied
    level 3: 1 / 512 cells occupied
    level 4: 1 / 4096 cells occupied
  Field[1] 'model_field' levels:4
    bounds X:[-0.0280,0.0280] Y:[-0.0000,0.1515] Z:[-0.0280,0.0280]
    level 0: 1 / 1 cells occupied
    level 1: 8 / 8 cells occupied
    level 2: 47 / 64 cells occupied
    level 3: 308 / 512 cells occupied
    level 4: 1217 / 4096 cells occupied

[F2: enable fetch timing]

---
=== HOLLOWS ENGINE ===
FPS: 60 | Pixel: 15.6ms | Input: 0.000ms | Texture: 0.974ms
Camera: [0.00, 0.08, 0.23]

--- DATA (valid / total) ---
  Bool               1 / 1
  Int                4 / 4
  I64                2 / 2
  F32                5 / 5
  F64                2 / 2
  CString            6 / 6
  Vec3               1 / 1
  Vertex             29162 / 29162
  Vertex_Cache       29162 / 29162
  Debug_Stats        1 / 1
  FrameData          1 / 1
  Strings_Builder    1 / 1
  DataPoint          29164 / 29164
  Field              2 / 2
  TOTAL              87514 / 87514

--- FETCHES (edit / copy / set) ---
  Int                21192739 / 0 / 0
  I64                216 / 0 / 0
  F32                108 / 0 / 0
  F64                108 / 0 / 0
  Vec3               21192949 / 0 / 0
  Debug_Stats        540 / 0 / 0

--- FIELD OCCUPANCY ---
  Field[0] 'field' levels:4
    bounds X:[-8.0000,8.0000] Y:[-8.0000,8.0000] Z:[-8.0000,8.0000]
    level 0: 1 / 1 cells occupied
    level 1: 1 / 8 cells occupied
    level 2: 1 / 64 cells occupied
    level 3: 1 / 512 cells occupied
    level 4: 1 / 4096 cells occupied
  Field[1] 'model_field' levels:4
    bounds X:[-0.0280,0.0280] Y:[-0.0000,0.1515] Z:[-0.0280,0.0280]
    level 0: 1 / 1 cells occupied
    level 1: 8 / 8 cells occupied
    level 2: 47 / 64 cells occupied
    level 3: 308 / 512 cells occupied
    level 4: 1217 / 4096 cells occupied

[F2: enable fetch timing]

---
=== HOLLOWS ENGINE ===
FPS: 57 | Pixel: 16.2ms | Input: 0.000ms | Texture: 0.991ms
Camera: [0.00, 0.08, 0.23]

--- DATA (valid / total) ---
  Bool               1 / 1
  Int                4 / 4
  I64                2 / 2
  F32                5 / 5
  F64                2 / 2
  CString            6 / 6
  Vec3               1 / 1
  Vertex             29162 / 29162
  Vertex_Cache       29162 / 29162
  Debug_Stats        1 / 1
  FrameData          1 / 1
  Strings_Builder    1 / 1
  DataPoint          29164 / 29164
  Field              2 / 2
  TOTAL              87514 / 87514

--- FETCHES (edit / copy / set) ---
  Int                20800275 / 0 / 0
  I64                212 / 0 / 0
  F32                106 / 0 / 0
  F64                106 / 0 / 0
  Vec3               20800487 / 0 / 0
  Debug_Stats        530 / 0 / 0

--- FIELD OCCUPANCY ---
  Field[0] 'field' levels:4
    bounds X:[-8.0000,8.0000] Y:[-8.0000,8.0000] Z:[-8.0000,8.0000]
    level 0: 1 / 1 cells occupied
    level 1: 1 / 8 cells occupied
    level 2: 1 / 64 cells occupied
    level 3: 1 / 512 cells occupied
    level 4: 1 / 4096 cells occupied
  Field[1] 'model_field' levels:4
    bounds X:[-0.0280,0.0280] Y:[-0.0000,0.1515] Z:[-0.0280,0.0280]
    level 0: 1 / 1 cells occupied
    level 1: 8 / 8 cells occupied
    level 2: 47 / 64 cells occupied
    level 3: 308 / 512 cells occupied
    level 4: 1217 / 4096 cells occupied

[F2: enable fetch timing]

---
=== HOLLOWS ENGINE ===
FPS: 57 | Pixel: 16.5ms | Input: 0.000ms | Texture: 0.967ms
Camera: [0.00, 0.08, 0.23]

--- DATA (valid / total) ---
  Bool               1 / 1
  Int                4 / 4
  I64                2 / 2
  F32                5 / 5
  F64                2 / 2
  CString            6 / 6
  Vec3               1 / 1
  Vertex             29162 / 29162
  Vertex_Cache       29162 / 29162
  Debug_Stats        1 / 1
  FrameData          1 / 1
  Strings_Builder    1 / 1
  DataPoint          29164 / 29164
  Field              2 / 2
  TOTAL              87514 / 87514

--- FETCHES (edit / copy / set) ---
  Int                19034214 / 0 / 0
  I64                194 / 0 / 0
  F32                97 / 0 / 0
  F64                97 / 0 / 0
  Vec3               19034408 / 0 / 0
  Debug_Stats        485 / 0 / 0

--- FIELD OCCUPANCY ---
  Field[0] 'field' levels:4
    bounds X:[-8.0000,8.0000] Y:[-8.0000,8.0000] Z:[-8.0000,8.0000]
    level 0: 1 / 1 cells occupied
    level 1: 1 / 8 cells occupied
    level 2: 1 / 64 cells occupied
    level 3: 1 / 512 cells occupied
    level 4: 1 / 4096 cells occupied
  Field[1] 'model_field' levels:4
    bounds X:[-0.0280,0.0280] Y:[-0.0000,0.1515] Z:[-0.0280,0.0280]
    level 0: 1 / 1 cells occupied
    level 1: 8 / 8 cells occupied
    level 2: 47 / 64 cells occupied
    level 3: 308 / 512 cells occupied
    level 4: 1217 / 4096 cells occupied

[F2: enable fetch timing]

---
=== HOLLOWS ENGINE ===
FPS: 56 | Pixel: 16.9ms | Input: 0.000ms | Texture: 0.988ms
Camera: [0.00, 0.08, 0.23]

--- DATA (valid / total) ---
  Bool               1 / 1
  Int                4 / 4
  I64                2 / 2
  F32                5 / 5
  F64                2 / 2
  CString            6 / 6
  Vec3               1 / 1
  Vertex             29162 / 29162
  Vertex_Cache       29162 / 29162
  Debug_Stats        1 / 1
  FrameData          1 / 1
  Strings_Builder    1 / 1
  DataPoint          29164 / 29164
  Field              2 / 2
  TOTAL              87514 / 87514

--- FETCHES (edit / copy / set) ---
  Int                19230448 / 0 / 0
  I64                196 / 0 / 0
  F32                98 / 0 / 0
  F64                98 / 0 / 0
  CString            2 / 0 / 0
  Vec3               19230640 / 0 / 0
  Debug_Stats        491 / 0 / 0

--- FIELD OCCUPANCY ---
  Field[0] 'field' levels:4
    bounds X:[-8.0000,8.0000] Y:[-8.0000,8.0000] Z:[-8.0000,8.0000]
    level 0: 1 / 1 cells occupied
    level 1: 1 / 8 cells occupied
    level 2: 1 / 64 cells occupied
    level 3: 1 / 512 cells occupied
    level 4: 1 / 4096 cells occupied
  Field[1] 'model_field' levels:4
    bounds X:[-0.0280,0.0280] Y:[-0.0000,0.1515] Z:[-0.0280,0.0280]
    level 0: 1 / 1 cells occupied
    level 1: 8 / 8 cells occupied
    level 2: 47 / 64 cells occupied
    level 3: 308 / 512 cells occupied
    level 4: 1217 / 4096 cells occupied

[F2: enable fetch timing]

---
=== HOLLOWS ENGINE ===
FPS: 57 | Pixel: 16.2ms | Input: 0.000ms | Texture: 0.975ms
Camera: [0.00, 0.08, 0.23]

--- DATA (valid / total) ---
  Bool               1 / 1
  Int                4 / 4
  I64                2 / 2
  F32                5 / 5
  F64                2 / 2
  CString            6 / 6
  Vec3               1 / 1
  Vertex             29162 / 29162
  Vertex_Cache       29162 / 29162
  Debug_Stats        1 / 1
  FrameData          1 / 1
  Strings_Builder    1 / 1
  DataPoint          29164 / 29164
  Field              2 / 2
  TOTAL              87514 / 87514

--- FETCHES (edit / copy / set) ---
  Int                20800275 / 0 / 0
  I64                212 / 0 / 0
  F32                106 / 0 / 0
  F64                106 / 0 / 0
  Vec3               20800487 / 0 / 0
  Debug_Stats        530 / 0 / 0

--- FIELD OCCUPANCY ---
  Field[0] 'field' levels:4
    bounds X:[-8.0000,8.0000] Y:[-8.0000,8.0000] Z:[-8.0000,8.0000]
    level 0: 1 / 1 cells occupied
    level 1: 1 / 8 cells occupied
    level 2: 1 / 64 cells occupied
    level 3: 1 / 512 cells occupied
    level 4: 1 / 4096 cells occupied
  Field[1] 'model_field' levels:4
    bounds X:[-0.0280,0.0280] Y:[-0.0000,0.1515] Z:[-0.0280,0.0280]
    level 0: 1 / 1 cells occupied
    level 1: 8 / 8 cells occupied
    level 2: 47 / 64 cells occupied
    level 3: 308 / 512 cells occupied
    level 4: 1217 / 4096 cells occupied

[F2: enable fetch timing]

---
=== HOLLOWS ENGINE ===
FPS: 87 | Pixel: 10.2ms | Input: 0.000ms | Texture: 0.956ms
Camera: [0.00, 0.08, 1.40]

--- DATA (valid / total) ---
  Bool               1 / 1
  Int                4 / 4
  I64                2 / 2
  F32                5 / 5
  F64                2 / 2
  CString            6 / 6
  Vec3               1 / 1
  Vertex             29162 / 29162
  Vertex_Cache       29162 / 29162
  Debug_Stats        1 / 1
  FrameData          1 / 1
  Strings_Builder    1 / 1
  DataPoint          29164 / 29164
  Field              2 / 2
  TOTAL              87514 / 87514

--- FETCHES (edit / copy / set) ---
  Int                22616416 / 0 / 0
  I64                254 / 0 / 0
  F32                127 / 0 / 0
  F64                127 / 0 / 0
  Vec3               22616670 / 0 / 0
  Debug_Stats        635 / 0 / 0

--- FIELD OCCUPANCY ---
  Field[0] 'field' levels:4
    bounds X:[-8.0000,8.0000] Y:[-8.0000,8.0000] Z:[-8.0000,8.0000]
    level 0: 1 / 1 cells occupied
    level 1: 1 / 8 cells occupied
    level 2: 1 / 64 cells occupied
    level 3: 1 / 512 cells occupied
    level 4: 1 / 4096 cells occupied
  Field[1] 'model_field' levels:4
    bounds X:[-0.0280,0.0280] Y:[-0.0000,0.1515] Z:[-0.0280,0.0280]
    level 0: 1 / 1 cells occupied
    level 1: 8 / 8 cells occupied
    level 2: 47 / 64 cells occupied
    level 3: 308 / 512 cells occupied
    level 4: 1217 / 4096 cells occupied

[F2: enable fetch timing]

---
=== HOLLOWS ENGINE ===
FPS: 2 | Pixel: 389.0ms | Input: 0.000ms | Texture: 0.993ms
Camera: [0.00, 0.08, 0.11]

--- DATA (valid / total) ---
  Bool               1 / 1
  Int                4 / 4
  I64                2 / 2
  F32                5 / 5
  F64                2 / 2
  CString            6 / 6
  Vec3               1 / 1
  Vertex             29162 / 29162
  Vertex_Cache       29162 / 29162
  Debug_Stats        1 / 1
  FrameData          1 / 1
  Strings_Builder    1 / 1
  DataPoint          29164 / 29164
  Field              2 / 2
  TOTAL              87514 / 87514

--- FETCHES (edit / copy / set) ---
  Int                5597398 / 0 / 0
  I64                36 / 0 / 0
  F32                18 / 0 / 0
  F64                18 / 0 / 0
  Vec3               5597434 / 0 / 0
  Debug_Stats        90 / 0 / 0

--- FIELD OCCUPANCY ---
  Field[0] 'field' levels:4
    bounds X:[-8.0000,8.0000] Y:[-8.0000,8.0000] Z:[-8.0000,8.0000]
    level 0: 1 / 1 cells occupied
    level 1: 1 / 8 cells occupied
    level 2: 1 / 64 cells occupied
    level 3: 1 / 512 cells occupied
    level 4: 1 / 4096 cells occupied
  Field[1] 'model_field' levels:4
    bounds X:[-0.0280,0.0280] Y:[-0.0000,0.1515] Z:[-0.0280,0.0280]
    level 0: 1 / 1 cells occupied
    level 1: 8 / 8 cells occupied
    level 2: 47 / 64 cells occupied
    level 3: 308 / 512 cells occupied
    level 4: 1217 / 4096 cells occupied

[F2: enable fetch timing]

---
=== HOLLOWS ENGINE ===
FPS: 21 | Pixel: 9.9ms | Input: 0.001ms | Texture: 0.954ms
Camera: [0.00, 0.08, 2.02]

--- DATA (valid / total) ---
  Bool               1 / 1
  Int                4 / 4
  I64                2 / 2
  F32                5 / 5
  F64                2 / 2
  CString            6 / 6
  Vec3               1 / 1
  Vertex             29162 / 29162
  Vertex_Cache       29162 / 29162
  Debug_Stats        1 / 1
  FrameData          1 / 1
  Strings_Builder    1 / 1
  DataPoint          29164 / 29164
  Field              2 / 2
  TOTAL              87514 / 87514

--- FETCHES (edit / copy / set) ---
  Int                3327072 / 0 / 0
  I64                642 / 0 / 0
  F32                321 / 0 / 0
  F64                321 / 0 / 0
  Vec3               3327714 / 0 / 0
  Debug_Stats        1605 / 0 / 0

--- FIELD OCCUPANCY ---
  Field[0] 'field' levels:4
    bounds X:[-8.0000,8.0000] Y:[-8.0000,8.0000] Z:[-8.0000,8.0000]
    level 0: 1 / 1 cells occupied
    level 1: 1 / 8 cells occupied
    level 2: 1 / 64 cells occupied
    level 3: 1 / 512 cells occupied
    level 4: 1 / 4096 cells occupied
  Field[1] 'model_field' levels:4
    bounds X:[-0.0280,0.0280] Y:[-0.0000,0.1515] Z:[-0.0280,0.0280]
    level 0: 1 / 1 cells occupied
    level 1: 8 / 8 cells occupied
    level 2: 47 / 64 cells occupied
    level 3: 308 / 512 cells occupied
    level 4: 1217 / 4096 cells occupied

[F2: enable fetch timing]

---
=== HOLLOWS ENGINE ===
FPS: 90 | Pixel: 10.2ms | Input: 0.000ms | Texture: 0.964ms
Camera: [0.00, 0.08, 3.30]

--- DATA (valid / total) ---
  Bool               1 / 1
  Int                4 / 4
  I64                2 / 2
  F32                5 / 5
  F64                2 / 2
  CString            6 / 6
  Vec3               1 / 1
  Vertex             29162 / 29162
  Vertex_Cache       29162 / 29162
  Debug_Stats        1 / 1
  FrameData          1 / 1
  Strings_Builder    1 / 1
  DataPoint          29164 / 29164
  Field              2 / 2
  TOTAL              87514 / 87514

--- FETCHES (edit / copy / set) ---
  Int                15663578 / 0 / 0
  I64                174 / 0 / 0
  F32                87 / 0 / 0
  F64                87 / 0 / 0
  Vec3               15663752 / 0 / 0
  Debug_Stats        435 / 0 / 0

--- FIELD OCCUPANCY ---
  Field[0] 'field' levels:4
    bounds X:[-8.0000,8.0000] Y:[-8.0000,8.0000] Z:[-8.0000,8.0000]
    level 0: 1 / 1 cells occupied
    level 1: 1 / 8 cells occupied
    level 2: 1 / 64 cells occupied
    level 3: 1 / 512 cells occupied
    level 4: 1 / 4096 cells occupied
  Field[1] 'model_field' levels:4
    bounds X:[-0.0280,0.0280] Y:[-0.0000,0.1515] Z:[-0.0280,0.0280]
    level 0: 1 / 1 cells occupied
    level 1: 8 / 8 cells occupied
    level 2: 47 / 64 cells occupied
    level 3: 308 / 512 cells occupied
    level 4: 1217 / 4096 cells occupied

[F2: enable fetch timing]

---
=== HOLLOWS ENGINE ===
FPS: 63 | Pixel: 14.9ms | Input: 0.000ms | Texture: 0.956ms
Camera: [0.00, 0.08, 0.24]

--- DATA (valid / total) ---
  Bool               1 / 1
  Int                4 / 4
  I64                2 / 2
  F32                5 / 5
  F64                2 / 2
  CString            6 / 6
  Vec3               1 / 1
  Vertex             29162 / 29162
  Vertex_Cache       29162 / 29162
  Debug_Stats        1 / 1
  FrameData          1 / 1
  Strings_Builder    1 / 1
  DataPoint          29164 / 29164
  Field              2 / 2
  TOTAL              87514 / 87514

--- FETCHES (edit / copy / set) ---
  Int                24389334 / 0 / 0
  I64                292 / 0 / 0
  F32                146 / 0 / 0
  F64                146 / 0 / 0
  Vec3               24389626 / 0 / 0
  Debug_Stats        730 / 0 / 0

--- FIELD OCCUPANCY ---
  Field[0] 'field' levels:4
    bounds X:[-8.0000,8.0000] Y:[-8.0000,8.0000] Z:[-8.0000,8.0000]
    level 0: 1 / 1 cells occupied
    level 1: 1 / 8 cells occupied
    level 2: 1 / 64 cells occupied
    level 3: 1 / 512 cells occupied
    level 4: 1 / 4096 cells occupied
  Field[1] 'model_field' levels:4
    bounds X:[-0.0280,0.0280] Y:[-0.0000,0.1515] Z:[-0.0280,0.0280]
    level 0: 1 / 1 cells occupied
    level 1: 8 / 8 cells occupied
    level 2: 47 / 64 cells occupied
    level 3: 308 / 512 cells occupied
    level 4: 1217 / 4096 cells occupied

[F2: enable fetch timing]

---
=== HOLLOWS ENGINE ===
FPS: 6 | Pixel: 152.9ms | Input: 0.000ms | Texture: 0.997ms
Camera: [0.00, 0.08, 0.02]

--- DATA (valid / total) ---
  Bool               1 / 1
  Int                4 / 4
  I64                2 / 2
  F32                5 / 5
  F64                2 / 2
  CString            6 / 6
  Vec3               1 / 1
  Vertex             29162 / 29162
  Vertex_Cache       29162 / 29162
  Debug_Stats        1 / 1
  FrameData          1 / 1
  Strings_Builder    1 / 1
  DataPoint          29164 / 29164
  Field              2 / 2
  TOTAL              87514 / 87514

--- FETCHES (edit / copy / set) ---
  Int                18835047 / 0 / 0
  I64                166 / 0 / 0
  F32                83 / 0 / 0
  F64                83 / 0 / 0
  Vec3               18835213 / 0 / 0
  Debug_Stats        415 / 0 / 0

--- FIELD OCCUPANCY ---
  Field[0] 'field' levels:4
    bounds X:[-8.0000,8.0000] Y:[-8.0000,8.0000] Z:[-8.0000,8.0000]
    level 0: 1 / 1 cells occupied
    level 1: 1 / 8 cells occupied
    level 2: 1 / 64 cells occupied
    level 3: 1 / 512 cells occupied
    level 4: 1 / 4096 cells occupied
  Field[1] 'model_field' levels:4
    bounds X:[-0.0280,0.0280] Y:[-0.0000,0.1515] Z:[-0.0280,0.0280]
    level 0: 1 / 1 cells occupied
    level 1: 8 / 8 cells occupied
    level 2: 47 / 64 cells occupied
    level 3: 308 / 512 cells occupied
    level 4: 1217 / 4096 cells occupied

[F2: enable fetch timing]

---
=== HOLLOWS ENGINE ===
FPS: 4 | Pixel: 213.3ms | Input: 0.000ms | Texture: 1.009ms
Camera: [0.00, 0.08, 0.11]

--- DATA (valid / total) ---
  Bool               1 / 1
  Int                4 / 4
  I64                2 / 2
  F32                5 / 5
  F64                2 / 2
  CString            6 / 6
  Vec3               1 / 1
  Vertex             29162 / 29162
  Vertex_Cache       29162 / 29162
  Debug_Stats        1 / 1
  FrameData          1 / 1
  Strings_Builder    1 / 1
  DataPoint          29164 / 29164
  Field              2 / 2
  TOTAL              87514 / 87514

--- FETCHES (edit / copy / set) ---
  Int                17309457 / 0 / 0
  I64                162 / 0 / 0
  F32                81 / 0 / 0
  F64                81 / 0 / 0
  Vec3               17309619 / 0 / 0
  Debug_Stats        405 / 0 / 0

--- FIELD OCCUPANCY ---
  Field[0] 'field' levels:4
    bounds X:[-8.0000,8.0000] Y:[-8.0000,8.0000] Z:[-8.0000,8.0000]
    level 0: 1 / 1 cells occupied
    level 1: 1 / 8 cells occupied
    level 2: 1 / 64 cells occupied
    level 3: 1 / 512 cells occupied
    level 4: 1 / 4096 cells occupied
  Field[1] 'model_field' levels:4
    bounds X:[-0.0280,0.0280] Y:[-0.0000,0.1515] Z:[-0.0280,0.0280]
    level 0: 1 / 1 cells occupied
    level 1: 8 / 8 cells occupied
    level 2: 47 / 64 cells occupied
    level 3: 308 / 512 cells occupied
    level 4: 1217 / 4096 cells occupied

[F2: enable fetch timing]

---
=== HOLLOWS ENGINE ===
FPS: 89 | Pixel: 9.9ms | Input: 0.000ms | Texture: 0.955ms
Camera: [0.00, 0.08, 1.62]

--- DATA (valid / total) ---
  Bool               1 / 1
  Int                4 / 4
  I64                2 / 2
  F32                5 / 5
  F64                2 / 2
  CString            6 / 6
  Vec3               1 / 1
  Vertex             29162 / 29162
  Vertex_Cache       29162 / 29162
  Debug_Stats        1 / 1
  FrameData          1 / 1
  Strings_Builder    1 / 1
  DataPoint          29164 / 29164
  Field              2 / 2
  TOTAL              87514 / 87514

--- FETCHES (edit / copy / set) ---
  Int                8226492 / 0 / 0
  I64                50 / 0 / 0
  F32                25 / 0 / 0
  F64                25 / 0 / 0
  Vec3               8226542 / 0 / 0
  Debug_Stats        125 / 0 / 0

--- FIELD OCCUPANCY ---
  Field[0] 'field' levels:4
    bounds X:[-8.0000,8.0000] Y:[-8.0000,8.0000] Z:[-8.0000,8.0000]
    level 0: 1 / 1 cells occupied
    level 1: 1 / 8 cells occupied
    level 2: 1 / 64 cells occupied
    level 3: 1 / 512 cells occupied
    level 4: 1 / 4096 cells occupied
  Field[1] 'model_field' levels:4
    bounds X:[-0.0280,0.0280] Y:[-0.0000,0.1515] Z:[-0.0280,0.0280]
    level 0: 1 / 1 cells occupied
    level 1: 8 / 8 cells occupied
    level 2: 47 / 64 cells occupied
    level 3: 308 / 512 cells occupied
    level 4: 1217 / 4096 cells occupied

[F2: enable fetch timing]

---
=== HOLLOWS ENGINE ===
FPS: 43 | Pixel: 19.2ms | Input: 0.001ms | Texture: 0.981ms
Camera: [0.00, 0.08, 0.18]

--- DATA (valid / total) ---
  Bool               1 / 1
  Int                4 / 4
  I64                2 / 2
  F32                5 / 5
  F64                2 / 2
  CString            6 / 6
  Vec3               1 / 1
  Vertex             29162 / 29162
  Vertex_Cache       29162 / 29162
  Debug_Stats        1 / 1
  FrameData          1 / 1
  Strings_Builder    1 / 1
  DataPoint          29164 / 29164
  Field              2 / 2
  TOTAL              87514 / 87514

--- FETCHES (edit / copy / set) ---
  Int                22193109 / 0 / 0
  I64                232 / 0 / 0
  F32                116 / 0 / 0
  F64                116 / 0 / 0
  Vec3               22193341 / 0 / 0
  Debug_Stats        580 / 0 / 0

--- FIELD OCCUPANCY ---
  Field[0] 'field' levels:4
    bounds X:[-8.0000,8.0000] Y:[-8.0000,8.0000] Z:[-8.0000,8.0000]
    level 0: 1 / 1 cells occupied
    level 1: 1 / 8 cells occupied
    level 2: 1 / 64 cells occupied
    level 3: 1 / 512 cells occupied
    level 4: 1 / 4096 cells occupied
  Field[1] 'model_field' levels:4
    bounds X:[-0.0280,0.0280] Y:[-0.0000,0.1515] Z:[-0.0280,0.0280]
    level 0: 1 / 1 cells occupied
    level 1: 8 / 8 cells occupied
    level 2: 47 / 64 cells occupied
    level 3: 308 / 512 cells occupied
    level 4: 1217 / 4096 cells occupied

[F2: enable fetch timing]

---
=== HOLLOWS ENGINE ===
FPS: 49 | Pixel: 19.2ms | Input: 0.000ms | Texture: 0.981ms
Camera: [0.00, 0.08, 0.18]

--- DATA (valid / total) ---
  Bool               1 / 1
  Int                4 / 4
  I64                2 / 2
  F32                5 / 5
  F64                2 / 2
  CString            6 / 6
  Vec3               1 / 1
  Vertex             29162 / 29162
  Vertex_Cache       29162 / 29162
  Debug_Stats        1 / 1
  FrameData          1 / 1
  Strings_Builder    1 / 1
  DataPoint          29164 / 29164
  Field              2 / 2
  TOTAL              87514 / 87514

--- FETCHES (edit / copy / set) ---
  Int                20329615 / 0 / 0
  I64                186 / 0 / 0
  F32                93 / 0 / 0
  F64                93 / 0 / 0
  Vec3               20329801 / 0 / 0
  Debug_Stats        465 / 0 / 0

--- FIELD OCCUPANCY ---
  Field[0] 'field' levels:4
    bounds X:[-8.0000,8.0000] Y:[-8.0000,8.0000] Z:[-8.0000,8.0000]
    level 0: 1 / 1 cells occupied
    level 1: 1 / 8 cells occupied
    level 2: 1 / 64 cells occupied
    level 3: 1 / 512 cells occupied
    level 4: 1 / 4096 cells occupied
  Field[1] 'model_field' levels:4
    bounds X:[-0.0280,0.0280] Y:[-0.0000,0.1515] Z:[-0.0280,0.0280]
    level 0: 1 / 1 cells occupied
    level 1: 8 / 8 cells occupied
    level 2: 47 / 64 cells occupied
    level 3: 308 / 512 cells occupied
    level 4: 1217 / 4096 cells occupied

[F2: enable fetch timing]

---
=== HOLLOWS ENGINE ===
FPS: 50 | Pixel: 18.8ms | Input: 0.000ms | Texture: 0.977ms
Camera: [0.00, 0.08, 0.18]

--- DATA (valid / total) ---
  Bool               1 / 1
  Int                4 / 4
  I64                2 / 2
  F32                5 / 5
  F64                2 / 2
  CString            6 / 6
  Vec3               1 / 1
  Vertex             29162 / 29162
  Vertex_Cache       29162 / 29162
  Debug_Stats        1 / 1
  FrameData          1 / 1
  Strings_Builder    1 / 1
  DataPoint          29164 / 29164
  Field              2 / 2
  TOTAL              87514 / 87514

--- FETCHES (edit / copy / set) ---
  Int                18362233 / 0 / 0
  I64                168 / 0 / 0
  F32                84 / 0 / 0
  F64                84 / 0 / 0
  Vec3               18362401 / 0 / 0
  Debug_Stats        420 / 0 / 0

--- FIELD OCCUPANCY ---
  Field[0] 'field' levels:4
    bounds X:[-8.0000,8.0000] Y:[-8.0000,8.0000] Z:[-8.0000,8.0000]
    level 0: 1 / 1 cells occupied
    level 1: 1 / 8 cells occupied
    level 2: 1 / 64 cells occupied
    level 3: 1 / 512 cells occupied
    level 4: 1 / 4096 cells occupied
  Field[1] 'model_field' levels:4
    bounds X:[-0.0280,0.0280] Y:[-0.0000,0.1515] Z:[-0.0280,0.0280]
    level 0: 1 / 1 cells occupied
    level 1: 8 / 8 cells occupied
    level 2: 47 / 64 cells occupied
    level 3: 308 / 512 cells occupied
    level 4: 1217 / 4096 cells occupied

[F2: enable fetch timing]

---
=== HOLLOWS ENGINE ===
FPS: 50 | Pixel: 18.7ms | Input: 0.000ms | Texture: 0.976ms
Camera: [0.00, 0.08, 0.18]

--- DATA (valid / total) ---
  Bool               1 / 1
  Int                4 / 4
  I64                2 / 2
  F32                5 / 5
  F64                2 / 2
  CString            6 / 6
  Vec3               1 / 1
  Vertex             29162 / 29162
  Vertex_Cache       29162 / 29162
  Debug_Stats        1 / 1
  FrameData          1 / 1
  Strings_Builder    1 / 1
  DataPoint          29164 / 29164
  Field              2 / 2
  TOTAL              87514 / 87514

--- FETCHES (edit / copy / set) ---
  Int                19455228 / 0 / 0
  I64                178 / 0 / 0
  F32                89 / 0 / 0
  F64                89 / 0 / 0
  CString            2 / 0 / 0
  Vec3               19455402 / 0 / 0
  Debug_Stats        446 / 0 / 0

--- FIELD OCCUPANCY ---
  Field[0] 'field' levels:4
    bounds X:[-8.0000,8.0000] Y:[-8.0000,8.0000] Z:[-8.0000,8.0000]
    level 0: 1 / 1 cells occupied
    level 1: 1 / 8 cells occupied
    level 2: 1 / 64 cells occupied
    level 3: 1 / 512 cells occupied
    level 4: 1 / 4096 cells occupied
  Field[1] 'model_field' levels:4
    bounds X:[-0.0280,0.0280] Y:[-0.0000,0.1515] Z:[-0.0280,0.0280]
    level 0: 1 / 1 cells occupied
    level 1: 8 / 8 cells occupied
    level 2: 47 / 64 cells occupied
    level 3: 308 / 512 cells occupied
    level 4: 1217 / 4096 cells occupied

[F2: enable fetch timing]

---
=== HOLLOWS ENGINE ===
FPS: 49 | Pixel: 19.2ms | Input: 0.000ms | Texture: 0.988ms
Camera: [0.00, 0.08, 0.18]

--- DATA (valid / total) ---
  Bool               1 / 1
  Int                4 / 4
  I64                2 / 2
  F32                5 / 5
  F64                2 / 2
  CString            6 / 6
  Vec3               1 / 1
  Vertex             29162 / 29162
  Vertex_Cache       29162 / 29162
  Debug_Stats        1 / 1
  FrameData          1 / 1
  Strings_Builder    1 / 1
  DataPoint          29164 / 29164
  Field              2 / 2
  TOTAL              87514 / 87514

--- FETCHES (edit / copy / set) ---
  Int                21204007 / 0 / 0
  I64                194 / 0 / 0
  F32                97 / 0 / 0
  F64                97 / 0 / 0
  Vec3               21204201 / 0 / 0
  Debug_Stats        485 / 0 / 0

--- FIELD OCCUPANCY ---
  Field[0] 'field' levels:4
    bounds X:[-8.0000,8.0000] Y:[-8.0000,8.0000] Z:[-8.0000,8.0000]
    level 0: 1 / 1 cells occupied
    level 1: 1 / 8 cells occupied
    level 2: 1 / 64 cells occupied
    level 3: 1 / 512 cells occupied
    level 4: 1 / 4096 cells occupied
  Field[1] 'model_field' levels:4
    bounds X:[-0.0280,0.0280] Y:[-0.0000,0.1515] Z:[-0.0280,0.0280]
    level 0: 1 / 1 cells occupied
    level 1: 8 / 8 cells occupied
    level 2: 47 / 64 cells occupied
    level 3: 308 / 512 cells occupied
    level 4: 1217 / 4096 cells occupied

[F2: enable fetch timing]

---
