=== HOLLOWS ENGINE ===
FPS: 0 | Pixel: 0.0ms | Input: 0.001ms | Texture: 0.000ms
Camera: [0.00, 0.00, 6.00]

--- DATA (valid / total) ---
  Bool               2 / 2
  Int                6 / 6
  I64                2 / 2
  F32                5 / 5
  F64                2 / 2
  CString            6 / 6
  Vec3               1 / 1
  Vertex             24 / 24
  Vertex_Cache       24 / 24
  Debug_Stats        1 / 1
  FrameData          1 / 1
  Strings_Builder    1 / 1
  DataPoint          26 / 26
  Field              262659 / 262659
  Model              1 / 1
  Face_List          1 / 1
  TOTAL              262762 / 262762

--- FETCHES (edit / copy / set) ---
  Bool               2 / 0 / 0
  Int                14 / 0 / 0
  I64                2 / 0 / 0
  F32                1 / 0 / 0
  F64                1 / 0 / 0
  CString            5 / 0 / 0
  Vec3               4 / 0 / 0
  Debug_Stats        3 / 0 / 0
  Strings_Builder    1 / 0 / 0
  DataPoint          2 / 0 / 0
  Field              2 / 0 / 0

--- FIELD OCCUPANCY ---
  Field[0] 'field' levels:4 dims:3
    bounds X:[-8.0000,8.0000] Y:[-8.0000,8.0000] Z:[-8.0000,8.0000]
    level 0: 1 / 1 cells occupied
    level 1: 1 / 8 cells occupied
    level 2: 1 / 64 cells occupied
    level 3: 1 / 512 cells occupied
    level 4: 1 / 4096 cells occupied
  Field[1] 'model_field' levels:4 dims:3
    bounds X:[-1.0000,1.0000] Y:[-1.0000,1.0000] Z:[-1.0000,1.0000]
    level 0: 1 / 1 cells occupied
    level 1: 8 / 8 cells occupied
    level 2: 64 / 64 cells occupied
    level 3: 512 / 512 cells occupied
    level 4: 1352 / 4096 cells occupied

  Screen Fields: 262657 total | 0 with occupied cells
  Root SF [2] levels:5 dims:2 bounds X:[0,800] Y:[0,600]
    level 0: 0 / 1
    level 1: 0 / 4
    level 2: 0 / 16
    level 3: 0 / 64
    level 4: 0 / 256
    level 5: 0 / 1024

[F2: enable fetch timing]

---
=== HOLLOWS ENGINE ===
FPS: 69 | Pixel: 13.9ms | Input: 0.000ms | Texture: 0.494ms
Camera: [0.00, 0.00, 6.00]

--- DATA (valid / total) ---
  Bool               2 / 2
  Int                6 / 6
  I64                2 / 2
  F32                5 / 5
  F64                2 / 2
  CString            6 / 6
  Vec3               1 / 1
  Vertex             24 / 24
  Vertex_Cache       24 / 24
  Debug_Stats        1 / 1
  FrameData          1 / 1
  Strings_Builder    1 / 1
  DataPoint          26 / 26
  Field              262659 / 262659
  Model              1 / 1
  Face_List          1 / 1
  TOTAL              262762 / 262762

--- FETCHES (edit / copy / set) ---
  Bool               104 / 0 / 0
  Int                313 / 0 / 0
  I64                208 / 0 / 0
  F32                104 / 0 / 0
  F64                104 / 0 / 0
  Vec3               209 / 0 / 0
  Debug_Stats        520 / 0 / 0

--- FIELD OCCUPANCY ---
  Field[0] 'field' levels:4 dims:3
    bounds X:[-8.0000,8.0000] Y:[-8.0000,8.0000] Z:[-8.0000,8.0000]
    level 0: 1 / 1 cells occupied
    level 1: 1 / 8 cells occupied
    level 2: 1 / 64 cells occupied
    level 3: 1 / 512 cells occupied
    level 4: 1 / 4096 cells occupied
  Field[1] 'model_field' levels:4 dims:3
    bounds X:[-1.0000,1.0000] Y:[-1.0000,1.0000] Z:[-1.0000,1.0000]
    level 0: 1 / 1 cells occupied
    level 1: 8 / 8 cells occupied
    level 2: 64 / 64 cells occupied
    level 3: 512 / 512 cells occupied
    level 4: 1352 / 4096 cells occupied

  Screen Fields: 262657 total | 0 with occupied cells
  Root SF [2] levels:5 dims:2 bounds X:[0,800] Y:[0,600]
    level 0: 0 / 1
    level 1: 0 / 4
    level 2: 0 / 16
    level 3: 0 / 64
    level 4: 0 / 256
    level 5: 0 / 1024

[F2: enable fetch timing]

---
=== HOLLOWS ENGINE ===
FPS: 68 | Pixel: 14.1ms | Input: 0.000ms | Texture: 0.494ms
Camera: [0.00, 0.00, 6.00]

--- DATA (valid / total) ---
  Bool               2 / 2
  Int                6 / 6
  I64                2 / 2
  F32                5 / 5
  F64                2 / 2
  CString            6 / 6
  Vec3               1 / 1
  Vertex             24 / 24
  Vertex_Cache       24 / 24
  Debug_Stats        1 / 1
  FrameData          1 / 1
  Strings_Builder    1 / 1
  DataPoint          26 / 26
  Field              262659 / 262659
  Model              1 / 1
  Face_List          1 / 1
  TOTAL              262762 / 262762

--- FETCHES (edit / copy / set) ---
  Bool               76 / 0 / 0
  Int                234 / 0 / 0
  I64                152 / 0 / 0
  F32                76 / 0 / 0
  F64                76 / 0 / 0
  CString            2 / 0 / 0
  Vec3               154 / 0 / 0
  Debug_Stats        381 / 0 / 0

--- FIELD OCCUPANCY ---
  Field[0] 'field' levels:4 dims:3
    bounds X:[-8.0000,8.0000] Y:[-8.0000,8.0000] Z:[-8.0000,8.0000]
    level 0: 1 / 1 cells occupied
    level 1: 1 / 8 cells occupied
    level 2: 1 / 64 cells occupied
    level 3: 1 / 512 cells occupied
    level 4: 1 / 4096 cells occupied
  Field[1] 'model_field' levels:4 dims:3
    bounds X:[-1.0000,1.0000] Y:[-1.0000,1.0000] Z:[-1.0000,1.0000]
    level 0: 1 / 1 cells occupied
    level 1: 8 / 8 cells occupied
    level 2: 64 / 64 cells occupied
    level 3: 512 / 512 cells occupied
    level 4: 1352 / 4096 cells occupied

  Screen Fields: 262657 total | 0 with occupied cells
  Root SF [2] levels:5 dims:2 bounds X:[0,800] Y:[0,600]
    level 0: 0 / 1
    level 1: 0 / 4
    level 2: 0 / 16
    level 3: 0 / 64
    level 4: 0 / 256
    level 5: 0 / 1024

[F2: enable fetch timing]

---
=== HOLLOWS ENGINE ===
FPS: 70 | Pixel: 13.9ms | Input: 0.000ms | Texture: 0.504ms
Camera: [0.00, 0.00, 6.00]

--- DATA (valid / total) ---
  Bool               2 / 2
  Int                6 / 6
  I64                2 / 2
  F32                5 / 5
  F64                2 / 2
  CString            6 / 6
  Vec3               1 / 1
  Vertex             24 / 24
  Vertex_Cache       24 / 24
  Debug_Stats        1 / 1
  FrameData          1 / 1
  Strings_Builder    1 / 1
  DataPoint          26 / 26
  Field              262659 / 262659
  Model              1 / 1
  Face_List          1 / 1
  TOTAL              262762 / 262762

--- FETCHES (edit / copy / set) ---
  Bool               111 / 0 / 0
  Int                334 / 0 / 0
  I64                222 / 0 / 0
  F32                111 / 0 / 0
  F64                111 / 0 / 0
  Vec3               223 / 0 / 0
  Debug_Stats        555 / 0 / 0

--- FIELD OCCUPANCY ---
  Field[0] 'field' levels:4 dims:3
    bounds X:[-8.0000,8.0000] Y:[-8.0000,8.0000] Z:[-8.0000,8.0000]
    level 0: 1 / 1 cells occupied
    level 1: 1 / 8 cells occupied
    level 2: 1 / 64 cells occupied
    level 3: 1 / 512 cells occupied
    level 4: 1 / 4096 cells occupied
  Field[1] 'model_field' levels:4 dims:3
    bounds X:[-1.0000,1.0000] Y:[-1.0000,1.0000] Z:[-1.0000,1.0000]
    level 0: 1 / 1 cells occupied
    level 1: 8 / 8 cells occupied
    level 2: 64 / 64 cells occupied
    level 3: 512 / 512 cells occupied
    level 4: 1352 / 4096 cells occupied

  Screen Fields: 262657 total | 0 with occupied cells
  Root SF [2] levels:5 dims:2 bounds X:[0,800] Y:[0,600]
    level 0: 0 / 1
    level 1: 0 / 4
    level 2: 0 / 16
    level 3: 0 / 64
    level 4: 0 / 256
    level 5: 0 / 1024

[F2: enable fetch timing]

---
=== HOLLOWS ENGINE ===
FPS: 69 | Pixel: 13.8ms | Input: 0.000ms | Texture: 0.496ms
Camera: [0.00, 0.00, 6.00]

--- DATA (valid / total) ---
  Bool               2 / 2
  Int                6 / 6
  I64                2 / 2
  F32                5 / 5
  F64                2 / 2
  CString            6 / 6
  Vec3               1 / 1
  Vertex             24 / 24
  Vertex_Cache       24 / 24
  Debug_Stats        1 / 1
  FrameData          1 / 1
  Strings_Builder    1 / 1
  DataPoint          26 / 26
  Field              262659 / 262659
  Model              1 / 1
  Face_List          1 / 1
  TOTAL              262762 / 262762

--- FETCHES (edit / copy / set) ---
  Bool               109 / 0 / 0
  Int                328 / 0 / 0
  I64                218 / 0 / 0
  F32                109 / 0 / 0
  F64                109 / 0 / 0
  Vec3               219 / 0 / 0
  Debug_Stats        545 / 0 / 0

--- FIELD OCCUPANCY ---
  Field[0] 'field' levels:4 dims:3
    bounds X:[-8.0000,8.0000] Y:[-8.0000,8.0000] Z:[-8.0000,8.0000]
    level 0: 1 / 1 cells occupied
    level 1: 1 / 8 cells occupied
    level 2: 1 / 64 cells occupied
    level 3: 1 / 512 cells occupied
    level 4: 1 / 4096 cells occupied
  Field[1] 'model_field' levels:4 dims:3
    bounds X:[-1.0000,1.0000] Y:[-1.0000,1.0000] Z:[-1.0000,1.0000]
    level 0: 1 / 1 cells occupied
    level 1: 8 / 8 cells occupied
    level 2: 64 / 64 cells occupied
    level 3: 512 / 512 cells occupied
    level 4: 1352 / 4096 cells occupied

  Screen Fields: 262657 total | 0 with occupied cells
  Root SF [2] levels:5 dims:2 bounds X:[0,800] Y:[0,600]
    level 0: 0 / 1
    level 1: 0 / 4
    level 2: 0 / 16
    level 3: 0 / 64
    level 4: 0 / 256
    level 5: 0 / 1024

[F2: enable fetch timing]

---
=== HOLLOWS ENGINE ===
FPS: 68 | Pixel: 13.5ms | Input: 0.000ms | Texture: 0.535ms
Camera: [0.00, 0.00, 6.00]

--- DATA (valid / total) ---
  Bool               2 / 2
  Int                6 / 6
  I64                2 / 2
  F32                5 / 5
  F64                2 / 2
  CString            6 / 6
  Vec3               1 / 1
  Vertex             24 / 24
  Vertex_Cache       24 / 24
  Debug_Stats        1 / 1
  FrameData          1 / 1
  Strings_Builder    1 / 1
  DataPoint          26 / 26
  Field              262659 / 262659
  Model              1 / 1
  Face_List          1 / 1
  TOTAL              262762 / 262762

--- FETCHES (edit / copy / set) ---
  Bool               105 / 0 / 0
  Int                372 / 0 / 0
  I64                210 / 0 / 0
  F32                105 / 0 / 0
  F64                105 / 0 / 0
  Vec3               211 / 0 / 0
  Debug_Stats        525 / 0 / 0

--- FIELD OCCUPANCY ---
  Field[0] 'field' levels:4 dims:3
    bounds X:[-8.0000,8.0000] Y:[-8.0000,8.0000] Z:[-8.0000,8.0000]
    level 0: 1 / 1 cells occupied
    level 1: 1 / 8 cells occupied
    level 2: 1 / 64 cells occupied
    level 3: 1 / 512 cells occupied
    level 4: 1 / 4096 cells occupied
  Field[1] 'model_field' levels:4 dims:3
    bounds X:[-1.0000,1.0000] Y:[-1.0000,1.0000] Z:[-1.0000,1.0000]
    level 0: 1 / 1 cells occupied
    level 1: 8 / 8 cells occupied
    level 2: 64 / 64 cells occupied
    level 3: 512 / 512 cells occupied
    level 4: 1352 / 4096 cells occupied

  Screen Fields: 262657 total | 0 with occupied cells
  Root SF [2] levels:5 dims:2 bounds X:[0,800] Y:[0,600]
    level 0: 0 / 1
    level 1: 0 / 4
    level 2: 0 / 16
    level 3: 0 / 64
    level 4: 0 / 256
    level 5: 0 / 1024

[F2: enable fetch timing]

---
=== HOLLOWS ENGINE ===
FPS: 67 | Pixel: 13.7ms | Input: 0.001ms | Texture: 0.496ms
Camera: [0.00, 0.00, 6.00]

--- DATA (valid / total) ---
  Bool               2 / 2
  Int                6 / 6
  I64                2 / 2
  F32                5 / 5
  F64                2 / 2
  CString            6 / 6
  Vec3               1 / 1
  Vertex             24 / 24
  Vertex_Cache       24 / 24
  Debug_Stats        1 / 1
  FrameData          1 / 1
  Strings_Builder    1 / 1
  DataPoint          26 / 26
  Field              262659 / 262659
  Model              1 / 1
  Face_List          1 / 1
  TOTAL              262762 / 262762

--- FETCHES (edit / copy / set) ---
  Bool               104 / 0 / 0
  Int                417 / 0 / 0
  I64                208 / 0 / 0
  F32                104 / 0 / 0
  F64                104 / 0 / 0
  Vec3               209 / 0 / 0
  Debug_Stats        521 / 0 / 0

--- FIELD OCCUPANCY ---
  Field[0] 'field' levels:4 dims:3
    bounds X:[-8.0000,8.0000] Y:[-8.0000,8.0000] Z:[-8.0000,8.0000]
    level 0: 1 / 1 cells occupied
    level 1: 1 / 8 cells occupied
    level 2: 1 / 64 cells occupied
    level 3: 1 / 512 cells occupied
    level 4: 1 / 4096 cells occupied
  Field[1] 'model_field' levels:4 dims:3
    bounds X:[-1.0000,1.0000] Y:[-1.0000,1.0000] Z:[-1.0000,1.0000]
    level 0: 1 / 1 cells occupied
    level 1: 8 / 8 cells occupied
    level 2: 64 / 64 cells occupied
    level 3: 512 / 512 cells occupied
    level 4: 1352 / 4096 cells occupied

  Screen Fields: 262657 total | 0 with occupied cells
  Root SF [2] levels:5 dims:2 bounds X:[0,800] Y:[0,600]
    level 0: 0 / 1
    level 1: 0 / 4
    level 2: 0 / 16
    level 3: 0 / 64
    level 4: 0 / 256
    level 5: 0 / 1024

--- FETCH TIMES ns (edit / copy / set) ---
  Bool               5569 / 0 / 0
  Int                12207 / 0 / 0
  I64                10136 / 0 / 0
  F32                3675 / 0 / 0
  F64                2849 / 0 / 0
  Vec3               6892 / 0 / 0
  Debug_Stats        13804 / 0 / 0

---
=== HOLLOWS ENGINE ===
FPS: 2 | Pixel: 23.3ms | Input: 0.001ms | Texture: 0.619ms
Camera: [0.00, 0.00, 6.00]

--- DATA (valid / total) ---
  Bool               2 / 2
  Int                6 / 6
  I64                2 / 2
  F32                5 / 5
  F64                2 / 2
  CString            6 / 6
  Vec3               1 / 1
  Vertex             24 / 24
  Vertex_Cache       24 / 24
  Debug_Stats        1 / 1
  FrameData          1 / 1
  Strings_Builder    1 / 1
  DataPoint          26 / 26
  Field              262659 / 262659
  Model              1 / 1
  Face_List          1 / 1
  TOTAL              262762 / 262762

--- FETCHES (edit / copy / set) ---
  Bool               88 / 0 / 0
  Int                358 / 0 / 0
  I64                176 / 0 / 0
  F32                88 / 0 / 0
  F64                88 / 0 / 0
  CString            2 / 0 / 0
  Vec3               178 / 0 / 0
  Debug_Stats        441 / 0 / 0

--- FIELD OCCUPANCY ---
  Field[0] 'field' levels:4 dims:3
    bounds X:[-8.0000,8.0000] Y:[-8.0000,8.0000] Z:[-8.0000,8.0000]
    level 0: 1 / 1 cells occupied
    level 1: 1 / 8 cells occupied
    level 2: 1 / 64 cells occupied
    level 3: 1 / 512 cells occupied
    level 4: 1 / 4096 cells occupied
  Field[1] 'model_field' levels:4 dims:3
    bounds X:[-1.0000,1.0000] Y:[-1.0000,1.0000] Z:[-1.0000,1.0000]
    level 0: 1 / 1 cells occupied
    level 1: 8 / 8 cells occupied
    level 2: 64 / 64 cells occupied
    level 3: 512 / 512 cells occupied
    level 4: 1352 / 4096 cells occupied

  Screen Fields: 262657 total | 0 with occupied cells
  Root SF [2] levels:5 dims:2 bounds X:[0,800] Y:[0,600]
    level 0: 0 / 1
    level 1: 0 / 4
    level 2: 0 / 16
    level 3: 0 / 64
    level 4: 0 / 256
    level 5: 0 / 1024

--- FETCH TIMES ns (edit / copy / set) ---
  Bool               20302 / 0 / 0
  Int                51426 / 0 / 0
  I64                39447 / 0 / 0
  F32                13455 / 0 / 0
  F64                10886 / 0 / 0
  CString            775 / 0 / 0
  Vec3               26891 / 0 / 0
  Debug_Stats        58674 / 0 / 0

---
=== HOLLOWS ENGINE ===
FPS: 67 | Pixel: 13.8ms | Input: 0.000ms | Texture: 0.494ms
Camera: [0.00, 0.00, 6.00]

--- DATA (valid / total) ---
  Bool               2 / 2
  Int                6 / 6
  I64                2 / 2
  F32                5 / 5
  F64                2 / 2
  CString            6 / 6
  Vec3               1 / 1
  Vertex             24 / 24
  Vertex_Cache       24 / 24
  Debug_Stats        1 / 1
  FrameData          1 / 1
  Strings_Builder    1 / 1
  DataPoint          26 / 26
  Field              262659 / 262659
  Model              1 / 1
  Face_List          1 / 1
  TOTAL              262762 / 262762

--- FETCHES (edit / copy / set) ---
  Bool               110 / 0 / 0
  Int                441 / 0 / 0
  I64                220 / 0 / 0
  F32                110 / 0 / 0
  F64                110 / 0 / 0
  Vec3               221 / 0 / 0
  Debug_Stats        551 / 0 / 0

--- FIELD OCCUPANCY ---
  Field[0] 'field' levels:4 dims:3
    bounds X:[-8.0000,8.0000] Y:[-8.0000,8.0000] Z:[-8.0000,8.0000]
    level 0: 1 / 1 cells occupied
    level 1: 1 / 8 cells occupied
    level 2: 1 / 64 cells occupied
    level 3: 1 / 512 cells occupied
    level 4: 1 / 4096 cells occupied
  Field[1] 'model_field' levels:4 dims:3
    bounds X:[-1.0000,1.0000] Y:[-1.0000,1.0000] Z:[-1.0000,1.0000]
    level 0: 1 / 1 cells occupied
    level 1: 8 / 8 cells occupied
    level 2: 64 / 64 cells occupied
    level 3: 512 / 512 cells occupied
    level 4: 1352 / 4096 cells occupied

  Screen Fields: 262657 total | 0 with occupied cells
  Root SF [2] levels:5 dims:2 bounds X:[0,800] Y:[0,600]
    level 0: 0 / 1
    level 1: 0 / 4
    level 2: 0 / 16
    level 3: 0 / 64
    level 4: 0 / 256
    level 5: 0 / 1024

[F2: enable fetch timing]

---
