=== HOLLOWS ENGINE ===
FPS: 0 | Pixel: 0.0ms | Input: 0.001ms | Texture: 0.000ms
Camera: [0.00, 0.08, 5.03]

--- DATA (valid / total) ---
  Bool               2 / 2
  Int                6 / 6
  I64                2 / 2
  F32                5 / 5
  F64                2 / 2
  CString            6 / 6
  Vec3               1 / 1
  Vertex             29162 / 29162
  Vertex_Cache       29162 / 29162
  Debug_Stats        1 / 1
  FrameData          1 / 1
  Strings_Builder    1 / 1
  DataPoint          29164 / 29164
  Field              65795 / 65795
  Model              1 / 1
  Face_List          1 / 1
  TOTAL              153312 / 153312

--- FETCHES (edit / copy / set) ---
  Bool               2 / 0 / 0
  Int                20 / 0 / 0
  I64                2 / 0 / 0
  F32                1 / 0 / 0
  F64                1 / 0 / 0
  CString            5 / 0 / 0
  Vec3               6 / 0 / 0
  Debug_Stats        3 / 0 / 0
  Strings_Builder    1 / 0 / 0
  DataPoint          2 / 0 / 0
  Field              2 / 0 / 0

--- FIELD OCCUPANCY ---
  Field[0] 'field' levels:4 dims:3
    bounds X:[-8.0000,8.0000] Y:[-8.0000,8.0000] Z:[-8.0000,8.0000]
    level 0: 1 / 1 cells occupied
    level 1: 1 / 8 cells occupied
    level 2: 1 / 64 cells occupied
    level 3: 1 / 512 cells occupied
    level 4: 1 / 4096 cells occupied
  Field[1] 'model_field' levels:4 dims:3
    bounds X:[-0.0280,0.0280] Y:[-0.0000,0.1515] Z:[-0.0280,0.0280]
    level 0: 1 / 1 cells occupied
    level 1: 8 / 8 cells occupied
    level 2: 47 / 64 cells occupied
    level 3: 308 / 512 cells occupied
    level 4: 1217 / 4096 cells occupied

  Screen Fields: 65793 total | 20 with occupied cells
  Root SF [2] levels:4 dims:2 bounds X:[0,1280] Y:[0,720]
    level 0: 0 / 1
    level 1: 0 / 4
    level 2: 0 / 16
    level 3: 0 / 64
    level 4: 0 / 256

[F2: enable fetch timing]

---
=== HOLLOWS ENGINE ===
FPS: 15 | Pixel: 66.9ms | Input: 0.001ms | Texture: 1.040ms
Camera: [0.00, 0.08, 0.43]

--- DATA (valid / total) ---
  Bool               2 / 2
  Int                6 / 6
  I64                2 / 2
  F32                5 / 5
  F64                2 / 2
  CString            6 / 6
  Vec3               1 / 1
  Vertex             29162 / 29162
  Vertex_Cache       29162 / 29162
  Debug_Stats        1 / 1
  FrameData          1 / 1
  Strings_Builder    1 / 1
  DataPoint          29164 / 29164
  Field              65795 / 65795
  Model              1 / 1
  Face_List          1 / 1
  TOTAL              153312 / 153312

--- FETCHES (edit / copy / set) ---
  Bool               72 / 0 / 0
  Int                433 / 0 / 0
  I64                144 / 0 / 0
  F32                72 / 0 / 0
  F64                72 / 0 / 0
  Vec3               217 / 0 / 0
  Debug_Stats        360 / 0 / 0

--- FIELD OCCUPANCY ---
  Field[0] 'field' levels:4 dims:3
    bounds X:[-8.0000,8.0000] Y:[-8.0000,8.0000] Z:[-8.0000,8.0000]
    level 0: 1 / 1 cells occupied
    level 1: 1 / 8 cells occupied
    level 2: 1 / 64 cells occupied
    level 3: 1 / 512 cells occupied
    level 4: 1 / 4096 cells occupied
  Field[1] 'model_field' levels:4 dims:3
    bounds X:[-0.0280,0.0280] Y:[-0.0000,0.1515] Z:[-0.0280,0.0280]
    level 0: 1 / 1 cells occupied
    level 1: 8 / 8 cells occupied
    level 2: 47 / 64 cells occupied
    level 3: 308 / 512 cells occupied
    level 4: 1217 / 4096 cells occupied

  Screen Fields: 65793 total | 738 with occupied cells
  Root SF [2] levels:4 dims:2 bounds X:[0,1280] Y:[0,720]
    level 0: 0 / 1
    level 1: 0 / 4
    level 2: 0 / 16
    level 3: 0 / 64
    level 4: 0 / 256

[F2: enable fetch timing]

---
