=== HOLLOWS ENGINE ===
FPS: 0 | Pixel: 0.0ms | Input: 0.000ms | Texture: 0.000ms
Camera: [0.00, 0.08, 5.03]

--- DATA (valid / total) ---
  Bool               1 / 1
  Int                4 / 4
  I64                2 / 2
  F32                5 / 5
  F64                2 / 2
  CString            6 / 6
  Vec3               1 / 1
  Vertex             29162 / 29162
  Vertex_Cache       29162 / 29162
  Debug_Stats        1 / 1
  FrameData          1 / 1
  Strings_Builder    1 / 1
  DataPoint          29164 / 29164
  Field              2 / 2
  TOTAL              87514 / 87514

--- FETCHES (edit / copy / set) ---
  Int                58334 / 0 / 0
  I64                2 / 0 / 0
  F32                1 / 0 / 0
  F64                1 / 0 / 0
  CString            5 / 0 / 0
  Vec3               58330 / 0 / 0
  Debug_Stats        3 / 0 / 0
  Strings_Builder    1 / 0 / 0
  DataPoint          2 / 0 / 0
  Field              3 / 0 / 0

--- FIELD OCCUPANCY ---
  Field[0] 'field' levels:4
    bounds X:[-8.0000,8.0000] Y:[-8.0000,8.0000] Z:[-8.0000,8.0000]
    level 0: 1 / 1 cells occupied
    level 1: 1 / 8 cells occupied
    level 2: 1 / 64 cells occupied
    level 3: 1 / 512 cells occupied
    level 4: 1 / 4096 cells occupied
  Field[1] 'model_field' levels:4
    bounds X:[-0.0280,0.0280] Y:[-0.0000,0.1515] Z:[-0.0280,0.0280]
    level 0: 1 / 1 cells occupied
    level 1: 8 / 8 cells occupied
    level 2: 44 / 64 cells occupied
    level 3: 284 / 512 cells occupied
    level 4: 944 / 4096 cells occupied

[F2: enable fetch timing]

---
=== HOLLOWS ENGINE ===
FPS: 187 | Pixel: 4.3ms | Input: 0.000ms | Texture: 0.946ms
Camera: [0.00, 0.08, 5.03]

--- DATA (valid / total) ---
  Bool               1 / 1
  Int                4 / 4
  I64                2 / 2
  F32                5 / 5
  F64                2 / 2
  CString            6 / 6
  Vec3               1 / 1
  Vertex             29162 / 29162
  Vertex_Cache       29162 / 29162
  Debug_Stats        1 / 1
  FrameData          1 / 1
  Strings_Builder    1 / 1
  DataPoint          29164 / 29164
  Field              2 / 2
  TOTAL              87514 / 87514

--- FETCHES (edit / copy / set) ---
  Int                8544760 / 0 / 0
  I64                586 / 0 / 0
  F32                293 / 0 / 0
  F64                293 / 0 / 0
  Vec3               8545346 / 0 / 0
  Debug_Stats        1465 / 0 / 0

--- FIELD OCCUPANCY ---
  Field[0] 'field' levels:4
    bounds X:[-8.0000,8.0000] Y:[-8.0000,8.0000] Z:[-8.0000,8.0000]
    level 0: 1 / 1 cells occupied
    level 1: 1 / 8 cells occupied
    level 2: 1 / 64 cells occupied
    level 3: 1 / 512 cells occupied
    level 4: 1 / 4096 cells occupied
  Field[1] 'model_field' levels:4
    bounds X:[-0.0280,0.0280] Y:[-0.0000,0.1515] Z:[-0.0280,0.0280]
    level 0: 1 / 1 cells occupied
    level 1: 8 / 8 cells occupied
    level 2: 44 / 64 cells occupied
    level 3: 284 / 512 cells occupied
    level 4: 944 / 4096 cells occupied

[F2: enable fetch timing]

---
=== HOLLOWS ENGINE ===
FPS: 22 | Pixel: 4.2ms | Input: 0.001ms | Texture: 0.941ms
Camera: [0.00, 0.08, 5.03]

--- DATA (valid / total) ---
  Bool               1 / 1
  Int                4 / 4
  I64                2 / 2
  F32                5 / 5
  F64                2 / 2
  CString            6 / 6
  Vec3               1 / 1
  Vertex             29162 / 29162
  Vertex_Cache       29162 / 29162
  Debug_Stats        1 / 1
  FrameData          1 / 1
  Strings_Builder    1 / 1
  DataPoint          29164 / 29164
  Field              2 / 2
  TOTAL              87514 / 87514

--- FETCHES (edit / copy / set) ---
  Int                8457271 / 0 / 0
  I64                580 / 0 / 0
  F32                290 / 0 / 0
  F64                290 / 0 / 0
  Vec3               8457851 / 0 / 0
  Debug_Stats        1450 / 0 / 0

--- FIELD OCCUPANCY ---
  Field[0] 'field' levels:4
    bounds X:[-8.0000,8.0000] Y:[-8.0000,8.0000] Z:[-8.0000,8.0000]
    level 0: 1 / 1 cells occupied
    level 1: 1 / 8 cells occupied
    level 2: 1 / 64 cells occupied
    level 3: 1 / 512 cells occupied
    level 4: 1 / 4096 cells occupied
  Field[1] 'model_field' levels:4
    bounds X:[-0.0280,0.0280] Y:[-0.0000,0.1515] Z:[-0.0280,0.0280]
    level 0: 1 / 1 cells occupied
    level 1: 8 / 8 cells occupied
    level 2: 44 / 64 cells occupied
    level 3: 284 / 512 cells occupied
    level 4: 944 / 4096 cells occupied

[F2: enable fetch timing]

---
=== HOLLOWS ENGINE ===
FPS: 97 | Pixel: 8.2ms | Input: 0.000ms | Texture: 4.670ms
Camera: [0.00, 0.08, 6.83]

--- DATA (valid / total) ---
  Bool               1 / 1
  Int                4 / 4
  I64                2 / 2
  F32                5 / 5
  F64                2 / 2
  CString            6 / 6
  Vec3               1 / 1
  Vertex             29162 / 29162
  Vertex_Cache       29162 / 29162
  Debug_Stats        1 / 1
  FrameData          1 / 1
  Strings_Builder    1 / 1
  DataPoint          29164 / 29164
  Field              2 / 2
  TOTAL              87514 / 87514

--- FETCHES (edit / copy / set) ---
  Int                8165641 / 0 / 0
  I64                560 / 0 / 0
  F32                280 / 0 / 0
  F64                280 / 0 / 0
  Vec3               8166201 / 0 / 0
  Debug_Stats        1400 / 0 / 0

--- FIELD OCCUPANCY ---
  Field[0] 'field' levels:4
    bounds X:[-8.0000,8.0000] Y:[-8.0000,8.0000] Z:[-8.0000,8.0000]
    level 0: 1 / 1 cells occupied
    level 1: 1 / 8 cells occupied
    level 2: 1 / 64 cells occupied
    level 3: 1 / 512 cells occupied
    level 4: 1 / 4096 cells occupied
  Field[1] 'model_field' levels:4
    bounds X:[-0.0280,0.0280] Y:[-0.0000,0.1515] Z:[-0.0280,0.0280]
    level 0: 1 / 1 cells occupied
    level 1: 8 / 8 cells occupied
    level 2: 44 / 64 cells occupied
    level 3: 284 / 512 cells occupied
    level 4: 944 / 4096 cells occupied

[F2: enable fetch timing]

---
=== HOLLOWS ENGINE ===
FPS: 226 | Pixel: 3.3ms | Input: 0.000ms | Texture: 0.939ms
Camera: [0.00, 0.08, -0.16]

--- DATA (valid / total) ---
  Bool               1 / 1
  Int                4 / 4
  I64                2 / 2
  F32                5 / 5
  F64                2 / 2
  CString            6 / 6
  Vec3               1 / 1
  Vertex             29162 / 29162
  Vertex_Cache       29162 / 29162
  Debug_Stats        1 / 1
  FrameData          1 / 1
  Strings_Builder    1 / 1
  DataPoint          29164 / 29164
  Field              2 / 2
  TOTAL              87514 / 87514

--- FETCHES (edit / copy / set) ---
  Int                8602265 / 0 / 0
  I64                602 / 0 / 0
  F32                301 / 0 / 0
  F64                301 / 0 / 0
  Vec3               8602867 / 0 / 0
  Debug_Stats        1505 / 0 / 0

--- FIELD OCCUPANCY ---
  Field[0] 'field' levels:4
    bounds X:[-8.0000,8.0000] Y:[-8.0000,8.0000] Z:[-8.0000,8.0000]
    level 0: 1 / 1 cells occupied
    level 1: 1 / 8 cells occupied
    level 2: 1 / 64 cells occupied
    level 3: 1 / 512 cells occupied
    level 4: 1 / 4096 cells occupied
  Field[1] 'model_field' levels:4
    bounds X:[-0.0280,0.0280] Y:[-0.0000,0.1515] Z:[-0.0280,0.0280]
    level 0: 1 / 1 cells occupied
    level 1: 8 / 8 cells occupied
    level 2: 44 / 64 cells occupied
    level 3: 284 / 512 cells occupied
    level 4: 944 / 4096 cells occupied

[F2: enable fetch timing]

---
=== HOLLOWS ENGINE ===
FPS: 221 | Pixel: 3.5ms | Input: 0.000ms | Texture: 0.946ms
Camera: [0.00, 0.08, -0.03]

--- DATA (valid / total) ---
  Bool               1 / 1
  Int                4 / 4
  I64                2 / 2
  F32                5 / 5
  F64                2 / 2
  CString            6 / 6
  Vec3               1 / 1
  Vertex             29162 / 29162
  Vertex_Cache       29162 / 29162
  Debug_Stats        1 / 1
  FrameData          1 / 1
  Strings_Builder    1 / 1
  DataPoint          29164 / 29164
  Field              2 / 2
  TOTAL              87514 / 87514

--- FETCHES (edit / copy / set) ---
  Int                4442316 / 0 / 0
  I64                588 / 0 / 0
  F32                294 / 0 / 0
  F64                294 / 0 / 0
  Vec3               4442904 / 0 / 0
  Debug_Stats        1470 / 0 / 0

--- FIELD OCCUPANCY ---
  Field[0] 'field' levels:4
    bounds X:[-8.0000,8.0000] Y:[-8.0000,8.0000] Z:[-8.0000,8.0000]
    level 0: 1 / 1 cells occupied
    level 1: 1 / 8 cells occupied
    level 2: 1 / 64 cells occupied
    level 3: 1 / 512 cells occupied
    level 4: 1 / 4096 cells occupied
  Field[1] 'model_field' levels:4
    bounds X:[-0.0280,0.0280] Y:[-0.0000,0.1515] Z:[-0.0280,0.0280]
    level 0: 1 / 1 cells occupied
    level 1: 8 / 8 cells occupied
    level 2: 44 / 64 cells occupied
    level 3: 284 / 512 cells occupied
    level 4: 944 / 4096 cells occupied

[F2: enable fetch timing]

---
=== HOLLOWS ENGINE ===
FPS: 145 | Pixel: 5.0ms | Input: 0.000ms | Texture: 0.943ms
Camera: [0.00, 0.08, 0.40]

--- DATA (valid / total) ---
  Bool               1 / 1
  Int                4 / 4
  I64                2 / 2
  F32                5 / 5
  F64                2 / 2
  CString            6 / 6
  Vec3               1 / 1
  Vertex             29162 / 29162
  Vertex_Cache       29162 / 29162
  Debug_Stats        1 / 1
  FrameData          1 / 1
  Strings_Builder    1 / 1
  DataPoint          29164 / 29164
  Field              2 / 2
  TOTAL              87514 / 87514

--- FETCHES (edit / copy / set) ---
  Int                6535669 / 0 / 0
  I64                522 / 0 / 0
  F32                261 / 0 / 0
  F64                261 / 0 / 0
  Vec3               6536191 / 0 / 0
  Debug_Stats        1305 / 0 / 0

--- FIELD OCCUPANCY ---
  Field[0] 'field' levels:4
    bounds X:[-8.0000,8.0000] Y:[-8.0000,8.0000] Z:[-8.0000,8.0000]
    level 0: 1 / 1 cells occupied
    level 1: 1 / 8 cells occupied
    level 2: 1 / 64 cells occupied
    level 3: 1 / 512 cells occupied
    level 4: 1 / 4096 cells occupied
  Field[1] 'model_field' levels:4
    bounds X:[-0.0280,0.0280] Y:[-0.0000,0.1515] Z:[-0.0280,0.0280]
    level 0: 1 / 1 cells occupied
    level 1: 8 / 8 cells occupied
    level 2: 44 / 64 cells occupied
    level 3: 284 / 512 cells occupied
    level 4: 944 / 4096 cells occupied

[F2: enable fetch timing]

---
=== HOLLOWS ENGINE ===
FPS: 143 | Pixel: 5.0ms | Input: 0.000ms | Texture: 0.959ms
Camera: [0.00, 0.08, 0.40]

--- DATA (valid / total) ---
  Bool               1 / 1
  Int                4 / 4
  I64                2 / 2
  F32                5 / 5
  F64                2 / 2
  CString            6 / 6
  Vec3               1 / 1
  Vertex             29162 / 29162
  Vertex_Cache       29162 / 29162
  Debug_Stats        1 / 1
  FrameData          1 / 1
  Strings_Builder    1 / 1
  DataPoint          29164 / 29164
  Field              2 / 2
  TOTAL              87514 / 87514

--- FETCHES (edit / copy / set) ---
  Int                6561676 / 0 / 0
  I64                450 / 0 / 0
  F32                225 / 0 / 0
  F64                225 / 0 / 0
  Vec3               6562126 / 0 / 0
  Debug_Stats        1125 / 0 / 0

--- FIELD OCCUPANCY ---
  Field[0] 'field' levels:4
    bounds X:[-8.0000,8.0000] Y:[-8.0000,8.0000] Z:[-8.0000,8.0000]
    level 0: 1 / 1 cells occupied
    level 1: 1 / 8 cells occupied
    level 2: 1 / 64 cells occupied
    level 3: 1 / 512 cells occupied
    level 4: 1 / 4096 cells occupied
  Field[1] 'model_field' levels:4
    bounds X:[-0.0280,0.0280] Y:[-0.0000,0.1515] Z:[-0.0280,0.0280]
    level 0: 1 / 1 cells occupied
    level 1: 8 / 8 cells occupied
    level 2: 44 / 64 cells occupied
    level 3: 284 / 512 cells occupied
    level 4: 944 / 4096 cells occupied

[F2: enable fetch timing]

---
=== HOLLOWS ENGINE ===
FPS: 169 | Pixel: 4.9ms | Input: 0.000ms | Texture: 0.952ms
Camera: [0.00, 0.08, 0.40]

--- DATA (valid / total) ---
  Bool               1 / 1
  Int                4 / 4
  I64                2 / 2
  F32                5 / 5
  F64                2 / 2
  CString            6 / 6
  Vec3               1 / 1
  Vertex             29162 / 29162
  Vertex_Cache       29162 / 29162
  Debug_Stats        1 / 1
  FrameData          1 / 1
  Strings_Builder    1 / 1
  DataPoint          29164 / 29164
  Field              2 / 2
  TOTAL              87514 / 87514

--- FETCHES (edit / copy / set) ---
  Int                6445029 / 0 / 0
  I64                442 / 0 / 0
  F32                221 / 0 / 0
  F64                221 / 0 / 0
  CString            2 / 0 / 0
  Vec3               6445467 / 0 / 0
  Debug_Stats        1106 / 0 / 0

--- FIELD OCCUPANCY ---
  Field[0] 'field' levels:4
    bounds X:[-8.0000,8.0000] Y:[-8.0000,8.0000] Z:[-8.0000,8.0000]
    level 0: 1 / 1 cells occupied
    level 1: 1 / 8 cells occupied
    level 2: 1 / 64 cells occupied
    level 3: 1 / 512 cells occupied
    level 4: 1 / 4096 cells occupied
  Field[1] 'model_field' levels:4
    bounds X:[-0.0280,0.0280] Y:[-0.0000,0.1515] Z:[-0.0280,0.0280]
    level 0: 1 / 1 cells occupied
    level 1: 8 / 8 cells occupied
    level 2: 44 / 64 cells occupied
    level 3: 284 / 512 cells occupied
    level 4: 944 / 4096 cells occupied

[F2: enable fetch timing]

---
=== HOLLOWS ENGINE ===
FPS: 133 | Pixel: 6.4ms | Input: 0.000ms | Texture: 1.082ms
Camera: [0.00, 0.08, 0.40]

--- DATA (valid / total) ---
  Bool               1 / 1
  Int                4 / 4
  I64                2 / 2
  F32                5 / 5
  F64                2 / 2
  CString            6 / 6
  Vec3               1 / 1
  Vertex             29162 / 29162
  Vertex_Cache       29162 / 29162
  Debug_Stats        1 / 1
  FrameData          1 / 1
  Strings_Builder    1 / 1
  DataPoint          29164 / 29164
  Field              2 / 2
  TOTAL              87514 / 87514

--- FETCHES (edit / copy / set) ---
  Int                6794980 / 0 / 0
  I64                466 / 0 / 0
  F32                233 / 0 / 0
  F64                233 / 0 / 0
  Vec3               6795446 / 0 / 0
  Debug_Stats        1165 / 0 / 0

--- FIELD OCCUPANCY ---
  Field[0] 'field' levels:4
    bounds X:[-8.0000,8.0000] Y:[-8.0000,8.0000] Z:[-8.0000,8.0000]
    level 0: 1 / 1 cells occupied
    level 1: 1 / 8 cells occupied
    level 2: 1 / 64 cells occupied
    level 3: 1 / 512 cells occupied
    level 4: 1 / 4096 cells occupied
  Field[1] 'model_field' levels:4
    bounds X:[-0.0280,0.0280] Y:[-0.0000,0.1515] Z:[-0.0280,0.0280]
    level 0: 1 / 1 cells occupied
    level 1: 8 / 8 cells occupied
    level 2: 44 / 64 cells occupied
    level 3: 284 / 512 cells occupied
    level 4: 944 / 4096 cells occupied

[F2: enable fetch timing]

---
=== HOLLOWS ENGINE ===
FPS: 144 | Pixel: 5.8ms | Input: 0.000ms | Texture: 0.957ms
Camera: [0.00, 0.08, 0.40]

--- DATA (valid / total) ---
  Bool               1 / 1
  Int                4 / 4
  I64                2 / 2
  F32                5 / 5
  F64                2 / 2
  CString            6 / 6
  Vec3               1 / 1
  Vertex             29162 / 29162
  Vertex_Cache       29162 / 29162
  Debug_Stats        1 / 1
  FrameData          1 / 1
  Strings_Builder    1 / 1
  DataPoint          29164 / 29164
  Field              2 / 2
  TOTAL              87514 / 87514

--- FETCHES (edit / copy / set) ---
  Int                7057447 / 0 / 0
  I64                484 / 0 / 0
  F32                242 / 0 / 0
  F64                242 / 0 / 0
  Vec3               7057931 / 0 / 0
  Debug_Stats        1210 / 0 / 0

--- FIELD OCCUPANCY ---
  Field[0] 'field' levels:4
    bounds X:[-8.0000,8.0000] Y:[-8.0000,8.0000] Z:[-8.0000,8.0000]
    level 0: 1 / 1 cells occupied
    level 1: 1 / 8 cells occupied
    level 2: 1 / 64 cells occupied
    level 3: 1 / 512 cells occupied
    level 4: 1 / 4096 cells occupied
  Field[1] 'model_field' levels:4
    bounds X:[-0.0280,0.0280] Y:[-0.0000,0.1515] Z:[-0.0280,0.0280]
    level 0: 1 / 1 cells occupied
    level 1: 8 / 8 cells occupied
    level 2: 44 / 64 cells occupied
    level 3: 284 / 512 cells occupied
    level 4: 944 / 4096 cells occupied

[F2: enable fetch timing]

---
=== HOLLOWS ENGINE ===
FPS: 152 | Pixel: 5.7ms | Input: 0.000ms | Texture: 0.955ms
Camera: [0.00, 0.08, 0.53]

--- DATA (valid / total) ---
  Bool               1 / 1
  Int                4 / 4
  I64                2 / 2
  F32                5 / 5
  F64                2 / 2
  CString            6 / 6
  Vec3               1 / 1
  Vertex             29162 / 29162
  Vertex_Cache       29162 / 29162
  Debug_Stats        1 / 1
  FrameData          1 / 1
  Strings_Builder    1 / 1
  DataPoint          29164 / 29164
  Field              2 / 2
  TOTAL              87514 / 87514

--- FETCHES (edit / copy / set) ---
  Int                5725138 / 0 / 0
  I64                542 / 0 / 0
  F32                271 / 0 / 0
  F64                271 / 0 / 0
  Vec3               5725680 / 0 / 0
  Debug_Stats        1355 / 0 / 0

--- FIELD OCCUPANCY ---
  Field[0] 'field' levels:4
    bounds X:[-8.0000,8.0000] Y:[-8.0000,8.0000] Z:[-8.0000,8.0000]
    level 0: 1 / 1 cells occupied
    level 1: 1 / 8 cells occupied
    level 2: 1 / 64 cells occupied
    level 3: 1 / 512 cells occupied
    level 4: 1 / 4096 cells occupied
  Field[1] 'model_field' levels:4
    bounds X:[-0.0280,0.0280] Y:[-0.0000,0.1515] Z:[-0.0280,0.0280]
    level 0: 1 / 1 cells occupied
    level 1: 8 / 8 cells occupied
    level 2: 44 / 64 cells occupied
    level 3: 284 / 512 cells occupied
    level 4: 944 / 4096 cells occupied

[F2: enable fetch timing]

---
=== HOLLOWS ENGINE ===
FPS: 66 | Pixel: 7.6ms | Input: 0.001ms | Texture: 0.979ms
Camera: [0.00, 0.08, 0.12]

--- DATA (valid / total) ---
  Bool               1 / 1
  Int                4 / 4
  I64                2 / 2
  F32                5 / 5
  F64                2 / 2
  CString            6 / 6
  Vec3               1 / 1
  Vertex             29162 / 29162
  Vertex_Cache       29162 / 29162
  Debug_Stats        1 / 1
  FrameData          1 / 1
  Strings_Builder    1 / 1
  DataPoint          29164 / 29164
  Field              2 / 2
  TOTAL              87514 / 87514

--- FETCHES (edit / copy / set) ---
  Int                5365998 / 0 / 0
  I64                368 / 0 / 0
  F32                184 / 0 / 0
  F64                184 / 0 / 0
  CString            2 / 0 / 0
  Vec3               5366362 / 0 / 0
  Debug_Stats        921 / 0 / 0

--- FIELD OCCUPANCY ---
  Field[0] 'field' levels:4
    bounds X:[-8.0000,8.0000] Y:[-8.0000,8.0000] Z:[-8.0000,8.0000]
    level 0: 1 / 1 cells occupied
    level 1: 1 / 8 cells occupied
    level 2: 1 / 64 cells occupied
    level 3: 1 / 512 cells occupied
    level 4: 1 / 4096 cells occupied
  Field[1] 'model_field' levels:4
    bounds X:[-0.0280,0.0280] Y:[-0.0000,0.1515] Z:[-0.0280,0.0280]
    level 0: 1 / 1 cells occupied
    level 1: 8 / 8 cells occupied
    level 2: 44 / 64 cells occupied
    level 3: 284 / 512 cells occupied
    level 4: 944 / 4096 cells occupied

[F2: enable fetch timing]

---
