=== HOLLOWS ENGINE ===
FPS: 0 | Pixel: 0.0ms | Input: 0.001ms | Texture: 0.000ms
Camera: [0.00, 0.00, 0.00]

--- DATA (valid / total) ---
  Bool               1 / 1
  Int                4 / 4
  I64                2 / 2
  F32                5 / 5
  F64                2 / 2
  CString            6 / 6
  Vec3               1 / 1
  Texture            1 / 1
  Debug_Stats        1 / 1
  FrameData          1 / 1
  Strings_Builder    1 / 1
  TOTAL              25 / 25

--- FETCHES (edit / copy / set) ---
  Int                10 / 0 / 0
  I64                2 / 0 / 0
  F32                1 / 0 / 0
  F64                1 / 0 / 0
  CString            4 / 0 / 0
  Vec3               3 / 0 / 0
  Texture            3 / 0 / 0
  Debug_Stats        3 / 0 / 0
  Strings_Builder    1 / 0 / 0

--- FIELD OCCUPANCY ---

[F2: enable fetch timing]

---
=== HOLLOWS ENGINE ===
FPS: 1070 | Pixel: 0.4ms | Input: 0.000ms | Texture: 0.525ms
Camera: [0.00, 0.00, 0.00]

--- DATA (valid / total) ---
  Bool               1 / 1
  Int                4 / 4
  I64                2 / 2
  F32                5 / 5
  F64                2 / 2
  CString            6 / 6
  Vec3               1 / 1
  Texture            1 / 1
  Debug_Stats        1 / 1
  FrameData          1 / 1
  Strings_Builder    1 / 1
  TOTAL              25 / 25

--- FETCHES (edit / copy / set) ---
  Int                1760 / 0 / 0
  I64                3518 / 0 / 0
  F32                1759 / 0 / 0
  F64                1759 / 0 / 0
  Vec3               3519 / 0 / 0
  Texture            1759 / 0 / 0
  Debug_Stats        8795 / 0 / 0

--- FIELD OCCUPANCY ---

[F2: enable fetch timing]

---
=== HOLLOWS ENGINE ===
FPS: 1089 | Pixel: 0.4ms | Input: 0.000ms | Texture: 0.515ms
Camera: [0.00, 0.00, 0.00]

--- DATA (valid / total) ---
  Bool               1 / 1
  Int                4 / 4
  I64                2 / 2
  F32                5 / 5
  F64                2 / 2
  CString            6 / 6
  Vec3               1 / 1
  Texture            1 / 1
  Debug_Stats        1 / 1
  FrameData          1 / 1
  Strings_Builder    1 / 1
  TOTAL              25 / 25

--- FETCHES (edit / copy / set) ---
  Int                1847 / 0 / 0
  I64                3692 / 0 / 0
  F32                1846 / 0 / 0
  F64                1846 / 0 / 0
  Vec3               3693 / 0 / 0
  Texture            1846 / 0 / 0
  Debug_Stats        9230 / 0 / 0

--- FIELD OCCUPANCY ---

[F2: enable fetch timing]

---
=== HOLLOWS ENGINE ===
FPS: 89 | Pixel: 0.6ms | Input: 0.001ms | Texture: 2.394ms
Camera: [0.00, 0.00, 0.00]

--- DATA (valid / total) ---
  Bool               1 / 1
  Int                4 / 4
  I64                2 / 2
  F32                5 / 5
  F64                2 / 2
  CString            6 / 6
  Vec3               1 / 1
  Texture            1 / 1
  Debug_Stats        1 / 1
  FrameData          1 / 1
  Strings_Builder    1 / 1
  TOTAL              25 / 25

--- FETCHES (edit / copy / set) ---
  Int                1832 / 0 / 0
  I64                3652 / 0 / 0
  F32                1826 / 0 / 0
  F64                1826 / 0 / 0
  CString            2 / 0 / 0
  Vec3               3654 / 0 / 0
  Texture            1826 / 0 / 0
  Debug_Stats        9131 / 0 / 0

--- FIELD OCCUPANCY ---

[F2: enable fetch timing]

---
