=== HOLLOWS ENGINE ===
FPS: 0 | Pixel: 0.0ms | Input: 0.001ms | Texture: 0.000ms
Camera: [0.00, 0.08, 5.03]

--- DATA (valid / total) ---
  Bool               2 / 2
  Int                6 / 6
  I64                2 / 2
  F32                5 / 5
  F64                2 / 2
  CString            6 / 6
  Vec3               1 / 1
  Vertex             29162 / 29162
  Vertex_Cache       29162 / 29162
  Debug_Stats        1 / 1
  FrameData          1 / 1
  Strings_Builder    1 / 1
  DataPoint          29164 / 29164
  Field              65795 / 65795
  Model              1 / 1
  Face_List          1 / 1
  TOTAL              153312 / 153312

--- FETCHES (edit / copy / set) ---
  Bool               2 / 0 / 0
  Int                20 / 0 / 0
  I64                2 / 0 / 0
  F32                1 / 0 / 0
  F64                1 / 0 / 0
  CString            5 / 0 / 0
  Vec3               6 / 0 / 0
  Debug_Stats        3 / 0 / 0
  Strings_Builder    1 / 0 / 0
  DataPoint          2 / 0 / 0
  Field              2 / 0 / 0

--- FIELD OCCUPANCY ---
  Field[0] 'field' levels:4 dims:3
    bounds X:[-8.0000,8.0000] Y:[-8.0000,8.0000] Z:[-8.0000,8.0000]
    level 0: 1 / 1 cells occupied
    level 1: 1 / 8 cells occupied
    level 2: 1 / 64 cells occupied
    level 3: 1 / 512 cells occupied
    level 4: 1 / 4096 cells occupied
  Field[1] 'model_field' levels:4 dims:3
    bounds X:[-0.0280,0.0280] Y:[-0.0000,0.1515] Z:[-0.0280,0.0280]
    level 0: 1 / 1 cells occupied
    level 1: 8 / 8 cells occupied
    level 2: 47 / 64 cells occupied
    level 3: 308 / 512 cells occupied
    level 4: 1217 / 4096 cells occupied

  Screen Fields: 65793 total | 18 with occupied cells
  Root SF [2] levels:4 dims:2 bounds X:[0,800] Y:[0,600]
    level 0: 0 / 1
    level 1: 0 / 4
    level 2: 0 / 16
    level 3: 0 / 64
    level 4: 0 / 256

[F2: enable fetch timing]

---
=== HOLLOWS ENGINE ===
FPS: 69 | Pixel: 13.9ms | Input: 0.000ms | Texture: 0.499ms
Camera: [0.00, 0.08, 4.22]

--- DATA (valid / total) ---
  Bool               2 / 2
  Int                6 / 6
  I64                2 / 2
  F32                5 / 5
  F64                2 / 2
  CString            6 / 6
  Vec3               1 / 1
  Vertex             29162 / 29162
  Vertex_Cache       29162 / 29162
  Debug_Stats        1 / 1
  FrameData          1 / 1
  Strings_Builder    1 / 1
  DataPoint          29164 / 29164
  Field              65795 / 65795
  Model              1 / 1
  Face_List          1 / 1
  TOTAL              153312 / 153312

--- FETCHES (edit / copy / set) ---
  Bool               132 / 0 / 0
  Int                793 / 0 / 0
  I64                264 / 0 / 0
  F32                132 / 0 / 0
  F64                132 / 0 / 0
  Vec3               397 / 0 / 0
  Debug_Stats        660 / 0 / 0

--- FIELD OCCUPANCY ---
  Field[0] 'field' levels:4 dims:3
    bounds X:[-8.0000,8.0000] Y:[-8.0000,8.0000] Z:[-8.0000,8.0000]
    level 0: 1 / 1 cells occupied
    level 1: 1 / 8 cells occupied
    level 2: 1 / 64 cells occupied
    level 3: 1 / 512 cells occupied
    level 4: 1 / 4096 cells occupied
  Field[1] 'model_field' levels:4 dims:3
    bounds X:[-0.0280,0.0280] Y:[-0.0000,0.1515] Z:[-0.0280,0.0280]
    level 0: 1 / 1 cells occupied
    level 1: 8 / 8 cells occupied
    level 2: 47 / 64 cells occupied
    level 3: 308 / 512 cells occupied
    level 4: 1217 / 4096 cells occupied

  Screen Fields: 65793 total | 25 with occupied cells
  Root SF [2] levels:4 dims:2 bounds X:[0,800] Y:[0,600]
    level 0: 0 / 1
    level 1: 0 / 4
    level 2: 0 / 16
    level 3: 0 / 64
    level 4: 0 / 256

[F2: enable fetch timing]

---
=== HOLLOWS ENGINE ===
FPS: 51 | Pixel: 19.0ms | Input: 0.000ms | Texture: 0.513ms
Camera: [0.00, 0.08, 0.84]

--- DATA (valid / total) ---
  Bool               2 / 2
  Int                6 / 6
  I64                2 / 2
  F32                5 / 5
  F64                2 / 2
  CString            6 / 6
  Vec3               1 / 1
  Vertex             29162 / 29162
  Vertex_Cache       29162 / 29162
  Debug_Stats        1 / 1
  FrameData          1 / 1
  Strings_Builder    1 / 1
  DataPoint          29164 / 29164
  Field              65795 / 65795
  Model              1 / 1
  Face_List          1 / 1
  TOTAL              153312 / 153312

--- FETCHES (edit / copy / set) ---
  Bool               125 / 0 / 0
  Int                751 / 0 / 0
  I64                250 / 0 / 0
  F32                125 / 0 / 0
  F64                125 / 0 / 0
  Vec3               376 / 0 / 0
  Debug_Stats        625 / 0 / 0

--- FIELD OCCUPANCY ---
  Field[0] 'field' levels:4 dims:3
    bounds X:[-8.0000,8.0000] Y:[-8.0000,8.0000] Z:[-8.0000,8.0000]
    level 0: 1 / 1 cells occupied
    level 1: 1 / 8 cells occupied
    level 2: 1 / 64 cells occupied
    level 3: 1 / 512 cells occupied
    level 4: 1 / 4096 cells occupied
  Field[1] 'model_field' levels:4 dims:3
    bounds X:[-0.0280,0.0280] Y:[-0.0000,0.1515] Z:[-0.0280,0.0280]
    level 0: 1 / 1 cells occupied
    level 1: 8 / 8 cells occupied
    level 2: 47 / 64 cells occupied
    level 3: 308 / 512 cells occupied
    level 4: 1217 / 4096 cells occupied

  Screen Fields: 65793 total | 271 with occupied cells
  Root SF [2] levels:4 dims:2 bounds X:[0,800] Y:[0,600]
    level 0: 0 / 1
    level 1: 0 / 4
    level 2: 0 / 16
    level 3: 0 / 64
    level 4: 0 / 256

[F2: enable fetch timing]

---
=== HOLLOWS ENGINE ===
FPS: 251 | Pixel: 3.4ms | Input: 0.000ms | Texture: 0.495ms
Camera: [0.00, 0.08, -0.08]

--- DATA (valid / total) ---
  Bool               2 / 2
  Int                6 / 6
  I64                2 / 2
  F32                5 / 5
  F64                2 / 2
  CString            6 / 6
  Vec3               1 / 1
  Vertex             29162 / 29162
  Vertex_Cache       29162 / 29162
  Debug_Stats        1 / 1
  FrameData          1 / 1
  Strings_Builder    1 / 1
  DataPoint          29164 / 29164
  Field              65795 / 65795
  Model              1 / 1
  Face_List          1 / 1
  TOTAL              153312 / 153312

--- FETCHES (edit / copy / set) ---
  Bool               154 / 0 / 0
  Int                925 / 0 / 0
  I64                308 / 0 / 0
  F32                154 / 0 / 0
  F64                154 / 0 / 0
  Vec3               463 / 0 / 0
  Debug_Stats        770 / 0 / 0

--- FIELD OCCUPANCY ---
  Field[0] 'field' levels:4 dims:3
    bounds X:[-8.0000,8.0000] Y:[-8.0000,8.0000] Z:[-8.0000,8.0000]
    level 0: 1 / 1 cells occupied
    level 1: 1 / 8 cells occupied
    level 2: 1 / 64 cells occupied
    level 3: 1 / 512 cells occupied
    level 4: 1 / 4096 cells occupied
  Field[1] 'model_field' levels:4 dims:3
    bounds X:[-0.0280,0.0280] Y:[-0.0000,0.1515] Z:[-0.0280,0.0280]
    level 0: 1 / 1 cells occupied
    level 1: 8 / 8 cells occupied
    level 2: 47 / 64 cells occupied
    level 3: 308 / 512 cells occupied
    level 4: 1217 / 4096 cells occupied

  Screen Fields: 65793 total | 0 with occupied cells
  Root SF [2] levels:4 dims:2 bounds X:[0,800] Y:[0,600]
    level 0: 0 / 1
    level 1: 0 / 4
    level 2: 0 / 16
    level 3: 0 / 64
    level 4: 0 / 256

[F2: enable fetch timing]

---
=== HOLLOWS ENGINE ===
FPS: 15 | Pixel: 62.7ms | Input: 0.000ms | Texture: 0.523ms
Camera: [0.00, 0.08, 0.18]

--- DATA (valid / total) ---
  Bool               2 / 2
  Int                6 / 6
  I64                2 / 2
  F32                5 / 5
  F64                2 / 2
  CString            6 / 6
  Vec3               1 / 1
  Vertex             29162 / 29162
  Vertex_Cache       29162 / 29162
  Debug_Stats        1 / 1
  FrameData          1 / 1
  Strings_Builder    1 / 1
  DataPoint          29164 / 29164
  Field              65795 / 65795
  Model              1 / 1
  Face_List          1 / 1
  TOTAL              153312 / 153312

--- FETCHES (edit / copy / set) ---
  Bool               56 / 0 / 0
  Int                337 / 0 / 0
  I64                112 / 0 / 0
  F32                56 / 0 / 0
  F64                56 / 0 / 0
  Vec3               169 / 0 / 0
  Debug_Stats        280 / 0 / 0

--- FIELD OCCUPANCY ---
  Field[0] 'field' levels:4 dims:3
    bounds X:[-8.0000,8.0000] Y:[-8.0000,8.0000] Z:[-8.0000,8.0000]
    level 0: 1 / 1 cells occupied
    level 1: 1 / 8 cells occupied
    level 2: 1 / 64 cells occupied
    level 3: 1 / 512 cells occupied
    level 4: 1 / 4096 cells occupied
  Field[1] 'model_field' levels:4 dims:3
    bounds X:[-0.0280,0.0280] Y:[-0.0000,0.1515] Z:[-0.0280,0.0280]
    level 0: 1 / 1 cells occupied
    level 1: 8 / 8 cells occupied
    level 2: 47 / 64 cells occupied
    level 3: 308 / 512 cells occupied
    level 4: 1217 / 4096 cells occupied

  Screen Fields: 65793 total | 5554 with occupied cells
  Root SF [2] levels:4 dims:2 bounds X:[0,800] Y:[0,600]
    level 0: 0 / 1
    level 1: 0 / 4
    level 2: 0 / 16
    level 3: 0 / 64
    level 4: 0 / 256

[F2: enable fetch timing]

---
=== HOLLOWS ENGINE ===
FPS: 1 | Pixel: 115.9ms | Input: 0.001ms | Texture: 1.145ms
Camera: [0.00, 0.08, 0.02]

--- DATA (valid / total) ---
  Bool               2 / 2
  Int                6 / 6
  I64                2 / 2
  F32                5 / 5
  F64                2 / 2
  CString            6 / 6
  Vec3               1 / 1
  Vertex             29162 / 29162
  Vertex_Cache       29162 / 29162
  Debug_Stats        1 / 1
  FrameData          1 / 1
  Strings_Builder    1 / 1
  DataPoint          29164 / 29164
  Field              65795 / 65795
  Model              1 / 1
  Face_List          1 / 1
  TOTAL              153312 / 153312

--- FETCHES (edit / copy / set) ---
  Bool               20 / 0 / 0
  Int                121 / 0 / 0
  I64                40 / 0 / 0
  F32                20 / 0 / 0
  F64                20 / 0 / 0
  Vec3               61 / 0 / 0
  Debug_Stats        100 / 0 / 0

--- FIELD OCCUPANCY ---
  Field[0] 'field' levels:4 dims:3
    bounds X:[-8.0000,8.0000] Y:[-8.0000,8.0000] Z:[-8.0000,8.0000]
    level 0: 1 / 1 cells occupied
    level 1: 1 / 8 cells occupied
    level 2: 1 / 64 cells occupied
    level 3: 1 / 512 cells occupied
    level 4: 1 / 4096 cells occupied
  Field[1] 'model_field' levels:4 dims:3
    bounds X:[-0.0280,0.0280] Y:[-0.0000,0.1515] Z:[-0.0280,0.0280]
    level 0: 1 / 1 cells occupied
    level 1: 8 / 8 cells occupied
    level 2: 47 / 64 cells occupied
    level 3: 308 / 512 cells occupied
    level 4: 1217 / 4096 cells occupied

  Screen Fields: 65793 total | 46432 with occupied cells
  Root SF [2] levels:4 dims:2 bounds X:[0,800] Y:[0,600]
    level 0: 0 / 1
    level 1: 0 / 4
    level 2: 0 / 16
    level 3: 0 / 64
    level 4: 0 / 256

[F2: enable fetch timing]

---
=== HOLLOWS ENGINE ===
FPS: 1 | Pixel: 775.7ms | Input: 0.000ms | Texture: 0.544ms
Camera: [0.00, 0.08, 0.02]

--- DATA (valid / total) ---
  Bool               2 / 2
  Int                6 / 6
  I64                2 / 2
  F32                5 / 5
  F64                2 / 2
  CString            6 / 6
  Vec3               1 / 1
  Vertex             29162 / 29162
  Vertex_Cache       29162 / 29162
  Debug_Stats        1 / 1
  FrameData          1 / 1
  Strings_Builder    1 / 1
  DataPoint          29164 / 29164
  Field              65795 / 65795
  Model              1 / 1
  Face_List          1 / 1
  TOTAL              153312 / 153312

--- FETCHES (edit / copy / set) ---
  Bool               3 / 0 / 0
  Int                19 / 0 / 0
  I64                6 / 0 / 0
  F32                3 / 0 / 0
  F64                3 / 0 / 0
  Vec3               10 / 0 / 0
  Debug_Stats        15 / 0 / 0

--- FIELD OCCUPANCY ---
  Field[0] 'field' levels:4 dims:3
    bounds X:[-8.0000,8.0000] Y:[-8.0000,8.0000] Z:[-8.0000,8.0000]
    level 0: 1 / 1 cells occupied
    level 1: 1 / 8 cells occupied
    level 2: 1 / 64 cells occupied
    level 3: 1 / 512 cells occupied
    level 4: 1 / 4096 cells occupied
  Field[1] 'model_field' levels:4 dims:3
    bounds X:[-0.0280,0.0280] Y:[-0.0000,0.1515] Z:[-0.0280,0.0280]
    level 0: 1 / 1 cells occupied
    level 1: 8 / 8 cells occupied
    level 2: 47 / 64 cells occupied
    level 3: 308 / 512 cells occupied
    level 4: 1217 / 4096 cells occupied

  Screen Fields: 65793 total | 46432 with occupied cells
  Root SF [2] levels:4 dims:2 bounds X:[0,800] Y:[0,600]
    level 0: 0 / 1
    level 1: 0 / 4
    level 2: 0 / 16
    level 3: 0 / 64
    level 4: 0 / 256

[F2: enable fetch timing]

---
=== HOLLOWS ENGINE ===
FPS: 1 | Pixel: 775.5ms | Input: 0.000ms | Texture: 0.538ms
Camera: [0.00, 0.08, 0.02]

--- DATA (valid / total) ---
  Bool               2 / 2
  Int                6 / 6
  I64                2 / 2
  F32                5 / 5
  F64                2 / 2
  CString            6 / 6
  Vec3               1 / 1
  Vertex             29162 / 29162
  Vertex_Cache       29162 / 29162
  Debug_Stats        1 / 1
  FrameData          1 / 1
  Strings_Builder    1 / 1
  DataPoint          29164 / 29164
  Field              65795 / 65795
  Model              1 / 1
  Face_List          1 / 1
  TOTAL              153312 / 153312

--- FETCHES (edit / copy / set) ---
  Bool               3 / 0 / 0
  Int                19 / 0 / 0
  I64                6 / 0 / 0
  F32                3 / 0 / 0
  F64                3 / 0 / 0
  Vec3               10 / 0 / 0
  Debug_Stats        15 / 0 / 0

--- FIELD OCCUPANCY ---
  Field[0] 'field' levels:4 dims:3
    bounds X:[-8.0000,8.0000] Y:[-8.0000,8.0000] Z:[-8.0000,8.0000]
    level 0: 1 / 1 cells occupied
    level 1: 1 / 8 cells occupied
    level 2: 1 / 64 cells occupied
    level 3: 1 / 512 cells occupied
    level 4: 1 / 4096 cells occupied
  Field[1] 'model_field' levels:4 dims:3
    bounds X:[-0.0280,0.0280] Y:[-0.0000,0.1515] Z:[-0.0280,0.0280]
    level 0: 1 / 1 cells occupied
    level 1: 8 / 8 cells occupied
    level 2: 47 / 64 cells occupied
    level 3: 308 / 512 cells occupied
    level 4: 1217 / 4096 cells occupied

  Screen Fields: 65793 total | 46432 with occupied cells
  Root SF [2] levels:4 dims:2 bounds X:[0,800] Y:[0,600]
    level 0: 0 / 1
    level 1: 0 / 4
    level 2: 0 / 16
    level 3: 0 / 64
    level 4: 0 / 256

[F2: enable fetch timing]

---
=== HOLLOWS ENGINE ===
FPS: 1 | Pixel: 775.4ms | Input: 0.000ms | Texture: 0.569ms
Camera: [0.00, 0.08, 0.02]

--- DATA (valid / total) ---
  Bool               2 / 2
  Int                6 / 6
  I64                2 / 2
  F32                5 / 5
  F64                2 / 2
  CString            6 / 6
  Vec3               1 / 1
  Vertex             29162 / 29162
  Vertex_Cache       29162 / 29162
  Debug_Stats        1 / 1
  FrameData          1 / 1
  Strings_Builder    1 / 1
  DataPoint          29164 / 29164
  Field              65795 / 65795
  Model              1 / 1
  Face_List          1 / 1
  TOTAL              153312 / 153312

--- FETCHES (edit / copy / set) ---
  Bool               3 / 0 / 0
  Int                19 / 0 / 0
  I64                6 / 0 / 0
  F32                3 / 0 / 0
  F64                3 / 0 / 0
  Vec3               10 / 0 / 0
  Debug_Stats        15 / 0 / 0

--- FIELD OCCUPANCY ---
  Field[0] 'field' levels:4 dims:3
    bounds X:[-8.0000,8.0000] Y:[-8.0000,8.0000] Z:[-8.0000,8.0000]
    level 0: 1 / 1 cells occupied
    level 1: 1 / 8 cells occupied
    level 2: 1 / 64 cells occupied
    level 3: 1 / 512 cells occupied
    level 4: 1 / 4096 cells occupied
  Field[1] 'model_field' levels:4 dims:3
    bounds X:[-0.0280,0.0280] Y:[-0.0000,0.1515] Z:[-0.0280,0.0280]
    level 0: 1 / 1 cells occupied
    level 1: 8 / 8 cells occupied
    level 2: 47 / 64 cells occupied
    level 3: 308 / 512 cells occupied
    level 4: 1217 / 4096 cells occupied

  Screen Fields: 65793 total | 46432 with occupied cells
  Root SF [2] levels:4 dims:2 bounds X:[0,800] Y:[0,600]
    level 0: 0 / 1
    level 1: 0 / 4
    level 2: 0 / 16
    level 3: 0 / 64
    level 4: 0 / 256

[F2: enable fetch timing]

---
=== HOLLOWS ENGINE ===
FPS: 1 | Pixel: 775.5ms | Input: 0.001ms | Texture: 0.563ms
Camera: [0.00, 0.08, 0.02]

--- DATA (valid / total) ---
  Bool               2 / 2
  Int                6 / 6
  I64                2 / 2
  F32                5 / 5
  F64                2 / 2
  CString            6 / 6
  Vec3               1 / 1
  Vertex             29162 / 29162
  Vertex_Cache       29162 / 29162
  Debug_Stats        1 / 1
  FrameData          1 / 1
  Strings_Builder    1 / 1
  DataPoint          29164 / 29164
  Field              65795 / 65795
  Model              1 / 1
  Face_List          1 / 1
  TOTAL              153312 / 153312

--- FETCHES (edit / copy / set) ---
  Bool               3 / 0 / 0
  Int                24 / 0 / 0
  I64                6 / 0 / 0
  F32                3 / 0 / 0
  F64                3 / 0 / 0
  CString            2 / 0 / 0
  Vec3               11 / 0 / 0
  Debug_Stats        16 / 0 / 0

--- FIELD OCCUPANCY ---
  Field[0] 'field' levels:4 dims:3
    bounds X:[-8.0000,8.0000] Y:[-8.0000,8.0000] Z:[-8.0000,8.0000]
    level 0: 1 / 1 cells occupied
    level 1: 1 / 8 cells occupied
    level 2: 1 / 64 cells occupied
    level 3: 1 / 512 cells occupied
    level 4: 1 / 4096 cells occupied
  Field[1] 'model_field' levels:4 dims:3
    bounds X:[-0.0280,0.0280] Y:[-0.0000,0.1515] Z:[-0.0280,0.0280]
    level 0: 1 / 1 cells occupied
    level 1: 8 / 8 cells occupied
    level 2: 47 / 64 cells occupied
    level 3: 308 / 512 cells occupied
    level 4: 1217 / 4096 cells occupied

  Screen Fields: 65793 total | 46432 with occupied cells
  Root SF [2] levels:4 dims:2 bounds X:[0,800] Y:[0,600]
    level 0: 0 / 1
    level 1: 0 / 4
    level 2: 0 / 16
    level 3: 0 / 64
    level 4: 0 / 256

[F2: enable fetch timing]

---
=== HOLLOWS ENGINE ===
FPS: 1 | Pixel: 780.0ms | Input: 0.001ms | Texture: 0.569ms
Camera: [0.00, 0.08, 0.02]

--- DATA (valid / total) ---
  Bool               2 / 2
  Int                6 / 6
  I64                2 / 2
  F32                5 / 5
  F64                2 / 2
  CString            6 / 6
  Vec3               1 / 1
  Vertex             29162 / 29162
  Vertex_Cache       29162 / 29162
  Debug_Stats        1 / 1
  FrameData          1 / 1
  Strings_Builder    1 / 1
  DataPoint          29164 / 29164
  Field              65795 / 65795
  Model              1 / 1
  Face_List          1 / 1
  TOTAL              153312 / 153312

--- FETCHES (edit / copy / set) ---
  Bool               3 / 0 / 0
  Int                19 / 0 / 0
  I64                6 / 0 / 0
  F32                3 / 0 / 0
  F64                3 / 0 / 0
  Vec3               10 / 0 / 0
  Debug_Stats        15 / 0 / 0

--- FIELD OCCUPANCY ---
  Field[0] 'field' levels:4 dims:3
    bounds X:[-8.0000,8.0000] Y:[-8.0000,8.0000] Z:[-8.0000,8.0000]
    level 0: 1 / 1 cells occupied
    level 1: 1 / 8 cells occupied
    level 2: 1 / 64 cells occupied
    level 3: 1 / 512 cells occupied
    level 4: 1 / 4096 cells occupied
  Field[1] 'model_field' levels:4 dims:3
    bounds X:[-0.0280,0.0280] Y:[-0.0000,0.1515] Z:[-0.0280,0.0280]
    level 0: 1 / 1 cells occupied
    level 1: 8 / 8 cells occupied
    level 2: 47 / 64 cells occupied
    level 3: 308 / 512 cells occupied
    level 4: 1217 / 4096 cells occupied

  Screen Fields: 65793 total | 46432 with occupied cells
  Root SF [2] levels:4 dims:2 bounds X:[0,800] Y:[0,600]
    level 0: 0 / 1
    level 1: 0 / 4
    level 2: 0 / 16
    level 3: 0 / 64
    level 4: 0 / 256

[F2: enable fetch timing]

---
=== HOLLOWS ENGINE ===
FPS: 1 | Pixel: 776.7ms | Input: 0.000ms | Texture: 0.529ms
Camera: [0.00, 0.08, 0.02]

--- DATA (valid / total) ---
  Bool               2 / 2
  Int                6 / 6
  I64                2 / 2
  F32                5 / 5
  F64                2 / 2
  CString            6 / 6
  Vec3               1 / 1
  Vertex             29162 / 29162
  Vertex_Cache       29162 / 29162
  Debug_Stats        1 / 1
  FrameData          1 / 1
  Strings_Builder    1 / 1
  DataPoint          29164 / 29164
  Field              65795 / 65795
  Model              1 / 1
  Face_List          1 / 1
  TOTAL              153312 / 153312

--- FETCHES (edit / copy / set) ---
  Bool               3 / 0 / 0
  Int                19 / 0 / 0
  I64                6 / 0 / 0
  F32                3 / 0 / 0
  F64                3 / 0 / 0
  Vec3               10 / 0 / 0
  Debug_Stats        15 / 0 / 0

--- FIELD OCCUPANCY ---
  Field[0] 'field' levels:4 dims:3
    bounds X:[-8.0000,8.0000] Y:[-8.0000,8.0000] Z:[-8.0000,8.0000]
    level 0: 1 / 1 cells occupied
    level 1: 1 / 8 cells occupied
    level 2: 1 / 64 cells occupied
    level 3: 1 / 512 cells occupied
    level 4: 1 / 4096 cells occupied
  Field[1] 'model_field' levels:4 dims:3
    bounds X:[-0.0280,0.0280] Y:[-0.0000,0.1515] Z:[-0.0280,0.0280]
    level 0: 1 / 1 cells occupied
    level 1: 8 / 8 cells occupied
    level 2: 47 / 64 cells occupied
    level 3: 308 / 512 cells occupied
    level 4: 1217 / 4096 cells occupied

  Screen Fields: 65793 total | 46432 with occupied cells
  Root SF [2] levels:4 dims:2 bounds X:[0,800] Y:[0,600]
    level 0: 0 / 1
    level 1: 0 / 4
    level 2: 0 / 16
    level 3: 0 / 64
    level 4: 0 / 256

[F2: enable fetch timing]

---
=== HOLLOWS ENGINE ===
FPS: 1 | Pixel: 777.4ms | Input: 0.001ms | Texture: 0.547ms
Camera: [0.00, 0.08, 0.02]

--- DATA (valid / total) ---
  Bool               2 / 2
  Int                6 / 6
  I64                2 / 2
  F32                5 / 5
  F64                2 / 2
  CString            6 / 6
  Vec3               1 / 1
  Vertex             29162 / 29162
  Vertex_Cache       29162 / 29162
  Debug_Stats        1 / 1
  FrameData          1 / 1
  Strings_Builder    1 / 1
  DataPoint          29164 / 29164
  Field              65795 / 65795
  Model              1 / 1
  Face_List          1 / 1
  TOTAL              153312 / 153312

--- FETCHES (edit / copy / set) ---
  Bool               3 / 0 / 0
  Int                21 / 0 / 0
  I64                6 / 0 / 0
  F32                3 / 0 / 0
  F64                3 / 0 / 0
  Vec3               10 / 0 / 0
  Debug_Stats        15 / 0 / 0

--- FIELD OCCUPANCY ---
  Field[0] 'field' levels:4 dims:3
    bounds X:[-8.0000,8.0000] Y:[-8.0000,8.0000] Z:[-8.0000,8.0000]
    level 0: 1 / 1 cells occupied
    level 1: 1 / 8 cells occupied
    level 2: 1 / 64 cells occupied
    level 3: 1 / 512 cells occupied
    level 4: 1 / 4096 cells occupied
  Field[1] 'model_field' levels:4 dims:3
    bounds X:[-0.0280,0.0280] Y:[-0.0000,0.1515] Z:[-0.0280,0.0280]
    level 0: 1 / 1 cells occupied
    level 1: 8 / 8 cells occupied
    level 2: 47 / 64 cells occupied
    level 3: 308 / 512 cells occupied
    level 4: 1217 / 4096 cells occupied

  Screen Fields: 65793 total | 46432 with occupied cells
  Root SF [2] levels:4 dims:2 bounds X:[0,800] Y:[0,600]
    level 0: 0 / 1
    level 1: 0 / 4
    level 2: 0 / 16
    level 3: 0 / 64
    level 4: 0 / 256

[F2: enable fetch timing]

---
=== HOLLOWS ENGINE ===
FPS: 1 | Pixel: 783.5ms | Input: 0.001ms | Texture: 0.599ms
Camera: [0.00, 0.08, 0.02]

--- DATA (valid / total) ---
  Bool               2 / 2
  Int                6 / 6
  I64                2 / 2
  F32                5 / 5
  F64                2 / 2
  CString            6 / 6
  Vec3               1 / 1
  Vertex             29162 / 29162
  Vertex_Cache       29162 / 29162
  Debug_Stats        1 / 1
  FrameData          1 / 1
  Strings_Builder    1 / 1
  DataPoint          29164 / 29164
  Field              65795 / 65795
  Model              1 / 1
  Face_List          1 / 1
  TOTAL              153312 / 153312

--- FETCHES (edit / copy / set) ---
  Bool               3 / 0 / 0
  Int                27 / 0 / 0
  I64                6 / 0 / 0
  F32                3 / 0 / 0
  F64                3 / 0 / 0
  CString            2 / 0 / 0
  Vec3               11 / 0 / 0
  Debug_Stats        16 / 0 / 0

--- FIELD OCCUPANCY ---
  Field[0] 'field' levels:4 dims:3
    bounds X:[-8.0000,8.0000] Y:[-8.0000,8.0000] Z:[-8.0000,8.0000]
    level 0: 1 / 1 cells occupied
    level 1: 1 / 8 cells occupied
    level 2: 1 / 64 cells occupied
    level 3: 1 / 512 cells occupied
    level 4: 1 / 4096 cells occupied
  Field[1] 'model_field' levels:4 dims:3
    bounds X:[-0.0280,0.0280] Y:[-0.0000,0.1515] Z:[-0.0280,0.0280]
    level 0: 1 / 1 cells occupied
    level 1: 8 / 8 cells occupied
    level 2: 47 / 64 cells occupied
    level 3: 308 / 512 cells occupied
    level 4: 1217 / 4096 cells occupied

  Screen Fields: 65793 total | 46432 with occupied cells
  Root SF [2] levels:4 dims:2 bounds X:[0,800] Y:[0,600]
    level 0: 0 / 1
    level 1: 0 / 4
    level 2: 0 / 16
    level 3: 0 / 64
    level 4: 0 / 256

[F2: enable fetch timing]

---
=== HOLLOWS ENGINE ===
FPS: 1 | Pixel: 787.1ms | Input: 0.000ms | Texture: 0.525ms
Camera: [0.00, 0.08, 0.02]

--- DATA (valid / total) ---
  Bool               2 / 2
  Int                6 / 6
  I64                2 / 2
  F32                5 / 5
  F64                2 / 2
  CString            6 / 6
  Vec3               1 / 1
  Vertex             29162 / 29162
  Vertex_Cache       29162 / 29162
  Debug_Stats        1 / 1
  FrameData          1 / 1
  Strings_Builder    1 / 1
  DataPoint          29164 / 29164
  Field              65795 / 65795
  Model              1 / 1
  Face_List          1 / 1
  TOTAL              153312 / 153312

--- FETCHES (edit / copy / set) ---
  Bool               3 / 0 / 0
  Int                22 / 0 / 0
  I64                6 / 0 / 0
  F32                3 / 0 / 0
  F64                3 / 0 / 0
  Vec3               10 / 0 / 0
  Debug_Stats        15 / 0 / 0

--- FIELD OCCUPANCY ---
  Field[0] 'field' levels:4 dims:3
    bounds X:[-8.0000,8.0000] Y:[-8.0000,8.0000] Z:[-8.0000,8.0000]
    level 0: 1 / 1 cells occupied
    level 1: 1 / 8 cells occupied
    level 2: 1 / 64 cells occupied
    level 3: 1 / 512 cells occupied
    level 4: 1 / 4096 cells occupied
  Field[1] 'model_field' levels:4 dims:3
    bounds X:[-0.0280,0.0280] Y:[-0.0000,0.1515] Z:[-0.0280,0.0280]
    level 0: 1 / 1 cells occupied
    level 1: 8 / 8 cells occupied
    level 2: 47 / 64 cells occupied
    level 3: 308 / 512 cells occupied
    level 4: 1217 / 4096 cells occupied

  Screen Fields: 65793 total | 46432 with occupied cells
  Root SF [2] levels:4 dims:2 bounds X:[0,800] Y:[0,600]
    level 0: 0 / 1
    level 1: 0 / 4
    level 2: 0 / 16
    level 3: 0 / 64
    level 4: 0 / 256

[F2: enable fetch timing]

---
=== HOLLOWS ENGINE ===
FPS: 1 | Pixel: 784.8ms | Input: 0.000ms | Texture: 0.547ms
Camera: [0.00, 0.08, 0.02]

--- DATA (valid / total) ---
  Bool               2 / 2
  Int                6 / 6
  I64                2 / 2
  F32                5 / 5
  F64                2 / 2
  CString            6 / 6
  Vec3               1 / 1
  Vertex             29162 / 29162
  Vertex_Cache       29162 / 29162
  Debug_Stats        1 / 1
  FrameData          1 / 1
  Strings_Builder    1 / 1
  DataPoint          29164 / 29164
  Field              65795 / 65795
  Model              1 / 1
  Face_List          1 / 1
  TOTAL              153312 / 153312

--- FETCHES (edit / copy / set) ---
  Bool               3 / 0 / 0
  Int                22 / 0 / 0
  I64                6 / 0 / 0
  F32                3 / 0 / 0
  F64                3 / 0 / 0
  Vec3               10 / 0 / 0
  Debug_Stats        17 / 0 / 0

--- FIELD OCCUPANCY ---
  Field[0] 'field' levels:4 dims:3
    bounds X:[-8.0000,8.0000] Y:[-8.0000,8.0000] Z:[-8.0000,8.0000]
    level 0: 1 / 1 cells occupied
    level 1: 1 / 8 cells occupied
    level 2: 1 / 64 cells occupied
    level 3: 1 / 512 cells occupied
    level 4: 1 / 4096 cells occupied
  Field[1] 'model_field' levels:4 dims:3
    bounds X:[-0.0280,0.0280] Y:[-0.0000,0.1515] Z:[-0.0280,0.0280]
    level 0: 1 / 1 cells occupied
    level 1: 8 / 8 cells occupied
    level 2: 47 / 64 cells occupied
    level 3: 308 / 512 cells occupied
    level 4: 1217 / 4096 cells occupied

  Screen Fields: 65793 total | 46432 with occupied cells
  Root SF [2] levels:4 dims:2 bounds X:[0,800] Y:[0,600]
    level 0: 0 / 1
    level 1: 0 / 4
    level 2: 0 / 16
    level 3: 0 / 64
    level 4: 0 / 256

[F2: enable fetch timing]

---
=== HOLLOWS ENGINE ===
FPS: 1 | Pixel: 782.4ms | Input: 0.000ms | Texture: 0.586ms
Camera: [0.00, 0.08, 0.02]

--- DATA (valid / total) ---
  Bool               2 / 2
  Int                6 / 6
  I64                2 / 2
  F32                5 / 5
  F64                2 / 2
  CString            6 / 6
  Vec3               1 / 1
  Vertex             29162 / 29162
  Vertex_Cache       29162 / 29162
  Debug_Stats        1 / 1
  FrameData          1 / 1
  Strings_Builder    1 / 1
  DataPoint          29164 / 29164
  Field              65795 / 65795
  Model              1 / 1
  Face_List          1 / 1
  TOTAL              153312 / 153312

--- FETCHES (edit / copy / set) ---
  Bool               3 / 0 / 0
  Int                27 / 0 / 0
  I64                6 / 0 / 0
  F32                3 / 0 / 0
  F64                3 / 0 / 0
  CString            2 / 0 / 0
  Vec3               11 / 0 / 0
  Debug_Stats        16 / 0 / 0

--- FIELD OCCUPANCY ---
  Field[0] 'field' levels:4 dims:3
    bounds X:[-8.0000,8.0000] Y:[-8.0000,8.0000] Z:[-8.0000,8.0000]
    level 0: 1 / 1 cells occupied
    level 1: 1 / 8 cells occupied
    level 2: 1 / 64 cells occupied
    level 3: 1 / 512 cells occupied
    level 4: 1 / 4096 cells occupied
  Field[1] 'model_field' levels:4 dims:3
    bounds X:[-0.0280,0.0280] Y:[-0.0000,0.1515] Z:[-0.0280,0.0280]
    level 0: 1 / 1 cells occupied
    level 1: 8 / 8 cells occupied
    level 2: 47 / 64 cells occupied
    level 3: 308 / 512 cells occupied
    level 4: 1217 / 4096 cells occupied

  Screen Fields: 65793 total | 46432 with occupied cells
  Root SF [2] levels:4 dims:2 bounds X:[0,800] Y:[0,600]
    level 0: 0 / 1
    level 1: 0 / 4
    level 2: 0 / 16
    level 3: 0 / 64
    level 4: 0 / 256

[F2: enable fetch timing]

---
=== HOLLOWS ENGINE ===
FPS: 1 | Pixel: 780.9ms | Input: 0.000ms | Texture: 0.523ms
Camera: [0.00, 0.08, 0.02]

--- DATA (valid / total) ---
  Bool               2 / 2
  Int                6 / 6
  I64                2 / 2
  F32                5 / 5
  F64                2 / 2
  CString            6 / 6
  Vec3               1 / 1
  Vertex             29162 / 29162
  Vertex_Cache       29162 / 29162
  Debug_Stats        1 / 1
  FrameData          1 / 1
  Strings_Builder    1 / 1
  DataPoint          29164 / 29164
  Field              65795 / 65795
  Model              1 / 1
  Face_List          1 / 1
  TOTAL              153312 / 153312

--- FETCHES (edit / copy / set) ---
  Bool               3 / 0 / 0
  Int                22 / 0 / 0
  I64                6 / 0 / 0
  F32                3 / 0 / 0
  F64                3 / 0 / 0
  Vec3               10 / 0 / 0
  Debug_Stats        15 / 0 / 0

--- FIELD OCCUPANCY ---
  Field[0] 'field' levels:4 dims:3
    bounds X:[-8.0000,8.0000] Y:[-8.0000,8.0000] Z:[-8.0000,8.0000]
    level 0: 1 / 1 cells occupied
    level 1: 1 / 8 cells occupied
    level 2: 1 / 64 cells occupied
    level 3: 1 / 512 cells occupied
    level 4: 1 / 4096 cells occupied
  Field[1] 'model_field' levels:4 dims:3
    bounds X:[-0.0280,0.0280] Y:[-0.0000,0.1515] Z:[-0.0280,0.0280]
    level 0: 1 / 1 cells occupied
    level 1: 8 / 8 cells occupied
    level 2: 47 / 64 cells occupied
    level 3: 308 / 512 cells occupied
    level 4: 1217 / 4096 cells occupied

  Screen Fields: 65793 total | 46432 with occupied cells
  Root SF [2] levels:4 dims:2 bounds X:[0,800] Y:[0,600]
    level 0: 0 / 1
    level 1: 0 / 4
    level 2: 0 / 16
    level 3: 0 / 64
    level 4: 0 / 256

[F2: enable fetch timing]

---
=== HOLLOWS ENGINE ===
FPS: 1 | Pixel: 780.5ms | Input: 0.001ms | Texture: 0.542ms
Camera: [0.00, 0.08, 0.02]

--- DATA (valid / total) ---
  Bool               2 / 2
  Int                6 / 6
  I64                2 / 2
  F32                5 / 5
  F64                2 / 2
  CString            6 / 6
  Vec3               1 / 1
  Vertex             29162 / 29162
  Vertex_Cache       29162 / 29162
  Debug_Stats        1 / 1
  FrameData          1 / 1
  Strings_Builder    1 / 1
  DataPoint          29164 / 29164
  Field              65795 / 65795
  Model              1 / 1
  Face_List          1 / 1
  TOTAL              153312 / 153312

--- FETCHES (edit / copy / set) ---
  Bool               3 / 0 / 0
  Int                22 / 0 / 0
  I64                6 / 0 / 0
  F32                3 / 0 / 0
  F64                3 / 0 / 0
  Vec3               10 / 0 / 0
  Debug_Stats        16 / 0 / 0

--- FIELD OCCUPANCY ---
  Field[0] 'field' levels:4 dims:3
    bounds X:[-8.0000,8.0000] Y:[-8.0000,8.0000] Z:[-8.0000,8.0000]
    level 0: 1 / 1 cells occupied
    level 1: 1 / 8 cells occupied
    level 2: 1 / 64 cells occupied
    level 3: 1 / 512 cells occupied
    level 4: 1 / 4096 cells occupied
  Field[1] 'model_field' levels:4 dims:3
    bounds X:[-0.0280,0.0280] Y:[-0.0000,0.1515] Z:[-0.0280,0.0280]
    level 0: 1 / 1 cells occupied
    level 1: 8 / 8 cells occupied
    level 2: 47 / 64 cells occupied
    level 3: 308 / 512 cells occupied
    level 4: 1217 / 4096 cells occupied

  Screen Fields: 65793 total | 46432 with occupied cells
  Root SF [2] levels:4 dims:2 bounds X:[0,800] Y:[0,600]
    level 0: 0 / 1
    level 1: 0 / 4
    level 2: 0 / 16
    level 3: 0 / 64
    level 4: 0 / 256

--- FETCH TIMES ns (edit / copy / set) ---
  Bool               495 / 0 / 0
  Int                2469 / 0 / 0
  I64                1094 / 0 / 0
  F32                825 / 0 / 0
  F64                323 / 0 / 0
  Vec3               2197 / 0 / 0
  Debug_Stats        1021 / 0 / 0

---
=== HOLLOWS ENGINE ===
FPS: 1 | Pixel: 780.6ms | Input: 0.001ms | Texture: 0.608ms
Camera: [0.00, 0.08, 0.02]

--- DATA (valid / total) ---
  Bool               2 / 2
  Int                6 / 6
  I64                2 / 2
  F32                5 / 5
  F64                2 / 2
  CString            6 / 6
  Vec3               1 / 1
  Vertex             29162 / 29162
  Vertex_Cache       29162 / 29162
  Debug_Stats        1 / 1
  FrameData          1 / 1
  Strings_Builder    1 / 1
  DataPoint          29164 / 29164
  Field              65795 / 65795
  Model              1 / 1
  Face_List          1 / 1
  TOTAL              153312 / 153312

--- FETCHES (edit / copy / set) ---
  Bool               3 / 0 / 0
  Int                27 / 0 / 0
  I64                6 / 0 / 0
  F32                3 / 0 / 0
  F64                3 / 0 / 0
  CString            2 / 0 / 0
  Vec3               11 / 0 / 0
  Debug_Stats        16 / 0 / 0

--- FIELD OCCUPANCY ---
  Field[0] 'field' levels:4 dims:3
    bounds X:[-8.0000,8.0000] Y:[-8.0000,8.0000] Z:[-8.0000,8.0000]
    level 0: 1 / 1 cells occupied
    level 1: 1 / 8 cells occupied
    level 2: 1 / 64 cells occupied
    level 3: 1 / 512 cells occupied
    level 4: 1 / 4096 cells occupied
  Field[1] 'model_field' levels:4 dims:3
    bounds X:[-0.0280,0.0280] Y:[-0.0000,0.1515] Z:[-0.0280,0.0280]
    level 0: 1 / 1 cells occupied
    level 1: 8 / 8 cells occupied
    level 2: 47 / 64 cells occupied
    level 3: 308 / 512 cells occupied
    level 4: 1217 / 4096 cells occupied

  Screen Fields: 65793 total | 46432 with occupied cells
  Root SF [2] levels:4 dims:2 bounds X:[0,800] Y:[0,600]
    level 0: 0 / 1
    level 1: 0 / 4
    level 2: 0 / 16
    level 3: 0 / 64
    level 4: 0 / 256

--- FETCH TIMES ns (edit / copy / set) ---
  Bool               709 / 0 / 0
  Int                5413 / 0 / 0
  I64                1418 / 0 / 0
  F32                870 / 0 / 0
  F64                702 / 0 / 0
  CString            625 / 0 / 0
  Vec3               3548 / 0 / 0
  Debug_Stats        2622 / 0 / 0

---
=== HOLLOWS ENGINE ===
FPS: 1 | Pixel: 778.8ms | Input: 0.000ms | Texture: 0.520ms
Camera: [0.00, 0.08, 0.02]

--- DATA (valid / total) ---
  Bool               2 / 2
  Int                6 / 6
  I64                2 / 2
  F32                5 / 5
  F64                2 / 2
  CString            6 / 6
  Vec3               1 / 1
  Vertex             29162 / 29162
  Vertex_Cache       29162 / 29162
  Debug_Stats        1 / 1
  FrameData          1 / 1
  Strings_Builder    1 / 1
  DataPoint          29164 / 29164
  Field              65795 / 65795
  Model              1 / 1
  Face_List          1 / 1
  TOTAL              153312 / 153312

--- FETCHES (edit / copy / set) ---
  Bool               3 / 0 / 0
  Int                22 / 0 / 0
  I64                6 / 0 / 0
  F32                3 / 0 / 0
  F64                3 / 0 / 0
  Vec3               10 / 0 / 0
  Debug_Stats        16 / 0 / 0

--- FIELD OCCUPANCY ---
  Field[0] 'field' levels:4 dims:3
    bounds X:[-8.0000,8.0000] Y:[-8.0000,8.0000] Z:[-8.0000,8.0000]
    level 0: 1 / 1 cells occupied
    level 1: 1 / 8 cells occupied
    level 2: 1 / 64 cells occupied
    level 3: 1 / 512 cells occupied
    level 4: 1 / 4096 cells occupied
  Field[1] 'model_field' levels:4 dims:3
    bounds X:[-0.0280,0.0280] Y:[-0.0000,0.1515] Z:[-0.0280,0.0280]
    level 0: 1 / 1 cells occupied
    level 1: 8 / 8 cells occupied
    level 2: 47 / 64 cells occupied
    level 3: 308 / 512 cells occupied
    level 4: 1217 / 4096 cells occupied

  Screen Fields: 65793 total | 46432 with occupied cells
  Root SF [2] levels:4 dims:2 bounds X:[0,800] Y:[0,600]
    level 0: 0 / 1
    level 1: 0 / 4
    level 2: 0 / 16
    level 3: 0 / 64
    level 4: 0 / 256

[F2: enable fetch timing]

---
=== HOLLOWS ENGINE ===
FPS: 1 | Pixel: 778.8ms | Input: 0.001ms | Texture: 0.537ms
Camera: [0.00, 0.08, 0.02]

--- DATA (valid / total) ---
  Bool               2 / 2
  Int                6 / 6
  I64                2 / 2
  F32                5 / 5
  F64                2 / 2
  CString            6 / 6
  Vec3               1 / 1
  Vertex             29162 / 29162
  Vertex_Cache       29162 / 29162
  Debug_Stats        1 / 1
  FrameData          1 / 1
  Strings_Builder    1 / 1
  DataPoint          29164 / 29164
  Field              65795 / 65795
  Model              1 / 1
  Face_List          1 / 1
  TOTAL              153312 / 153312

--- FETCHES (edit / copy / set) ---
  Bool               3 / 0 / 0
  Int                26 / 0 / 0
  I64                6 / 0 / 0
  F32                3 / 0 / 0
  F64                3 / 0 / 0
  CString            2 / 0 / 0
  Vec3               11 / 0 / 0
  Debug_Stats        16 / 0 / 0

--- FIELD OCCUPANCY ---
  Field[0] 'field' levels:4 dims:3
    bounds X:[-8.0000,8.0000] Y:[-8.0000,8.0000] Z:[-8.0000,8.0000]
    level 0: 1 / 1 cells occupied
    level 1: 1 / 8 cells occupied
    level 2: 1 / 64 cells occupied
    level 3: 1 / 512 cells occupied
    level 4: 1 / 4096 cells occupied
  Field[1] 'model_field' levels:4 dims:3
    bounds X:[-0.0280,0.0280] Y:[-0.0000,0.1515] Z:[-0.0280,0.0280]
    level 0: 1 / 1 cells occupied
    level 1: 8 / 8 cells occupied
    level 2: 47 / 64 cells occupied
    level 3: 308 / 512 cells occupied
    level 4: 1217 / 4096 cells occupied

  Screen Fields: 65793 total | 46432 with occupied cells
  Root SF [2] levels:4 dims:2 bounds X:[0,800] Y:[0,600]
    level 0: 0 / 1
    level 1: 0 / 4
    level 2: 0 / 16
    level 3: 0 / 64
    level 4: 0 / 256

[F2: enable fetch timing]

---
=== HOLLOWS ENGINE ===
FPS: 1 | Pixel: 777.3ms | Input: 0.001ms | Texture: 0.548ms
Camera: [0.00, 0.08, 0.02]

--- DATA (valid / total) ---
  Bool               2 / 2
  Int                6 / 6
  I64                2 / 2
  F32                5 / 5
  F64                2 / 2
  CString            6 / 6
  Vec3               1 / 1
  Vertex             29162 / 29162
  Vertex_Cache       29162 / 29162
  Debug_Stats        1 / 1
  FrameData          1 / 1
  Strings_Builder    1 / 1
  DataPoint          29164 / 29164
  Field              65795 / 65795
  Model              1 / 1
  Face_List          1 / 1
  TOTAL              153312 / 153312

--- FETCHES (edit / copy / set) ---
  Bool               3 / 0 / 0
  Int                19 / 0 / 0
  I64                6 / 0 / 0
  F32                3 / 0 / 0
  F64                3 / 0 / 0
  Vec3               10 / 0 / 0
  Debug_Stats        15 / 0 / 0

--- FIELD OCCUPANCY ---
  Field[0] 'field' levels:4 dims:3
    bounds X:[-8.0000,8.0000] Y:[-8.0000,8.0000] Z:[-8.0000,8.0000]
    level 0: 1 / 1 cells occupied
    level 1: 1 / 8 cells occupied
    level 2: 1 / 64 cells occupied
    level 3: 1 / 512 cells occupied
    level 4: 1 / 4096 cells occupied
  Field[1] 'model_field' levels:4 dims:3
    bounds X:[-0.0280,0.0280] Y:[-0.0000,0.1515] Z:[-0.0280,0.0280]
    level 0: 1 / 1 cells occupied
    level 1: 8 / 8 cells occupied
    level 2: 47 / 64 cells occupied
    level 3: 308 / 512 cells occupied
    level 4: 1217 / 4096 cells occupied

  Screen Fields: 65793 total | 46432 with occupied cells
  Root SF [2] levels:4 dims:2 bounds X:[0,800] Y:[0,600]
    level 0: 0 / 1
    level 1: 0 / 4
    level 2: 0 / 16
    level 3: 0 / 64
    level 4: 0 / 256

[F2: enable fetch timing]

---
=== HOLLOWS ENGINE ===
FPS: 1 | Pixel: 777.5ms | Input: 0.001ms | Texture: 0.530ms
Camera: [0.00, 0.08, 0.02]

--- DATA (valid / total) ---
  Bool               2 / 2
  Int                6 / 6
  I64                2 / 2
  F32                5 / 5
  F64                2 / 2
  CString            6 / 6
  Vec3               1 / 1
  Vertex             29162 / 29162
  Vertex_Cache       29162 / 29162
  Debug_Stats        1 / 1
  FrameData          1 / 1
  Strings_Builder    1 / 1
  DataPoint          29164 / 29164
  Field              65795 / 65795
  Model              1 / 1
  Face_List          1 / 1
  TOTAL              153312 / 153312

--- FETCHES (edit / copy / set) ---
  Bool               3 / 0 / 0
  Int                19 / 0 / 0
  I64                6 / 0 / 0
  F32                3 / 0 / 0
  F64                3 / 0 / 0
  Vec3               10 / 0 / 0
  Debug_Stats        15 / 0 / 0

--- FIELD OCCUPANCY ---
  Field[0] 'field' levels:4 dims:3
    bounds X:[-8.0000,8.0000] Y:[-8.0000,8.0000] Z:[-8.0000,8.0000]
    level 0: 1 / 1 cells occupied
    level 1: 1 / 8 cells occupied
    level 2: 1 / 64 cells occupied
    level 3: 1 / 512 cells occupied
    level 4: 1 / 4096 cells occupied
  Field[1] 'model_field' levels:4 dims:3
    bounds X:[-0.0280,0.0280] Y:[-0.0000,0.1515] Z:[-0.0280,0.0280]
    level 0: 1 / 1 cells occupied
    level 1: 8 / 8 cells occupied
    level 2: 47 / 64 cells occupied
    level 3: 308 / 512 cells occupied
    level 4: 1217 / 4096 cells occupied

  Screen Fields: 65793 total | 46432 with occupied cells
  Root SF [2] levels:4 dims:2 bounds X:[0,800] Y:[0,600]
    level 0: 0 / 1
    level 1: 0 / 4
    level 2: 0 / 16
    level 3: 0 / 64
    level 4: 0 / 256

[F2: enable fetch timing]

---
=== HOLLOWS ENGINE ===
FPS: 1 | Pixel: 777.7ms | Input: 0.000ms | Texture: 0.523ms
Camera: [0.00, 0.08, 0.02]

--- DATA (valid / total) ---
  Bool               2 / 2
  Int                6 / 6
  I64                2 / 2
  F32                5 / 5
  F64                2 / 2
  CString            6 / 6
  Vec3               1 / 1
  Vertex             29162 / 29162
  Vertex_Cache       29162 / 29162
  Debug_Stats        1 / 1
  FrameData          1 / 1
  Strings_Builder    1 / 1
  DataPoint          29164 / 29164
  Field              65795 / 65795
  Model              1 / 1
  Face_List          1 / 1
  TOTAL              153312 / 153312

--- FETCHES (edit / copy / set) ---
  Bool               3 / 0 / 0
  Int                19 / 0 / 0
  I64                6 / 0 / 0
  F32                3 / 0 / 0
  F64                3 / 0 / 0
  Vec3               10 / 0 / 0
  Debug_Stats        15 / 0 / 0

--- FIELD OCCUPANCY ---
  Field[0] 'field' levels:4 dims:3
    bounds X:[-8.0000,8.0000] Y:[-8.0000,8.0000] Z:[-8.0000,8.0000]
    level 0: 1 / 1 cells occupied
    level 1: 1 / 8 cells occupied
    level 2: 1 / 64 cells occupied
    level 3: 1 / 512 cells occupied
    level 4: 1 / 4096 cells occupied
  Field[1] 'model_field' levels:4 dims:3
    bounds X:[-0.0280,0.0280] Y:[-0.0000,0.1515] Z:[-0.0280,0.0280]
    level 0: 1 / 1 cells occupied
    level 1: 8 / 8 cells occupied
    level 2: 47 / 64 cells occupied
    level 3: 308 / 512 cells occupied
    level 4: 1217 / 4096 cells occupied

  Screen Fields: 65793 total | 46432 with occupied cells
  Root SF [2] levels:4 dims:2 bounds X:[0,800] Y:[0,600]
    level 0: 0 / 1
    level 1: 0 / 4
    level 2: 0 / 16
    level 3: 0 / 64
    level 4: 0 / 256

[F2: enable fetch timing]

---
=== HOLLOWS ENGINE ===
FPS: 1 | Pixel: 777.1ms | Input: 0.001ms | Texture: 0.519ms
Camera: [0.00, 0.08, 0.02]

--- DATA (valid / total) ---
  Bool               2 / 2
  Int                6 / 6
  I64                2 / 2
  F32                5 / 5
  F64                2 / 2
  CString            6 / 6
  Vec3               1 / 1
  Vertex             29162 / 29162
  Vertex_Cache       29162 / 29162
  Debug_Stats        1 / 1
  FrameData          1 / 1
  Strings_Builder    1 / 1
  DataPoint          29164 / 29164
  Field              65795 / 65795
  Model              1 / 1
  Face_List          1 / 1
  TOTAL              153312 / 153312

--- FETCHES (edit / copy / set) ---
  Bool               3 / 0 / 0
  Int                19 / 0 / 0
  I64                6 / 0 / 0
  F32                3 / 0 / 0
  F64                3 / 0 / 0
  Vec3               10 / 0 / 0
  Debug_Stats        15 / 0 / 0

--- FIELD OCCUPANCY ---
  Field[0] 'field' levels:4 dims:3
    bounds X:[-8.0000,8.0000] Y:[-8.0000,8.0000] Z:[-8.0000,8.0000]
    level 0: 1 / 1 cells occupied
    level 1: 1 / 8 cells occupied
    level 2: 1 / 64 cells occupied
    level 3: 1 / 512 cells occupied
    level 4: 1 / 4096 cells occupied
  Field[1] 'model_field' levels:4 dims:3
    bounds X:[-0.0280,0.0280] Y:[-0.0000,0.1515] Z:[-0.0280,0.0280]
    level 0: 1 / 1 cells occupied
    level 1: 8 / 8 cells occupied
    level 2: 47 / 64 cells occupied
    level 3: 308 / 512 cells occupied
    level 4: 1217 / 4096 cells occupied

  Screen Fields: 65793 total | 46432 with occupied cells
  Root SF [2] levels:4 dims:2 bounds X:[0,800] Y:[0,600]
    level 0: 0 / 1
    level 1: 0 / 4
    level 2: 0 / 16
    level 3: 0 / 64
    level 4: 0 / 256

[F2: enable fetch timing]

---
=== HOLLOWS ENGINE ===
FPS: 1 | Pixel: 776.9ms | Input: 0.000ms | Texture: 0.531ms
Camera: [0.00, 0.08, 0.02]

--- DATA (valid / total) ---
  Bool               2 / 2
  Int                6 / 6
  I64                2 / 2
  F32                5 / 5
  F64                2 / 2
  CString            6 / 6
  Vec3               1 / 1
  Vertex             29162 / 29162
  Vertex_Cache       29162 / 29162
  Debug_Stats        1 / 1
  FrameData          1 / 1
  Strings_Builder    1 / 1
  DataPoint          29164 / 29164
  Field              65795 / 65795
  Model              1 / 1
  Face_List          1 / 1
  TOTAL              153312 / 153312

--- FETCHES (edit / copy / set) ---
  Bool               3 / 0 / 0
  Int                19 / 0 / 0
  I64                6 / 0 / 0
  F32                3 / 0 / 0
  F64                3 / 0 / 0
  Vec3               10 / 0 / 0
  Debug_Stats        15 / 0 / 0

--- FIELD OCCUPANCY ---
  Field[0] 'field' levels:4 dims:3
    bounds X:[-8.0000,8.0000] Y:[-8.0000,8.0000] Z:[-8.0000,8.0000]
    level 0: 1 / 1 cells occupied
    level 1: 1 / 8 cells occupied
    level 2: 1 / 64 cells occupied
    level 3: 1 / 512 cells occupied
    level 4: 1 / 4096 cells occupied
  Field[1] 'model_field' levels:4 dims:3
    bounds X:[-0.0280,0.0280] Y:[-0.0000,0.1515] Z:[-0.0280,0.0280]
    level 0: 1 / 1 cells occupied
    level 1: 8 / 8 cells occupied
    level 2: 47 / 64 cells occupied
    level 3: 308 / 512 cells occupied
    level 4: 1217 / 4096 cells occupied

  Screen Fields: 65793 total | 46432 with occupied cells
  Root SF [2] levels:4 dims:2 bounds X:[0,800] Y:[0,600]
    level 0: 0 / 1
    level 1: 0 / 4
    level 2: 0 / 16
    level 3: 0 / 64
    level 4: 0 / 256

[F2: enable fetch timing]

---
