=== HOLLOWS ENGINE ===
FPS: 0 | Pixel: 0.0ms | Input: 0.001ms | Texture: 0.000ms
Camera: [0.00, 0.08, 5.03]

--- DATA (valid / total) ---
  Bool               2 / 2
  Int                6 / 6
  I64                2 / 2
  F32                5 / 5
  F64                2 / 2
  CString            6 / 6
  Vec3               1 / 1
  Vertex             29162 / 29162
  Vertex_Cache       29162 / 29162
  Debug_Stats        1 / 1
  FrameData          1 / 1
  Strings_Builder    1 / 1
  DataPoint          29164 / 29164
  Field              1027 / 1027
  Model              1 / 1
  Face_List          1 / 1
  TOTAL              88544 / 88544

--- FETCHES (edit / copy / set) ---
  Bool               2 / 0 / 0
  Int                20 / 0 / 0
  I64                2 / 0 / 0
  F32                1 / 0 / 0
  F64                1 / 0 / 0
  CString            5 / 0 / 0
  Vec3               6 / 0 / 0
  Debug_Stats        3 / 0 / 0
  Strings_Builder    1 / 0 / 0
  DataPoint          2 / 0 / 0
  Field              2 / 0 / 0

--- FIELD OCCUPANCY ---
  Field[0] 'field' levels:4 dims:3
    bounds X:[-8.0000,8.0000] Y:[-8.0000,8.0000] Z:[-8.0000,8.0000]
    level 0: 1 / 1 cells occupied
    level 1: 1 / 8 cells occupied
    level 2: 1 / 64 cells occupied
    level 3: 1 / 512 cells occupied
    level 4: 1 / 4096 cells occupied
  Field[1] 'model_field' levels:4 dims:3
    bounds X:[-0.0280,0.0280] Y:[-0.0000,0.1515] Z:[-0.0280,0.0280]
    level 0: 1 / 1 cells occupied
    level 1: 8 / 8 cells occupied
    level 2: 47 / 64 cells occupied
    level 3: 308 / 512 cells occupied
    level 4: 1217 / 4096 cells occupied

  Screen Fields: 1025 total | 5 with occupied cells
  Root SF [2] levels:5 dims:2 bounds X:[0,1280] Y:[0,720]
    level 0: 1 / 1
    level 1: 4 / 4
    level 2: 4 / 16
    level 3: 4 / 64
    level 4: 4 / 256
    level 5: 4 / 1024

[F2: enable fetch timing]

---
=== HOLLOWS ENGINE ===
FPS: 31 | Pixel: 30.4ms | Input: 0.000ms | Texture: 0.957ms
Camera: [0.00, 0.08, 5.03]

--- DATA (valid / total) ---
  Bool               2 / 2
  Int                6 / 6
  I64                2 / 2
  F32                5 / 5
  F64                2 / 2
  CString            6 / 6
  Vec3               1 / 1
  Vertex             29162 / 29162
  Vertex_Cache       29162 / 29162
  Debug_Stats        1 / 1
  FrameData          1 / 1
  Strings_Builder    1 / 1
  DataPoint          29164 / 29164
  Field              1027 / 1027
  Model              1 / 1
  Face_List          1 / 1
  TOTAL              88544 / 88544

--- FETCHES (edit / copy / set) ---
  Bool               63 / 0 / 0
  Int                379 / 0 / 0
  I64                126 / 0 / 0
  F32                63 / 0 / 0
  F64                63 / 0 / 0
  Vec3               190 / 0 / 0
  Debug_Stats        315 / 0 / 0

--- FIELD OCCUPANCY ---
  Field[0] 'field' levels:4 dims:3
    bounds X:[-8.0000,8.0000] Y:[-8.0000,8.0000] Z:[-8.0000,8.0000]
    level 0: 1 / 1 cells occupied
    level 1: 1 / 8 cells occupied
    level 2: 1 / 64 cells occupied
    level 3: 1 / 512 cells occupied
    level 4: 1 / 4096 cells occupied
  Field[1] 'model_field' levels:4 dims:3
    bounds X:[-0.0280,0.0280] Y:[-0.0000,0.1515] Z:[-0.0280,0.0280]
    level 0: 1 / 1 cells occupied
    level 1: 8 / 8 cells occupied
    level 2: 47 / 64 cells occupied
    level 3: 308 / 512 cells occupied
    level 4: 1217 / 4096 cells occupied

  Screen Fields: 1025 total | 5 with occupied cells
  Root SF [2] levels:5 dims:2 bounds X:[0,1280] Y:[0,720]
    level 0: 1 / 1
    level 1: 4 / 4
    level 2: 4 / 16
    level 3: 4 / 64
    level 4: 4 / 256
    level 5: 4 / 1024

[F2: enable fetch timing]

---
=== HOLLOWS ENGINE ===
FPS: 30 | Pixel: 30.9ms | Input: 0.000ms | Texture: 0.955ms
Camera: [0.00, 0.08, 2.17]

--- DATA (valid / total) ---
  Bool               2 / 2
  Int                6 / 6
  I64                2 / 2
  F32                5 / 5
  F64                2 / 2
  CString            6 / 6
  Vec3               1 / 1
  Vertex             29162 / 29162
  Vertex_Cache       29162 / 29162
  Debug_Stats        1 / 1
  FrameData          1 / 1
  Strings_Builder    1 / 1
  DataPoint          29164 / 29164
  Field              1027 / 1027
  Model              1 / 1
  Face_List          1 / 1
  TOTAL              88544 / 88544

--- FETCHES (edit / copy / set) ---
  Bool               64 / 0 / 0
  Int                385 / 0 / 0
  I64                128 / 0 / 0
  F32                64 / 0 / 0
  F64                64 / 0 / 0
  Vec3               193 / 0 / 0
  Debug_Stats        320 / 0 / 0

--- FIELD OCCUPANCY ---
  Field[0] 'field' levels:4 dims:3
    bounds X:[-8.0000,8.0000] Y:[-8.0000,8.0000] Z:[-8.0000,8.0000]
    level 0: 1 / 1 cells occupied
    level 1: 1 / 8 cells occupied
    level 2: 1 / 64 cells occupied
    level 3: 1 / 512 cells occupied
    level 4: 1 / 4096 cells occupied
  Field[1] 'model_field' levels:4 dims:3
    bounds X:[-0.0280,0.0280] Y:[-0.0000,0.1515] Z:[-0.0280,0.0280]
    level 0: 1 / 1 cells occupied
    level 1: 8 / 8 cells occupied
    level 2: 47 / 64 cells occupied
    level 3: 308 / 512 cells occupied
    level 4: 1217 / 4096 cells occupied

  Screen Fields: 1025 total | 5 with occupied cells
  Root SF [2] levels:5 dims:2 bounds X:[0,1280] Y:[0,720]
    level 0: 1 / 1
    level 1: 4 / 4
    level 2: 4 / 16
    level 3: 4 / 64
    level 4: 4 / 256
    level 5: 4 / 1024

[F2: enable fetch timing]

---
=== HOLLOWS ENGINE ===
FPS: 5 | Pixel: 195.6ms | Input: 0.001ms | Texture: 1.009ms
Camera: [0.00, 0.08, 0.11]

--- DATA (valid / total) ---
  Bool               2 / 2
  Int                6 / 6
  I64                2 / 2
  F32                5 / 5
  F64                2 / 2
  CString            6 / 6
  Vec3               1 / 1
  Vertex             29162 / 29162
  Vertex_Cache       29162 / 29162
  Debug_Stats        1 / 1
  FrameData          1 / 1
  Strings_Builder    1 / 1
  DataPoint          29164 / 29164
  Field              1027 / 1027
  Model              1 / 1
  Face_List          1 / 1
  TOTAL              88544 / 88544

--- FETCHES (edit / copy / set) ---
  Bool               33 / 0 / 0
  Int                199 / 0 / 0
  I64                66 / 0 / 0
  F32                33 / 0 / 0
  F64                33 / 0 / 0
  Vec3               100 / 0 / 0
  Debug_Stats        165 / 0 / 0

--- FIELD OCCUPANCY ---
  Field[0] 'field' levels:4 dims:3
    bounds X:[-8.0000,8.0000] Y:[-8.0000,8.0000] Z:[-8.0000,8.0000]
    level 0: 1 / 1 cells occupied
    level 1: 1 / 8 cells occupied
    level 2: 1 / 64 cells occupied
    level 3: 1 / 512 cells occupied
    level 4: 1 / 4096 cells occupied
  Field[1] 'model_field' levels:4 dims:3
    bounds X:[-0.0280,0.0280] Y:[-0.0000,0.1515] Z:[-0.0280,0.0280]
    level 0: 1 / 1 cells occupied
    level 1: 8 / 8 cells occupied
    level 2: 47 / 64 cells occupied
    level 3: 308 / 512 cells occupied
    level 4: 1217 / 4096 cells occupied

  Screen Fields: 1025 total | 163 with occupied cells
  Root SF [2] levels:5 dims:2 bounds X:[0,1280] Y:[0,720]
    level 0: 1 / 1
    level 1: 4 / 4
    level 2: 8 / 16
    level 3: 16 / 64
    level 4: 48 / 256
    level 5: 162 / 1024

[F2: enable fetch timing]

---
=== HOLLOWS ENGINE ===
FPS: 5 | Pixel: 194.9ms | Input: 0.000ms | Texture: 1.014ms
Camera: [0.00, 0.08, 0.11]

--- DATA (valid / total) ---
  Bool               2 / 2
  Int                6 / 6
  I64                2 / 2
  F32                5 / 5
  F64                2 / 2
  CString            6 / 6
  Vec3               1 / 1
  Vertex             29162 / 29162
  Vertex_Cache       29162 / 29162
  Debug_Stats        1 / 1
  FrameData          1 / 1
  Strings_Builder    1 / 1
  DataPoint          29164 / 29164
  Field              1027 / 1027
  Model              1 / 1
  Face_List          1 / 1
  TOTAL              88544 / 88544

--- FETCHES (edit / copy / set) ---
  Bool               11 / 0 / 0
  Int                67 / 0 / 0
  I64                22 / 0 / 0
  F32                11 / 0 / 0
  F64                11 / 0 / 0
  Vec3               34 / 0 / 0
  Debug_Stats        55 / 0 / 0

--- FIELD OCCUPANCY ---
  Field[0] 'field' levels:4 dims:3
    bounds X:[-8.0000,8.0000] Y:[-8.0000,8.0000] Z:[-8.0000,8.0000]
    level 0: 1 / 1 cells occupied
    level 1: 1 / 8 cells occupied
    level 2: 1 / 64 cells occupied
    level 3: 1 / 512 cells occupied
    level 4: 1 / 4096 cells occupied
  Field[1] 'model_field' levels:4 dims:3
    bounds X:[-0.0280,0.0280] Y:[-0.0000,0.1515] Z:[-0.0280,0.0280]
    level 0: 1 / 1 cells occupied
    level 1: 8 / 8 cells occupied
    level 2: 47 / 64 cells occupied
    level 3: 308 / 512 cells occupied
    level 4: 1217 / 4096 cells occupied

  Screen Fields: 1025 total | 163 with occupied cells
  Root SF [2] levels:5 dims:2 bounds X:[0,1280] Y:[0,720]
    level 0: 1 / 1
    level 1: 4 / 4
    level 2: 8 / 16
    level 3: 16 / 64
    level 4: 48 / 256
    level 5: 162 / 1024

[F2: enable fetch timing]

---
=== HOLLOWS ENGINE ===
FPS: 5 | Pixel: 195.0ms | Input: 0.000ms | Texture: 1.013ms
Camera: [0.00, 0.08, 0.11]

--- DATA (valid / total) ---
  Bool               2 / 2
  Int                6 / 6
  I64                2 / 2
  F32                5 / 5
  F64                2 / 2
  CString            6 / 6
  Vec3               1 / 1
  Vertex             29162 / 29162
  Vertex_Cache       29162 / 29162
  Debug_Stats        1 / 1
  FrameData          1 / 1
  Strings_Builder    1 / 1
  DataPoint          29164 / 29164
  Field              1027 / 1027
  Model              1 / 1
  Face_List          1 / 1
  TOTAL              88544 / 88544

--- FETCHES (edit / copy / set) ---
  Bool               10 / 0 / 0
  Int                66 / 0 / 0
  I64                20 / 0 / 0
  F32                10 / 0 / 0
  F64                10 / 0 / 0
  CString            2 / 0 / 0
  Vec3               32 / 0 / 0
  Debug_Stats        51 / 0 / 0

--- FIELD OCCUPANCY ---
  Field[0] 'field' levels:4 dims:3
    bounds X:[-8.0000,8.0000] Y:[-8.0000,8.0000] Z:[-8.0000,8.0000]
    level 0: 1 / 1 cells occupied
    level 1: 1 / 8 cells occupied
    level 2: 1 / 64 cells occupied
    level 3: 1 / 512 cells occupied
    level 4: 1 / 4096 cells occupied
  Field[1] 'model_field' levels:4 dims:3
    bounds X:[-0.0280,0.0280] Y:[-0.0000,0.1515] Z:[-0.0280,0.0280]
    level 0: 1 / 1 cells occupied
    level 1: 8 / 8 cells occupied
    level 2: 47 / 64 cells occupied
    level 3: 308 / 512 cells occupied
    level 4: 1217 / 4096 cells occupied

  Screen Fields: 1025 total | 163 with occupied cells
  Root SF [2] levels:5 dims:2 bounds X:[0,1280] Y:[0,720]
    level 0: 1 / 1
    level 1: 4 / 4
    level 2: 8 / 16
    level 3: 16 / 64
    level 4: 48 / 256
    level 5: 162 / 1024

[F2: enable fetch timing]

---
=== HOLLOWS ENGINE ===
FPS: 5 | Pixel: 195.1ms | Input: 0.000ms | Texture: 0.996ms
Camera: [0.00, 0.08, 0.11]

--- DATA (valid / total) ---
  Bool               2 / 2
  Int                6 / 6
  I64                2 / 2
  F32                5 / 5
  F64                2 / 2
  CString            6 / 6
  Vec3               1 / 1
  Vertex             29162 / 29162
  Vertex_Cache       29162 / 29162
  Debug_Stats        1 / 1
  FrameData          1 / 1
  Strings_Builder    1 / 1
  DataPoint          29164 / 29164
  Field              1027 / 1027
  Model              1 / 1
  Face_List          1 / 1
  TOTAL              88544 / 88544

--- FETCHES (edit / copy / set) ---
  Bool               11 / 0 / 0
  Int                67 / 0 / 0
  I64                22 / 0 / 0
  F32                11 / 0 / 0
  F64                11 / 0 / 0
  Vec3               34 / 0 / 0
  Debug_Stats        55 / 0 / 0

--- FIELD OCCUPANCY ---
  Field[0] 'field' levels:4 dims:3
    bounds X:[-8.0000,8.0000] Y:[-8.0000,8.0000] Z:[-8.0000,8.0000]
    level 0: 1 / 1 cells occupied
    level 1: 1 / 8 cells occupied
    level 2: 1 / 64 cells occupied
    level 3: 1 / 512 cells occupied
    level 4: 1 / 4096 cells occupied
  Field[1] 'model_field' levels:4 dims:3
    bounds X:[-0.0280,0.0280] Y:[-0.0000,0.1515] Z:[-0.0280,0.0280]
    level 0: 1 / 1 cells occupied
    level 1: 8 / 8 cells occupied
    level 2: 47 / 64 cells occupied
    level 3: 308 / 512 cells occupied
    level 4: 1217 / 4096 cells occupied

  Screen Fields: 1025 total | 163 with occupied cells
  Root SF [2] levels:5 dims:2 bounds X:[0,1280] Y:[0,720]
    level 0: 1 / 1
    level 1: 4 / 4
    level 2: 8 / 16
    level 3: 16 / 64
    level 4: 48 / 256
    level 5: 162 / 1024

[F2: enable fetch timing]

---
=== HOLLOWS ENGINE ===
FPS: 5 | Pixel: 195.1ms | Input: 0.000ms | Texture: 1.002ms
Camera: [0.00, 0.08, 0.11]

--- DATA (valid / total) ---
  Bool               2 / 2
  Int                6 / 6
  I64                2 / 2
  F32                5 / 5
  F64                2 / 2
  CString            6 / 6
  Vec3               1 / 1
  Vertex             29162 / 29162
  Vertex_Cache       29162 / 29162
  Debug_Stats        1 / 1
  FrameData          1 / 1
  Strings_Builder    1 / 1
  DataPoint          29164 / 29164
  Field              1027 / 1027
  Model              1 / 1
  Face_List          1 / 1
  TOTAL              88544 / 88544

--- FETCHES (edit / copy / set) ---
  Bool               11 / 0 / 0
  Int                67 / 0 / 0
  I64                22 / 0 / 0
  F32                11 / 0 / 0
  F64                11 / 0 / 0
  Vec3               34 / 0 / 0
  Debug_Stats        55 / 0 / 0

--- FIELD OCCUPANCY ---
  Field[0] 'field' levels:4 dims:3
    bounds X:[-8.0000,8.0000] Y:[-8.0000,8.0000] Z:[-8.0000,8.0000]
    level 0: 1 / 1 cells occupied
    level 1: 1 / 8 cells occupied
    level 2: 1 / 64 cells occupied
    level 3: 1 / 512 cells occupied
    level 4: 1 / 4096 cells occupied
  Field[1] 'model_field' levels:4 dims:3
    bounds X:[-0.0280,0.0280] Y:[-0.0000,0.1515] Z:[-0.0280,0.0280]
    level 0: 1 / 1 cells occupied
    level 1: 8 / 8 cells occupied
    level 2: 47 / 64 cells occupied
    level 3: 308 / 512 cells occupied
    level 4: 1217 / 4096 cells occupied

  Screen Fields: 1025 total | 163 with occupied cells
  Root SF [2] levels:5 dims:2 bounds X:[0,1280] Y:[0,720]
    level 0: 1 / 1
    level 1: 4 / 4
    level 2: 8 / 16
    level 3: 16 / 64
    level 4: 48 / 256
    level 5: 162 / 1024

[F2: enable fetch timing]

---
=== HOLLOWS ENGINE ===
FPS: 31 | Pixel: 31.2ms | Input: 0.000ms | Texture: 0.963ms
Camera: [0.00, 0.08, 2.27]

--- DATA (valid / total) ---
  Bool               2 / 2
  Int                6 / 6
  I64                2 / 2
  F32                5 / 5
  F64                2 / 2
  CString            6 / 6
  Vec3               1 / 1
  Vertex             29162 / 29162
  Vertex_Cache       29162 / 29162
  Debug_Stats        1 / 1
  FrameData          1 / 1
  Strings_Builder    1 / 1
  DataPoint          29164 / 29164
  Field              1027 / 1027
  Model              1 / 1
  Face_List          1 / 1
  TOTAL              88544 / 88544

--- FETCHES (edit / copy / set) ---
  Bool               590 / 0 / 0
  Int                3541 / 0 / 0
  I64                1180 / 0 / 0
  F32                590 / 0 / 0
  F64                590 / 0 / 0
  Vec3               1771 / 0 / 0
  Debug_Stats        2950 / 0 / 0

--- FIELD OCCUPANCY ---
  Field[0] 'field' levels:4 dims:3
    bounds X:[-8.0000,8.0000] Y:[-8.0000,8.0000] Z:[-8.0000,8.0000]
    level 0: 1 / 1 cells occupied
    level 1: 1 / 8 cells occupied
    level 2: 1 / 64 cells occupied
    level 3: 1 / 512 cells occupied
    level 4: 1 / 4096 cells occupied
  Field[1] 'model_field' levels:4 dims:3
    bounds X:[-0.0280,0.0280] Y:[-0.0000,0.1515] Z:[-0.0280,0.0280]
    level 0: 1 / 1 cells occupied
    level 1: 8 / 8 cells occupied
    level 2: 47 / 64 cells occupied
    level 3: 308 / 512 cells occupied
    level 4: 1217 / 4096 cells occupied

  Screen Fields: 1025 total | 5 with occupied cells
  Root SF [2] levels:5 dims:2 bounds X:[0,1280] Y:[0,720]
    level 0: 1 / 1
    level 1: 4 / 4
    level 2: 4 / 16
    level 3: 4 / 64
    level 4: 4 / 256
    level 5: 4 / 1024

[F2: enable fetch timing]

---
