=== HOLLOWS ENGINE ===
FPS: 0 | Pixel: 0.0ms | Input: 0.000ms | Texture: 0.000ms
Camera: [0.00, 0.08, 5.03]

--- DATA (valid / total) ---
  Bool               1 / 1
  Int                4 / 4
  I64                2 / 2
  F32                5 / 5
  F64                2 / 2
  CString            6 / 6
  Vec3               1 / 1
  Vertex             29162 / 29162
  Vertex_Cache       29162 / 29162
  Debug_Stats        1 / 1
  FrameData          1 / 1
  Strings_Builder    1 / 1
  DataPoint          29352 / 29352
  Field              2 / 2
  TOTAL              87702 / 87702

--- FETCHES (edit / copy / set) ---
  Int                330966 / 0 / 0
  I64                2 / 0 / 0
  F32                1 / 0 / 0
  F64                1 / 0 / 0
  CString            5 / 0 / 0
  Vec3               330962 / 0 / 0
  Debug_Stats        3 / 0 / 0
  Strings_Builder    1 / 0 / 0
  DataPoint          2 / 0 / 0
  Field              3 / 0 / 0

--- FIELD OCCUPANCY ---
  Field[0] 'field' levels:4
    bounds X:[-8.0000,8.0000] Y:[-8.0000,8.0000] Z:[-8.0000,8.0000]
    level 0: 1 / 1 cells occupied
    level 1: 1 / 8 cells occupied
    level 2: 1 / 64 cells occupied
    level 3: 1 / 512 cells occupied
    level 4: 1 / 4096 cells occupied
  Field[1] 'model_field' levels:4
    bounds X:[-0.0280,0.0280] Y:[-0.0000,0.1515] Z:[-0.0280,0.0280]
    level 0: 1 / 1 cells occupied
    level 1: 8 / 8 cells occupied
    level 2: 47 / 64 cells occupied
    level 3: 308 / 512 cells occupied
    level 4: 1217 / 4096 cells occupied

[F2: enable fetch timing]

---
=== HOLLOWS ENGINE ===
FPS: 95 | Pixel: 9.4ms | Input: 0.000ms | Texture: 0.956ms
Camera: [0.00, 0.08, 5.03]

--- DATA (valid / total) ---
  Bool               1 / 1
  Int                4 / 4
  I64                2 / 2
  F32                5 / 5
  F64                2 / 2
  CString            6 / 6
  Vec3               1 / 1
  Vertex             29162 / 29162
  Vertex_Cache       29162 / 29162
  Debug_Stats        1 / 1
  FrameData          1 / 1
  Strings_Builder    1 / 1
  DataPoint          45332 / 45332
  Field              2 / 2
  TOTAL              103682 / 103682

--- FETCHES (edit / copy / set) ---
  Int                28131431 / 0 / 0
  I64                340 / 0 / 0
  F32                170 / 0 / 0
  F64                170 / 0 / 0
  Vec3               28131771 / 0 / 0
  Debug_Stats        850 / 0 / 0

--- FIELD OCCUPANCY ---
  Field[0] 'field' levels:4
    bounds X:[-8.0000,8.0000] Y:[-8.0000,8.0000] Z:[-8.0000,8.0000]
    level 0: 1 / 1 cells occupied
    level 1: 1 / 8 cells occupied
    level 2: 1 / 64 cells occupied
    level 3: 1 / 512 cells occupied
    level 4: 1 / 4096 cells occupied
  Field[1] 'model_field' levels:4
    bounds X:[-0.0280,0.0280] Y:[-0.0000,0.1515] Z:[-0.0280,0.0280]
    level 0: 1 / 1 cells occupied
    level 1: 8 / 8 cells occupied
    level 2: 47 / 64 cells occupied
    level 3: 308 / 512 cells occupied
    level 4: 1217 / 4096 cells occupied

[F2: enable fetch timing]

---
=== HOLLOWS ENGINE ===
FPS: 85 | Pixel: 10.4ms | Input: 0.000ms | Texture: 1.051ms
Camera: [0.00, 0.08, 1.58]

--- DATA (valid / total) ---
  Bool               1 / 1
  Int                4 / 4
  I64                2 / 2
  F32                5 / 5
  F64                2 / 2
  CString            6 / 6
  Vec3               1 / 1
  Vertex             29162 / 29162
  Vertex_Cache       29162 / 29162
  Debug_Stats        1 / 1
  FrameData          1 / 1
  Strings_Builder    1 / 1
  DataPoint          65351 / 65351
  Field              2 / 2
  TOTAL              123701 / 123701

--- FETCHES (edit / copy / set) ---
  Int                27608340 / 0 / 0
  I64                334 / 0 / 0
  F32                167 / 0 / 0
  F64                167 / 0 / 0
  Vec3               27608674 / 0 / 0
  Debug_Stats        835 / 0 / 0

--- FIELD OCCUPANCY ---
  Field[0] 'field' levels:4
    bounds X:[-8.0000,8.0000] Y:[-8.0000,8.0000] Z:[-8.0000,8.0000]
    level 0: 1 / 1 cells occupied
    level 1: 1 / 8 cells occupied
    level 2: 1 / 64 cells occupied
    level 3: 1 / 512 cells occupied
    level 4: 1 / 4096 cells occupied
  Field[1] 'model_field' levels:4
    bounds X:[-0.0280,0.0280] Y:[-0.0000,0.1515] Z:[-0.0280,0.0280]
    level 0: 1 / 1 cells occupied
    level 1: 8 / 8 cells occupied
    level 2: 47 / 64 cells occupied
    level 3: 308 / 512 cells occupied
    level 4: 1217 / 4096 cells occupied

[F2: enable fetch timing]

---
=== HOLLOWS ENGINE ===
FPS: 1 | Pixel: 479.9ms | Input: 0.001ms | Texture: 0.982ms
Camera: [0.00, 0.08, 0.05]

--- DATA (valid / total) ---
  Bool               1 / 1
  Int                4 / 4
  I64                2 / 2
  F32                5 / 5
  F64                2 / 2
  CString            6 / 6
  Vec3               1 / 1
  Vertex             29162 / 29162
  Vertex_Cache       29162 / 29162
  Debug_Stats        1 / 1
  FrameData          1 / 1
  Strings_Builder    1 / 1
  DataPoint          2252620 / 2252620
  Field              2 / 2
  TOTAL              2310970 / 2310970

--- FETCHES (edit / copy / set) ---
  Int                10148953 / 0 / 0
  I64                98 / 0 / 0
  F32                49 / 0 / 0
  F64                49 / 0 / 0
  Vec3               10149051 / 0 / 0
  Debug_Stats        245 / 0 / 0

--- FIELD OCCUPANCY ---
  Field[0] 'field' levels:4
    bounds X:[-8.0000,8.0000] Y:[-8.0000,8.0000] Z:[-8.0000,8.0000]
    level 0: 1 / 1 cells occupied
    level 1: 1 / 8 cells occupied
    level 2: 1 / 64 cells occupied
    level 3: 1 / 512 cells occupied
    level 4: 1 / 4096 cells occupied
  Field[1] 'model_field' levels:4
    bounds X:[-0.0280,0.0280] Y:[-0.0000,0.1515] Z:[-0.0280,0.0280]
    level 0: 1 / 1 cells occupied
    level 1: 8 / 8 cells occupied
    level 2: 47 / 64 cells occupied
    level 3: 308 / 512 cells occupied
    level 4: 1217 / 4096 cells occupied

[F2: enable fetch timing]

---
=== HOLLOWS ENGINE ===
FPS: 86 | Pixel: 10.1ms | Input: 0.000ms | Texture: 1.065ms
Camera: [0.00, 0.08, 2.18]

--- DATA (valid / total) ---
  Bool               1 / 1
  Int                4 / 4
  I64                2 / 2
  F32                5 / 5
  F64                2 / 2
  CString            6 / 6
  Vec3               1 / 1
  Vertex             29162 / 29162
  Vertex_Cache       29162 / 29162
  Debug_Stats        1 / 1
  FrameData          1 / 1
  Strings_Builder    1 / 1
  DataPoint          3534320 / 3534320
  Field              2 / 2
  TOTAL              3592670 / 3592670

--- FETCHES (edit / copy / set) ---
  Int                15568757 / 0 / 0
  I64                174 / 0 / 0
  F32                87 / 0 / 0
  F64                87 / 0 / 0
  Vec3               15568931 / 0 / 0
  Debug_Stats        435 / 0 / 0

--- FIELD OCCUPANCY ---
  Field[0] 'field' levels:4
    bounds X:[-8.0000,8.0000] Y:[-8.0000,8.0000] Z:[-8.0000,8.0000]
    level 0: 1 / 1 cells occupied
    level 1: 1 / 8 cells occupied
    level 2: 1 / 64 cells occupied
    level 3: 1 / 512 cells occupied
    level 4: 1 / 4096 cells occupied
  Field[1] 'model_field' levels:4
    bounds X:[-0.0280,0.0280] Y:[-0.0000,0.1515] Z:[-0.0280,0.0280]
    level 0: 1 / 1 cells occupied
    level 1: 8 / 8 cells occupied
    level 2: 47 / 64 cells occupied
    level 3: 308 / 512 cells occupied
    level 4: 1217 / 4096 cells occupied

[F2: enable fetch timing]

---
=== HOLLOWS ENGINE ===
FPS: 3 | Pixel: 277.3ms | Input: 0.001ms | Texture: 1.033ms
Camera: [0.00, 0.08, 0.08]

--- DATA (valid / total) ---
  Bool               1 / 1
  Int                4 / 4
  I64                2 / 2
  F32                5 / 5
  F64                2 / 2
  CString            6 / 6
  Vec3               1 / 1
  Vertex             29162 / 29162
  Vertex_Cache       29162 / 29162
  Debug_Stats        1 / 1
  FrameData          1 / 1
  Strings_Builder    1 / 1
  DataPoint          6411624 / 6411624
  Field              2 / 2
  TOTAL              6469974 / 6469974

--- FETCHES (edit / copy / set) ---
  Int                13150985 / 0 / 0
  I64                126 / 0 / 0
  F32                63 / 0 / 0
  F64                63 / 0 / 0
  Vec3               13151111 / 0 / 0
  Debug_Stats        315 / 0 / 0

--- FIELD OCCUPANCY ---
  Field[0] 'field' levels:4
    bounds X:[-8.0000,8.0000] Y:[-8.0000,8.0000] Z:[-8.0000,8.0000]
    level 0: 1 / 1 cells occupied
    level 1: 1 / 8 cells occupied
    level 2: 1 / 64 cells occupied
    level 3: 1 / 512 cells occupied
    level 4: 1 / 4096 cells occupied
  Field[1] 'model_field' levels:4
    bounds X:[-0.0280,0.0280] Y:[-0.0000,0.1515] Z:[-0.0280,0.0280]
    level 0: 1 / 1 cells occupied
    level 1: 8 / 8 cells occupied
    level 2: 47 / 64 cells occupied
    level 3: 308 / 512 cells occupied
    level 4: 1217 / 4096 cells occupied

[F2: enable fetch timing]

---
=== HOLLOWS ENGINE ===
FPS: 3 | Pixel: 293.7ms | Input: 0.000ms | Texture: 1.016ms
Camera: [0.00, 0.08, 0.08]

--- DATA (valid / total) ---
  Bool               1 / 1
  Int                4 / 4
  I64                2 / 2
  F32                5 / 5
  F64                2 / 2
  CString            6 / 6
  Vec3               1 / 1
  Vertex             29162 / 29162
  Vertex_Cache       29162 / 29162
  Debug_Stats        1 / 1
  FrameData          1 / 1
  Strings_Builder    1 / 1
  DataPoint          10204483 / 10204483
  Field              2 / 2
  TOTAL              10262833 / 10262833

--- FETCHES (edit / copy / set) ---
  Int                4930836 / 0 / 0
  I64                14 / 0 / 0
  F32                7 / 0 / 0
  F64                7 / 0 / 0
  Vec3               4930850 / 0 / 0
  Debug_Stats        35 / 0 / 0

--- FIELD OCCUPANCY ---
  Field[0] 'field' levels:4
    bounds X:[-8.0000,8.0000] Y:[-8.0000,8.0000] Z:[-8.0000,8.0000]
    level 0: 1 / 1 cells occupied
    level 1: 1 / 8 cells occupied
    level 2: 1 / 64 cells occupied
    level 3: 1 / 512 cells occupied
    level 4: 1 / 4096 cells occupied
  Field[1] 'model_field' levels:4
    bounds X:[-0.0280,0.0280] Y:[-0.0000,0.1515] Z:[-0.0280,0.0280]
    level 0: 1 / 1 cells occupied
    level 1: 8 / 8 cells occupied
    level 2: 47 / 64 cells occupied
    level 3: 308 / 512 cells occupied
    level 4: 1217 / 4096 cells occupied

[F2: enable fetch timing]

---
=== HOLLOWS ENGINE ===
FPS: 3 | Pixel: 307.9ms | Input: 0.000ms | Texture: 1.074ms
Camera: [0.00, 0.08, 0.08]

--- DATA (valid / total) ---
  Bool               1 / 1
  Int                4 / 4
  I64                2 / 2
  F32                5 / 5
  F64                2 / 2
  CString            6 / 6
  Vec3               1 / 1
  Vertex             29162 / 29162
  Vertex_Cache       29162 / 29162
  Debug_Stats        1 / 1
  FrameData          1 / 1
  Strings_Builder    1 / 1
  DataPoint          13997342 / 13997342
  Field              2 / 2
  TOTAL              14055692 / 14055692

--- FETCHES (edit / copy / set) ---
  Int                4930836 / 0 / 0
  I64                14 / 0 / 0
  F32                7 / 0 / 0
  F64                7 / 0 / 0
  Vec3               4930850 / 0 / 0
  Debug_Stats        35 / 0 / 0

--- FIELD OCCUPANCY ---
  Field[0] 'field' levels:4
    bounds X:[-8.0000,8.0000] Y:[-8.0000,8.0000] Z:[-8.0000,8.0000]
    level 0: 1 / 1 cells occupied
    level 1: 1 / 8 cells occupied
    level 2: 1 / 64 cells occupied
    level 3: 1 / 512 cells occupied
    level 4: 1 / 4096 cells occupied
  Field[1] 'model_field' levels:4
    bounds X:[-0.0280,0.0280] Y:[-0.0000,0.1515] Z:[-0.0280,0.0280]
    level 0: 1 / 1 cells occupied
    level 1: 8 / 8 cells occupied
    level 2: 47 / 64 cells occupied
    level 3: 308 / 512 cells occupied
    level 4: 1217 / 4096 cells occupied

[F2: enable fetch timing]

---
=== HOLLOWS ENGINE ===
FPS: 3 | Pixel: 311.5ms | Input: 0.000ms | Texture: 1.042ms
Camera: [0.00, 0.08, 0.08]

--- DATA (valid / total) ---
  Bool               1 / 1
  Int                4 / 4
  I64                2 / 2
  F32                5 / 5
  F64                2 / 2
  CString            6 / 6
  Vec3               1 / 1
  Vertex             29162 / 29162
  Vertex_Cache       29162 / 29162
  Debug_Stats        1 / 1
  FrameData          1 / 1
  Strings_Builder    1 / 1
  DataPoint          17790201 / 17790201
  Field              2 / 2
  TOTAL              17848551 / 17848551

--- FETCHES (edit / copy / set) ---
  Int                4930836 / 0 / 0
  I64                14 / 0 / 0
  F32                7 / 0 / 0
  F64                7 / 0 / 0
  Vec3               4930850 / 0 / 0
  Debug_Stats        35 / 0 / 0

--- FIELD OCCUPANCY ---
  Field[0] 'field' levels:4
    bounds X:[-8.0000,8.0000] Y:[-8.0000,8.0000] Z:[-8.0000,8.0000]
    level 0: 1 / 1 cells occupied
    level 1: 1 / 8 cells occupied
    level 2: 1 / 64 cells occupied
    level 3: 1 / 512 cells occupied
    level 4: 1 / 4096 cells occupied
  Field[1] 'model_field' levels:4
    bounds X:[-0.0280,0.0280] Y:[-0.0000,0.1515] Z:[-0.0280,0.0280]
    level 0: 1 / 1 cells occupied
    level 1: 8 / 8 cells occupied
    level 2: 47 / 64 cells occupied
    level 3: 308 / 512 cells occupied
    level 4: 1217 / 4096 cells occupied

[F2: enable fetch timing]

---
=== HOLLOWS ENGINE ===
FPS: 1 | Pixel: 2.9ms | Input: 0.000ms | Texture: 0.971ms
Camera: [0.00, 0.08, 0.05]

--- DATA (valid / total) ---
  Bool               1 / 1
  Int                4 / 4
  I64                2 / 2
  F32                5 / 5
  F64                2 / 2
  CString            6 / 6
  Vec3               1 / 1
  Vertex             29162 / 29162
  Vertex_Cache       29162 / 29162
  Debug_Stats        1 / 1
  FrameData          1 / 1
  Strings_Builder    1 / 1
  DataPoint          18413071 / 18413071
  Field              2 / 2
  TOTAL              18471421 / 18471421

--- FETCHES (edit / copy / set) ---
  Int                786798 / 0 / 0
  I64                632 / 0 / 0
  F32                316 / 0 / 0
  F64                316 / 0 / 0
  Vec3               787430 / 0 / 0
  Debug_Stats        1580 / 0 / 0

--- FIELD OCCUPANCY ---
  Field[0] 'field' levels:4
    bounds X:[-8.0000,8.0000] Y:[-8.0000,8.0000] Z:[-8.0000,8.0000]
    level 0: 1 / 1 cells occupied
    level 1: 1 / 8 cells occupied
    level 2: 1 / 64 cells occupied
    level 3: 1 / 512 cells occupied
    level 4: 1 / 4096 cells occupied
  Field[1] 'model_field' levels:4
    bounds X:[-0.0280,0.0280] Y:[-0.0000,0.1515] Z:[-0.0280,0.0280]
    level 0: 1 / 1 cells occupied
    level 1: 8 / 8 cells occupied
    level 2: 47 / 64 cells occupied
    level 3: 308 / 512 cells occupied
    level 4: 1217 / 4096 cells occupied

[F2: enable fetch timing]

---
=== HOLLOWS ENGINE ===
FPS: 53 | Pixel: 16.2ms | Input: 0.000ms | Texture: 0.979ms
Camera: [0.00, 0.08, 0.33]

--- DATA (valid / total) ---
  Bool               1 / 1
  Int                4 / 4
  I64                2 / 2
  F32                5 / 5
  F64                2 / 2
  CString            6 / 6
  Vec3               1 / 1
  Vertex             29162 / 29162
  Vertex_Cache       29162 / 29162
  Debug_Stats        1 / 1
  FrameData          1 / 1
  Strings_Builder    1 / 1
  DataPoint          18589948 / 18589948
  Field              2 / 2
  TOTAL              18648298 / 18648298

--- FETCHES (edit / copy / set) ---
  Int                27258118 / 0 / 0
  I64                330 / 0 / 0
  F32                165 / 0 / 0
  F64                165 / 0 / 0
  Vec3               27258448 / 0 / 0
  Debug_Stats        825 / 0 / 0

--- FIELD OCCUPANCY ---
  Field[0] 'field' levels:4
    bounds X:[-8.0000,8.0000] Y:[-8.0000,8.0000] Z:[-8.0000,8.0000]
    level 0: 1 / 1 cells occupied
    level 1: 1 / 8 cells occupied
    level 2: 1 / 64 cells occupied
    level 3: 1 / 512 cells occupied
    level 4: 1 / 4096 cells occupied
  Field[1] 'model_field' levels:4
    bounds X:[-0.0280,0.0280] Y:[-0.0000,0.1515] Z:[-0.0280,0.0280]
    level 0: 1 / 1 cells occupied
    level 1: 8 / 8 cells occupied
    level 2: 47 / 64 cells occupied
    level 3: 308 / 512 cells occupied
    level 4: 1217 / 4096 cells occupied

[F2: enable fetch timing]

---
=== HOLLOWS ENGINE ===
FPS: 262 | Pixel: 2.9ms | Input: 0.000ms | Texture: 0.940ms
Camera: [0.00, 0.08, -1.63]

--- DATA (valid / total) ---
  Bool               1 / 1
  Int                4 / 4
  I64                2 / 2
  F32                5 / 5
  F64                2 / 2
  CString            6 / 6
  Vec3               1 / 1
  Vertex             29162 / 29162
  Vertex_Cache       29162 / 29162
  Debug_Stats        1 / 1
  FrameData          1 / 1
  Strings_Builder    1 / 1
  DataPoint          19760752 / 19760752
  Field              2 / 2
  TOTAL              19819102 / 19819102

--- FETCHES (edit / copy / set) ---
  Int                7486403 / 0 / 0
  I64                512 / 0 / 0
  F32                256 / 0 / 0
  F64                256 / 0 / 0
  Vec3               7486915 / 0 / 0
  Debug_Stats        1280 / 0 / 0

--- FIELD OCCUPANCY ---
  Field[0] 'field' levels:4
    bounds X:[-8.0000,8.0000] Y:[-8.0000,8.0000] Z:[-8.0000,8.0000]
    level 0: 1 / 1 cells occupied
    level 1: 1 / 8 cells occupied
    level 2: 1 / 64 cells occupied
    level 3: 1 / 512 cells occupied
    level 4: 1 / 4096 cells occupied
  Field[1] 'model_field' levels:4
    bounds X:[-0.0280,0.0280] Y:[-0.0000,0.1515] Z:[-0.0280,0.0280]
    level 0: 1 / 1 cells occupied
    level 1: 8 / 8 cells occupied
    level 2: 47 / 64 cells occupied
    level 3: 308 / 512 cells occupied
    level 4: 1217 / 4096 cells occupied

[F2: enable fetch timing]

---
=== HOLLOWS ENGINE ===
FPS: 84 | Pixel: 10.8ms | Input: 0.000ms | Texture: 1.038ms
Camera: [0.00, 0.08, 0.97]

--- DATA (valid / total) ---
  Bool               1 / 1
  Int                4 / 4
  I64                2 / 2
  F32                5 / 5
  F64                2 / 2
  CString            6 / 6
  Vec3               1 / 1
  Vertex             29162 / 29162
  Vertex_Cache       29162 / 29162
  Debug_Stats        1 / 1
  FrameData          1 / 1
  Strings_Builder    1 / 1
  DataPoint          20588908 / 20588908
  Field              2 / 2
  TOTAL              20647258 / 20647258

--- FETCHES (edit / copy / set) ---
  Int                11452471 / 0 / 0
  I64                486 / 0 / 0
  F32                243 / 0 / 0
  F64                243 / 0 / 0
  Vec3               11452957 / 0 / 0
  Debug_Stats        1215 / 0 / 0

--- FIELD OCCUPANCY ---
  Field[0] 'field' levels:4
    bounds X:[-8.0000,8.0000] Y:[-8.0000,8.0000] Z:[-8.0000,8.0000]
    level 0: 1 / 1 cells occupied
    level 1: 1 / 8 cells occupied
    level 2: 1 / 64 cells occupied
    level 3: 1 / 512 cells occupied
    level 4: 1 / 4096 cells occupied
  Field[1] 'model_field' levels:4
    bounds X:[-0.0280,0.0280] Y:[-0.0000,0.1515] Z:[-0.0280,0.0280]
    level 0: 1 / 1 cells occupied
    level 1: 8 / 8 cells occupied
    level 2: 47 / 64 cells occupied
    level 3: 308 / 512 cells occupied
    level 4: 1217 / 4096 cells occupied

[F2: enable fetch timing]

---
=== HOLLOWS ENGINE ===
FPS: 3 | Pixel: 322.4ms | Input: 0.000ms | Texture: 1.109ms
Camera: [0.00, 0.08, 0.02]

--- DATA (valid / total) ---
  Bool               1 / 1
  Int                4 / 4
  I64                2 / 2
  F32                5 / 5
  F64                2 / 2
  CString            6 / 6
  Vec3               1 / 1
  Vertex             29162 / 29162
  Vertex_Cache       29162 / 29162
  Debug_Stats        1 / 1
  FrameData          1 / 1
  Strings_Builder    1 / 1
  DataPoint          23196903 / 23196903
  Field              2 / 2
  TOTAL              23255253 / 23255253

--- FETCHES (edit / copy / set) ---
  Int                16919929 / 0 / 0
  I64                176 / 0 / 0
  F32                88 / 0 / 0
  F64                88 / 0 / 0
  Vec3               16920105 / 0 / 0
  Debug_Stats        440 / 0 / 0

--- FIELD OCCUPANCY ---
  Field[0] 'field' levels:4
    bounds X:[-8.0000,8.0000] Y:[-8.0000,8.0000] Z:[-8.0000,8.0000]
    level 0: 1 / 1 cells occupied
    level 1: 1 / 8 cells occupied
    level 2: 1 / 64 cells occupied
    level 3: 1 / 512 cells occupied
    level 4: 1 / 4096 cells occupied
  Field[1] 'model_field' levels:4
    bounds X:[-0.0280,0.0280] Y:[-0.0000,0.1515] Z:[-0.0280,0.0280]
    level 0: 1 / 1 cells occupied
    level 1: 8 / 8 cells occupied
    level 2: 47 / 64 cells occupied
    level 3: 308 / 512 cells occupied
    level 4: 1217 / 4096 cells occupied

[F2: enable fetch timing]

---
=== HOLLOWS ENGINE ===
FPS: 264 | Pixel: 2.9ms | Input: 0.000ms | Texture: 0.944ms
Camera: [0.00, 0.08, -6.08]

--- DATA (valid / total) ---
  Bool               1 / 1
  Int                4 / 4
  I64                2 / 2
  F32                5 / 5
  F64                2 / 2
  CString            6 / 6
  Vec3               1 / 1
  Vertex             29162 / 29162
  Vertex_Cache       29162 / 29162
  Debug_Stats        1 / 1
  FrameData          1 / 1
  Strings_Builder    1 / 1
  DataPoint          23972123 / 23972123
  Field              2 / 2
  TOTAL              24030473 / 24030473

--- FETCHES (edit / copy / set) ---
  Int                929603 / 0 / 0
  I64                664 / 0 / 0
  F32                332 / 0 / 0
  F64                332 / 0 / 0
  Vec3               930267 / 0 / 0
  Debug_Stats        1660 / 0 / 0

--- FIELD OCCUPANCY ---
  Field[0] 'field' levels:4
    bounds X:[-8.0000,8.0000] Y:[-8.0000,8.0000] Z:[-8.0000,8.0000]
    level 0: 1 / 1 cells occupied
    level 1: 1 / 8 cells occupied
    level 2: 1 / 64 cells occupied
    level 3: 1 / 512 cells occupied
    level 4: 1 / 4096 cells occupied
  Field[1] 'model_field' levels:4
    bounds X:[-0.0280,0.0280] Y:[-0.0000,0.1515] Z:[-0.0280,0.0280]
    level 0: 1 / 1 cells occupied
    level 1: 8 / 8 cells occupied
    level 2: 47 / 64 cells occupied
    level 3: 308 / 512 cells occupied
    level 4: 1217 / 4096 cells occupied

[F2: enable fetch timing]

---
=== HOLLOWS ENGINE ===
FPS: 41 | Pixel: 9.3ms | Input: 0.001ms | Texture: 0.946ms
Camera: [0.00, 0.08, 2.60]

--- DATA (valid / total) ---
  Bool               1 / 1
  Int                4 / 4
  I64                2 / 2
  F32                5 / 5
  F64                2 / 2
  CString            6 / 6
  Vec3               1 / 1
  Vertex             29162 / 29162
  Vertex_Cache       29162 / 29162
  Debug_Stats        1 / 1
  FrameData          1 / 1
  Strings_Builder    1 / 1
  DataPoint          24619258 / 24619258
  Field              2 / 2
  TOTAL              24677608 / 24677608

--- FETCHES (edit / copy / set) ---
  Int                6891391 / 0 / 0
  I64                590 / 0 / 0
  F32                295 / 0 / 0
  F64                295 / 0 / 0
  Vec3               6891981 / 0 / 0
  Debug_Stats        1475 / 0 / 0

--- FIELD OCCUPANCY ---
  Field[0] 'field' levels:4
    bounds X:[-8.0000,8.0000] Y:[-8.0000,8.0000] Z:[-8.0000,8.0000]
    level 0: 1 / 1 cells occupied
    level 1: 1 / 8 cells occupied
    level 2: 1 / 64 cells occupied
    level 3: 1 / 512 cells occupied
    level 4: 1 / 4096 cells occupied
  Field[1] 'model_field' levels:4
    bounds X:[-0.0280,0.0280] Y:[-0.0000,0.1515] Z:[-0.0280,0.0280]
    level 0: 1 / 1 cells occupied
    level 1: 8 / 8 cells occupied
    level 2: 47 / 64 cells occupied
    level 3: 308 / 512 cells occupied
    level 4: 1217 / 4096 cells occupied

[F2: enable fetch timing]

---
=== HOLLOWS ENGINE ===
FPS: 264 | Pixel: 2.8ms | Input: 0.000ms | Texture: 0.935ms
Camera: [0.00, 0.08, -1.33]

--- DATA (valid / total) ---
  Bool               1 / 1
  Int                4 / 4
  I64                2 / 2
  F32                5 / 5
  F64                2 / 2
  CString            6 / 6
  Vec3               1 / 1
  Vertex             29162 / 29162
  Vertex_Cache       29162 / 29162
  Debug_Stats        1 / 1
  FrameData          1 / 1
  Strings_Builder    1 / 1
  DataPoint          25461035 / 25461035
  Field              2 / 2
  TOTAL              25519385 / 25519385

--- FETCHES (edit / copy / set) ---
  Int                15837666 / 0 / 0
  I64                374 / 0 / 0
  F32                187 / 0 / 0
  F64                187 / 0 / 0
  Vec3               15838040 / 0 / 0
  Debug_Stats        935 / 0 / 0

--- FIELD OCCUPANCY ---
  Field[0] 'field' levels:4
    bounds X:[-8.0000,8.0000] Y:[-8.0000,8.0000] Z:[-8.0000,8.0000]
    level 0: 1 / 1 cells occupied
    level 1: 1 / 8 cells occupied
    level 2: 1 / 64 cells occupied
    level 3: 1 / 512 cells occupied
    level 4: 1 / 4096 cells occupied
  Field[1] 'model_field' levels:4
    bounds X:[-0.0280,0.0280] Y:[-0.0000,0.1515] Z:[-0.0280,0.0280]
    level 0: 1 / 1 cells occupied
    level 1: 8 / 8 cells occupied
    level 2: 47 / 64 cells occupied
    level 3: 308 / 512 cells occupied
    level 4: 1217 / 4096 cells occupied

[F2: enable fetch timing]

---
=== HOLLOWS ENGINE ===
FPS: 88 | Pixel: 15.5ms | Input: 0.000ms | Texture: 1.495ms
Camera: [0.00, 0.08, 3.32]

--- DATA (valid / total) ---
  Bool               1 / 1
  Int                4 / 4
  I64                2 / 2
  F32                5 / 5
  F64                2 / 2
  CString            6 / 6
  Vec3               1 / 1
  Vertex             29162 / 29162
  Vertex_Cache       29162 / 29162
  Debug_Stats        1 / 1
  FrameData          1 / 1
  Strings_Builder    1 / 1
  DataPoint          26124749 / 26124749
  Field              2 / 2
  TOTAL              26183099 / 26183099

--- FETCHES (edit / copy / set) ---
  Int                2696225 / 0 / 0
  I64                554 / 0 / 0
  F32                277 / 0 / 0
  F64                277 / 0 / 0
  Vec3               2696779 / 0 / 0
  Debug_Stats        1385 / 0 / 0

--- FIELD OCCUPANCY ---
  Field[0] 'field' levels:4
    bounds X:[-8.0000,8.0000] Y:[-8.0000,8.0000] Z:[-8.0000,8.0000]
    level 0: 1 / 1 cells occupied
    level 1: 1 / 8 cells occupied
    level 2: 1 / 64 cells occupied
    level 3: 1 / 512 cells occupied
    level 4: 1 / 4096 cells occupied
  Field[1] 'model_field' levels:4
    bounds X:[-0.0280,0.0280] Y:[-0.0000,0.1515] Z:[-0.0280,0.0280]
    level 0: 1 / 1 cells occupied
    level 1: 8 / 8 cells occupied
    level 2: 47 / 64 cells occupied
    level 3: 308 / 512 cells occupied
    level 4: 1217 / 4096 cells occupied

[F2: enable fetch timing]

---
=== HOLLOWS ENGINE ===
FPS: 82 | Pixel: 11.1ms | Input: 0.000ms | Texture: 0.947ms
Camera: [0.00, 0.08, 0.69]

--- DATA (valid / total) ---
  Bool               1 / 1
  Int                4 / 4
  I64                2 / 2
  F32                5 / 5
  F64                2 / 2
  CString            6 / 6
  Vec3               1 / 1
  Vertex             29162 / 29162
  Vertex_Cache       29162 / 29162
  Debug_Stats        1 / 1
  FrameData          1 / 1
  Strings_Builder    1 / 1
  DataPoint          26272080 / 26272080
  Field              2 / 2
  TOTAL              26330430 / 26330430

--- FETCHES (edit / copy / set) ---
  Int                27013171 / 0 / 0
  I64                328 / 0 / 0
  F32                164 / 0 / 0
  F64                164 / 0 / 0
  Vec3               27013499 / 0 / 0
  Debug_Stats        820 / 0 / 0

--- FIELD OCCUPANCY ---
  Field[0] 'field' levels:4
    bounds X:[-8.0000,8.0000] Y:[-8.0000,8.0000] Z:[-8.0000,8.0000]
    level 0: 1 / 1 cells occupied
    level 1: 1 / 8 cells occupied
    level 2: 1 / 64 cells occupied
    level 3: 1 / 512 cells occupied
    level 4: 1 / 4096 cells occupied
  Field[1] 'model_field' levels:4
    bounds X:[-0.0280,0.0280] Y:[-0.0000,0.1515] Z:[-0.0280,0.0280]
    level 0: 1 / 1 cells occupied
    level 1: 8 / 8 cells occupied
    level 2: 47 / 64 cells occupied
    level 3: 308 / 512 cells occupied
    level 4: 1217 / 4096 cells occupied

[F2: enable fetch timing]

---
=== HOLLOWS ENGINE ===
FPS: 2 | Pixel: 21.7ms | Input: 0.000ms | Texture: 1.094ms
Camera: [0.00, 0.08, 0.11]

--- DATA (valid / total) ---
  Bool               1 / 1
  Int                4 / 4
  I64                2 / 2
  F32                5 / 5
  F64                2 / 2
  CString            6 / 6
  Vec3               1 / 1
  Vertex             29162 / 29162
  Vertex_Cache       29162 / 29162
  Debug_Stats        1 / 1
  FrameData          1 / 1
  Strings_Builder    1 / 1
  DataPoint          28063686 / 28063686
  Field              2 / 2
  TOTAL              28122036 / 28122036

--- FETCHES (edit / copy / set) ---
  Int                17183661 / 0 / 0
  I64                190 / 0 / 0
  F32                95 / 0 / 0
  F64                95 / 0 / 0
  Vec3               17183851 / 0 / 0
  Debug_Stats        475 / 0 / 0

--- FIELD OCCUPANCY ---
  Field[0] 'field' levels:4
    bounds X:[-8.0000,8.0000] Y:[-8.0000,8.0000] Z:[-8.0000,8.0000]
    level 0: 1 / 1 cells occupied
    level 1: 1 / 8 cells occupied
    level 2: 1 / 64 cells occupied
    level 3: 1 / 512 cells occupied
    level 4: 1 / 4096 cells occupied
  Field[1] 'model_field' levels:4
    bounds X:[-0.0280,0.0280] Y:[-0.0000,0.1515] Z:[-0.0280,0.0280]
    level 0: 1 / 1 cells occupied
    level 1: 8 / 8 cells occupied
    level 2: 47 / 64 cells occupied
    level 3: 308 / 512 cells occupied
    level 4: 1217 / 4096 cells occupied

[F2: enable fetch timing]

---
=== HOLLOWS ENGINE ===
FPS: 248 | Pixel: 3.0ms | Input: 0.000ms | Texture: 1.006ms
Camera: [0.00, 0.08, -0.51]

--- DATA (valid / total) ---
  Bool               1 / 1
  Int                4 / 4
  I64                2 / 2
  F32                5 / 5
  F64                2 / 2
  CString            6 / 6
  Vec3               1 / 1
  Vertex             29162 / 29162
  Vertex_Cache       29162 / 29162
  Debug_Stats        1 / 1
  FrameData          1 / 1
  Strings_Builder    1 / 1
  DataPoint          28063686 / 28063686
  Field              2 / 2
  TOTAL              28122036 / 28122036

--- FETCHES (edit / copy / set) ---
  Int                411 / 0 / 0
  I64                820 / 0 / 0
  F32                410 / 0 / 0
  F64                410 / 0 / 0
  Vec3               1231 / 0 / 0
  Debug_Stats        2050 / 0 / 0

--- FIELD OCCUPANCY ---
  Field[0] 'field' levels:4
    bounds X:[-8.0000,8.0000] Y:[-8.0000,8.0000] Z:[-8.0000,8.0000]
    level 0: 1 / 1 cells occupied
    level 1: 1 / 8 cells occupied
    level 2: 1 / 64 cells occupied
    level 3: 1 / 512 cells occupied
    level 4: 1 / 4096 cells occupied
  Field[1] 'model_field' levels:4
    bounds X:[-0.0280,0.0280] Y:[-0.0000,0.1515] Z:[-0.0280,0.0280]
    level 0: 1 / 1 cells occupied
    level 1: 8 / 8 cells occupied
    level 2: 47 / 64 cells occupied
    level 3: 308 / 512 cells occupied
    level 4: 1217 / 4096 cells occupied

[F2: enable fetch timing]

---
=== HOLLOWS ENGINE ===
FPS: 56 | Pixel: 17.6ms | Input: 0.000ms | Texture: 0.968ms
Camera: [0.00, 0.08, 0.31]

--- DATA (valid / total) ---
  Bool               1 / 1
  Int                4 / 4
  I64                2 / 2
  F32                5 / 5
  F64                2 / 2
  CString            6 / 6
  Vec3               1 / 1
  Vertex             29162 / 29162
  Vertex_Cache       29162 / 29162
  Debug_Stats        1 / 1
  FrameData          1 / 1
  Strings_Builder    1 / 1
  DataPoint          29194357 / 29194357
  Field              2 / 2
  TOTAL              29252707 / 29252707

--- FETCHES (edit / copy / set) ---
  Int                18761400 / 0 / 0
  I64                260 / 0 / 0
  F32                130 / 0 / 0
  F64                130 / 0 / 0
  Vec3               18761660 / 0 / 0
  Debug_Stats        650 / 0 / 0

--- FIELD OCCUPANCY ---
  Field[0] 'field' levels:4
    bounds X:[-8.0000,8.0000] Y:[-8.0000,8.0000] Z:[-8.0000,8.0000]
    level 0: 1 / 1 cells occupied
    level 1: 1 / 8 cells occupied
    level 2: 1 / 64 cells occupied
    level 3: 1 / 512 cells occupied
    level 4: 1 / 4096 cells occupied
  Field[1] 'model_field' levels:4
    bounds X:[-0.0280,0.0280] Y:[-0.0000,0.1515] Z:[-0.0280,0.0280]
    level 0: 1 / 1 cells occupied
    level 1: 8 / 8 cells occupied
    level 2: 47 / 64 cells occupied
    level 3: 308 / 512 cells occupied
    level 4: 1217 / 4096 cells occupied

[F2: enable fetch timing]

---
=== HOLLOWS ENGINE ===
FPS: 51 | Pixel: 18.1ms | Input: 0.001ms | Texture: 1.662ms
Camera: [0.00, 0.08, 0.31]

--- DATA (valid / total) ---
  Bool               1 / 1
  Int                4 / 4
  I64                2 / 2
  F32                5 / 5
  F64                2 / 2
  CString            6 / 6
  Vec3               1 / 1
  Vertex             29162 / 29162
  Vertex_Cache       29162 / 29162
  Debug_Stats        1 / 1
  FrameData          1 / 1
  Strings_Builder    1 / 1
  DataPoint          30808687 / 30808687
  Field              2 / 2
  TOTAL              30867037 / 30867037

--- FETCHES (edit / copy / set) ---
  Int                16183356 / 0 / 0
  I64                180 / 0 / 0
  F32                90 / 0 / 0
  F64                90 / 0 / 0
  CString            2 / 0 / 0
  Vec3               16183532 / 0 / 0
  Debug_Stats        451 / 0 / 0

--- FIELD OCCUPANCY ---
  Field[0] 'field' levels:4
    bounds X:[-8.0000,8.0000] Y:[-8.0000,8.0000] Z:[-8.0000,8.0000]
    level 0: 1 / 1 cells occupied
    level 1: 1 / 8 cells occupied
    level 2: 1 / 64 cells occupied
    level 3: 1 / 512 cells occupied
    level 4: 1 / 4096 cells occupied
  Field[1] 'model_field' levels:4
    bounds X:[-0.0280,0.0280] Y:[-0.0000,0.1515] Z:[-0.0280,0.0280]
    level 0: 1 / 1 cells occupied
    level 1: 8 / 8 cells occupied
    level 2: 47 / 64 cells occupied
    level 3: 308 / 512 cells occupied
    level 4: 1217 / 4096 cells occupied

[F2: enable fetch timing]

---
=== HOLLOWS ENGINE ===
FPS: 55 | Pixel: 17.7ms | Input: 0.000ms | Texture: 0.967ms
Camera: [0.00, 0.08, 0.31]

--- DATA (valid / total) ---
  Bool               1 / 1
  Int                4 / 4
  I64                2 / 2
  F32                5 / 5
  F64                2 / 2
  CString            6 / 6
  Vec3               1 / 1
  Vertex             29162 / 29162
  Vertex_Cache       29162 / 29162
  Debug_Stats        1 / 1
  FrameData          1 / 1
  Strings_Builder    1 / 1
  DataPoint          32656198 / 32656198
  Field              2 / 2
  TOTAL              32714548 / 32714548

--- FETCHES (edit / copy / set) ---
  Int                18520946 / 0 / 0
  I64                206 / 0 / 0
  F32                103 / 0 / 0
  F64                103 / 0 / 0
  Vec3               18521152 / 0 / 0
  Debug_Stats        515 / 0 / 0

--- FIELD OCCUPANCY ---
  Field[0] 'field' levels:4
    bounds X:[-8.0000,8.0000] Y:[-8.0000,8.0000] Z:[-8.0000,8.0000]
    level 0: 1 / 1 cells occupied
    level 1: 1 / 8 cells occupied
    level 2: 1 / 64 cells occupied
    level 3: 1 / 512 cells occupied
    level 4: 1 / 4096 cells occupied
  Field[1] 'model_field' levels:4
    bounds X:[-0.0280,0.0280] Y:[-0.0000,0.1515] Z:[-0.0280,0.0280]
    level 0: 1 / 1 cells occupied
    level 1: 8 / 8 cells occupied
    level 2: 47 / 64 cells occupied
    level 3: 308 / 512 cells occupied
    level 4: 1217 / 4096 cells occupied

[F2: enable fetch timing]

---
=== HOLLOWS ENGINE ===
FPS: 56 | Pixel: 16.6ms | Input: 0.000ms | Texture: 0.951ms
Camera: [0.00, 0.08, 0.31]

--- DATA (valid / total) ---
  Bool               1 / 1
  Int                4 / 4
  I64                2 / 2
  F32                5 / 5
  F64                2 / 2
  CString            6 / 6
  Vec3               1 / 1
  Vertex             29162 / 29162
  Vertex_Cache       29162 / 29162
  Debug_Stats        1 / 1
  FrameData          1 / 1
  Strings_Builder    1 / 1
  DataPoint          34503709 / 34503709
  Field              2 / 2
  TOTAL              34562059 / 34562059

--- FETCHES (edit / copy / set) ---
  Int                18520946 / 0 / 0
  I64                206 / 0 / 0
  F32                103 / 0 / 0
  F64                103 / 0 / 0
  Vec3               18521152 / 0 / 0
  Debug_Stats        515 / 0 / 0

--- FIELD OCCUPANCY ---
  Field[0] 'field' levels:4
    bounds X:[-8.0000,8.0000] Y:[-8.0000,8.0000] Z:[-8.0000,8.0000]
    level 0: 1 / 1 cells occupied
    level 1: 1 / 8 cells occupied
    level 2: 1 / 64 cells occupied
    level 3: 1 / 512 cells occupied
    level 4: 1 / 4096 cells occupied
  Field[1] 'model_field' levels:4
    bounds X:[-0.0280,0.0280] Y:[-0.0000,0.1515] Z:[-0.0280,0.0280]
    level 0: 1 / 1 cells occupied
    level 1: 8 / 8 cells occupied
    level 2: 47 / 64 cells occupied
    level 3: 308 / 512 cells occupied
    level 4: 1217 / 4096 cells occupied

[F2: enable fetch timing]

---
=== HOLLOWS ENGINE ===
FPS: 52 | Pixel: 17.5ms | Input: 0.000ms | Texture: 0.969ms
Camera: [0.00, 0.08, 0.31]

--- DATA (valid / total) ---
  Bool               1 / 1
  Int                4 / 4
  I64                2 / 2
  F32                5 / 5
  F64                2 / 2
  CString            6 / 6
  Vec3               1 / 1
  Vertex             29162 / 29162
  Vertex_Cache       29162 / 29162
  Debug_Stats        1 / 1
  FrameData          1 / 1
  Strings_Builder    1 / 1
  DataPoint          36369157 / 36369157
  Field              2 / 2
  TOTAL              36427507 / 36427507

--- FETCHES (edit / copy / set) ---
  Int                18700761 / 0 / 0
  I64                208 / 0 / 0
  F32                104 / 0 / 0
  F64                104 / 0 / 0
  Vec3               18700969 / 0 / 0
  Debug_Stats        520 / 0 / 0

--- FIELD OCCUPANCY ---
  Field[0] 'field' levels:4
    bounds X:[-8.0000,8.0000] Y:[-8.0000,8.0000] Z:[-8.0000,8.0000]
    level 0: 1 / 1 cells occupied
    level 1: 1 / 8 cells occupied
    level 2: 1 / 64 cells occupied
    level 3: 1 / 512 cells occupied
    level 4: 1 / 4096 cells occupied
  Field[1] 'model_field' levels:4
    bounds X:[-0.0280,0.0280] Y:[-0.0000,0.1515] Z:[-0.0280,0.0280]
    level 0: 1 / 1 cells occupied
    level 1: 8 / 8 cells occupied
    level 2: 47 / 64 cells occupied
    level 3: 308 / 512 cells occupied
    level 4: 1217 / 4096 cells occupied

[F2: enable fetch timing]

---
=== HOLLOWS ENGINE ===
FPS: 55 | Pixel: 16.9ms | Input: 0.000ms | Texture: 0.955ms
Camera: [0.00, 0.08, 0.31]

--- DATA (valid / total) ---
  Bool               1 / 1
  Int                4 / 4
  I64                2 / 2
  F32                5 / 5
  F64                2 / 2
  CString            6 / 6
  Vec3               1 / 1
  Vertex             29162 / 29162
  Vertex_Cache       29162 / 29162
  Debug_Stats        1 / 1
  FrameData          1 / 1
  Strings_Builder    1 / 1
  DataPoint          38216668 / 38216668
  Field              2 / 2
  TOTAL              38275018 / 38275018

--- FETCHES (edit / copy / set) ---
  Int                18520946 / 0 / 0
  I64                206 / 0 / 0
  F32                103 / 0 / 0
  F64                103 / 0 / 0
  Vec3               18521152 / 0 / 0
  Debug_Stats        515 / 0 / 0

--- FIELD OCCUPANCY ---
  Field[0] 'field' levels:4
    bounds X:[-8.0000,8.0000] Y:[-8.0000,8.0000] Z:[-8.0000,8.0000]
    level 0: 1 / 1 cells occupied
    level 1: 1 / 8 cells occupied
    level 2: 1 / 64 cells occupied
    level 3: 1 / 512 cells occupied
    level 4: 1 / 4096 cells occupied
  Field[1] 'model_field' levels:4
    bounds X:[-0.0280,0.0280] Y:[-0.0000,0.1515] Z:[-0.0280,0.0280]
    level 0: 1 / 1 cells occupied
    level 1: 8 / 8 cells occupied
    level 2: 47 / 64 cells occupied
    level 3: 308 / 512 cells occupied
    level 4: 1217 / 4096 cells occupied

[F2: enable fetch timing]

---
=== HOLLOWS ENGINE ===
FPS: 54 | Pixel: 16.6ms | Input: 0.000ms | Texture: 0.959ms
Camera: [0.00, 0.08, 0.31]

--- DATA (valid / total) ---
  Bool               1 / 1
  Int                4 / 4
  I64                2 / 2
  F32                5 / 5
  F64                2 / 2
  CString            6 / 6
  Vec3               1 / 1
  Vertex             29162 / 29162
  Vertex_Cache       29162 / 29162
  Debug_Stats        1 / 1
  FrameData          1 / 1
  Strings_Builder    1 / 1
  DataPoint          40082116 / 40082116
  Field              2 / 2
  TOTAL              40140466 / 40140466

--- FETCHES (edit / copy / set) ---
  Int                18700761 / 0 / 0
  I64                208 / 0 / 0
  F32                104 / 0 / 0
  F64                104 / 0 / 0
  Vec3               18700969 / 0 / 0
  Debug_Stats        520 / 0 / 0

--- FIELD OCCUPANCY ---
  Field[0] 'field' levels:4
    bounds X:[-8.0000,8.0000] Y:[-8.0000,8.0000] Z:[-8.0000,8.0000]
    level 0: 1 / 1 cells occupied
    level 1: 1 / 8 cells occupied
    level 2: 1 / 64 cells occupied
    level 3: 1 / 512 cells occupied
    level 4: 1 / 4096 cells occupied
  Field[1] 'model_field' levels:4
    bounds X:[-0.0280,0.0280] Y:[-0.0000,0.1515] Z:[-0.0280,0.0280]
    level 0: 1 / 1 cells occupied
    level 1: 8 / 8 cells occupied
    level 2: 47 / 64 cells occupied
    level 3: 308 / 512 cells occupied
    level 4: 1217 / 4096 cells occupied

[F2: enable fetch timing]

---
=== HOLLOWS ENGINE ===
FPS: 266 | Pixel: 2.8ms | Input: 0.000ms | Texture: 0.935ms
Camera: [0.00, 0.08, -1.93]

--- DATA (valid / total) ---
  Bool               1 / 1
  Int                4 / 4
  I64                2 / 2
  F32                5 / 5
  F64                2 / 2
  CString            6 / 6
  Vec3               1 / 1
  Vertex             29162 / 29162
  Vertex_Cache       29162 / 29162
  Debug_Stats        1 / 1
  FrameData          1 / 1
  Strings_Builder    1 / 1
  DataPoint          40966254 / 40966254
  Field              2 / 2
  TOTAL              41024604 / 41024604

--- FETCHES (edit / copy / set) ---
  Int                6566765 / 0 / 0
  I64                538 / 0 / 0
  F32                269 / 0 / 0
  F64                269 / 0 / 0
  Vec3               6567303 / 0 / 0
  Debug_Stats        1345 / 0 / 0

--- FIELD OCCUPANCY ---
  Field[0] 'field' levels:4
    bounds X:[-8.0000,8.0000] Y:[-8.0000,8.0000] Z:[-8.0000,8.0000]
    level 0: 1 / 1 cells occupied
    level 1: 1 / 8 cells occupied
    level 2: 1 / 64 cells occupied
    level 3: 1 / 512 cells occupied
    level 4: 1 / 4096 cells occupied
  Field[1] 'model_field' levels:4
    bounds X:[-0.0280,0.0280] Y:[-0.0000,0.1515] Z:[-0.0280,0.0280]
    level 0: 1 / 1 cells occupied
    level 1: 8 / 8 cells occupied
    level 2: 47 / 64 cells occupied
    level 3: 308 / 512 cells occupied
    level 4: 1217 / 4096 cells occupied

[F2: enable fetch timing]

---
=== HOLLOWS ENGINE ===
FPS: 187 | Pixel: 4.3ms | Input: 0.000ms | Texture: 0.940ms
Camera: [0.00, 0.08, -0.00]

--- DATA (valid / total) ---
  Bool               1 / 1
  Int                4 / 4
  I64                2 / 2
  F32                5 / 5
  F64                2 / 2
  CString            6 / 6
  Vec3               1 / 1
  Vertex             29162 / 29162
  Vertex_Cache       29162 / 29162
  Debug_Stats        1 / 1
  FrameData          1 / 1
  Strings_Builder    1 / 1
  DataPoint          40966254 / 40966254
  Field              2 / 2
  TOTAL              41024604 / 41024604

--- FETCHES (edit / copy / set) ---
  Int                1367450 / 0 / 0
  I64                818 / 0 / 0
  F32                409 / 0 / 0
  F64                409 / 0 / 0
  Vec3               1368268 / 0 / 0
  Debug_Stats        2045 / 0 / 0

--- FIELD OCCUPANCY ---
  Field[0] 'field' levels:4
    bounds X:[-8.0000,8.0000] Y:[-8.0000,8.0000] Z:[-8.0000,8.0000]
    level 0: 1 / 1 cells occupied
    level 1: 1 / 8 cells occupied
    level 2: 1 / 64 cells occupied
    level 3: 1 / 512 cells occupied
    level 4: 1 / 4096 cells occupied
  Field[1] 'model_field' levels:4
    bounds X:[-0.0280,0.0280] Y:[-0.0000,0.1515] Z:[-0.0280,0.0280]
    level 0: 1 / 1 cells occupied
    level 1: 8 / 8 cells occupied
    level 2: 47 / 64 cells occupied
    level 3: 308 / 512 cells occupied
    level 4: 1217 / 4096 cells occupied

[F2: enable fetch timing]

---
=== HOLLOWS ENGINE ===
FPS: 73 | Pixel: 12.5ms | Input: 0.000ms | Texture: 0.961ms
Camera: [0.00, 0.08, 0.59]

--- DATA (valid / total) ---
  Bool               1 / 1
  Int                4 / 4
  I64                2 / 2
  F32                5 / 5
  F64                2 / 2
  CString            6 / 6
  Vec3               1 / 1
  Vertex             29162 / 29162
  Vertex_Cache       29162 / 29162
  Debug_Stats        1 / 1
  FrameData          1 / 1
  Strings_Builder    1 / 1
  DataPoint          41794277 / 41794277
  Field              2 / 2
  TOTAL              41852627 / 41852627

--- FETCHES (edit / copy / set) ---
  Int                20366540 / 0 / 0
  I64                244 / 0 / 0
  F32                122 / 0 / 0
  F64                122 / 0 / 0
  Vec3               20366784 / 0 / 0
  Debug_Stats        610 / 0 / 0

--- FIELD OCCUPANCY ---
  Field[0] 'field' levels:4
    bounds X:[-8.0000,8.0000] Y:[-8.0000,8.0000] Z:[-8.0000,8.0000]
    level 0: 1 / 1 cells occupied
    level 1: 1 / 8 cells occupied
    level 2: 1 / 64 cells occupied
    level 3: 1 / 512 cells occupied
    level 4: 1 / 4096 cells occupied
  Field[1] 'model_field' levels:4
    bounds X:[-0.0280,0.0280] Y:[-0.0000,0.1515] Z:[-0.0280,0.0280]
    level 0: 1 / 1 cells occupied
    level 1: 8 / 8 cells occupied
    level 2: 47 / 64 cells occupied
    level 3: 308 / 512 cells occupied
    level 4: 1217 / 4096 cells occupied

[F2: enable fetch timing]

---
=== HOLLOWS ENGINE ===
FPS: 238 | Pixel: 3.1ms | Input: 0.000ms | Texture: 1.070ms
Camera: [0.00, 0.08, -1.96]

--- DATA (valid / total) ---
  Bool               1 / 1
  Int                4 / 4
  I64                2 / 2
  F32                5 / 5
  F64                2 / 2
  CString            6 / 6
  Vec3               1 / 1
  Vertex             29162 / 29162
  Vertex_Cache       29162 / 29162
  Debug_Stats        1 / 1
  FrameData          1 / 1
  Strings_Builder    1 / 1
  DataPoint          42468530 / 42468530
  Field              2 / 2
  TOTAL              42526880 / 42526880

--- FETCHES (edit / copy / set) ---
  Int                3919113 / 0 / 0
  I64                580 / 0 / 0
  F32                290 / 0 / 0
  F64                290 / 0 / 0
  Vec3               3919693 / 0 / 0
  Debug_Stats        1450 / 0 / 0

--- FIELD OCCUPANCY ---
  Field[0] 'field' levels:4
    bounds X:[-8.0000,8.0000] Y:[-8.0000,8.0000] Z:[-8.0000,8.0000]
    level 0: 1 / 1 cells occupied
    level 1: 1 / 8 cells occupied
    level 2: 1 / 64 cells occupied
    level 3: 1 / 512 cells occupied
    level 4: 1 / 4096 cells occupied
  Field[1] 'model_field' levels:4
    bounds X:[-0.0280,0.0280] Y:[-0.0000,0.1515] Z:[-0.0280,0.0280]
    level 0: 1 / 1 cells occupied
    level 1: 8 / 8 cells occupied
    level 2: 47 / 64 cells occupied
    level 3: 308 / 512 cells occupied
    level 4: 1217 / 4096 cells occupied

[F2: enable fetch timing]

---
=== HOLLOWS ENGINE ===
FPS: 94 | Pixel: 9.6ms | Input: 0.000ms | Texture: 0.946ms
Camera: [0.00, 0.08, 2.30]

--- DATA (valid / total) ---
  Bool               1 / 1
  Int                4 / 4
  I64                2 / 2
  F32                5 / 5
  F64                2 / 2
  CString            6 / 6
  Vec3               1 / 1
  Vertex             29162 / 29162
  Vertex_Cache       29162 / 29162
  Debug_Stats        1 / 1
  FrameData          1 / 1
  Strings_Builder    1 / 1
  DataPoint          43022758 / 43022758
  Field              2 / 2
  TOTAL              43081108 / 43081108

--- FETCHES (edit / copy / set) ---
  Int                5785052 / 0 / 0
  I64                574 / 0 / 0
  F32                287 / 0 / 0
  F64                287 / 0 / 0
  Vec3               5785626 / 0 / 0
  Debug_Stats        1435 / 0 / 0

--- FIELD OCCUPANCY ---
  Field[0] 'field' levels:4
    bounds X:[-8.0000,8.0000] Y:[-8.0000,8.0000] Z:[-8.0000,8.0000]
    level 0: 1 / 1 cells occupied
    level 1: 1 / 8 cells occupied
    level 2: 1 / 64 cells occupied
    level 3: 1 / 512 cells occupied
    level 4: 1 / 4096 cells occupied
  Field[1] 'model_field' levels:4
    bounds X:[-0.0280,0.0280] Y:[-0.0000,0.1515] Z:[-0.0280,0.0280]
    level 0: 1 / 1 cells occupied
    level 1: 8 / 8 cells occupied
    level 2: 47 / 64 cells occupied
    level 3: 308 / 512 cells occupied
    level 4: 1217 / 4096 cells occupied

[F2: enable fetch timing]

---
=== HOLLOWS ENGINE ===
FPS: 49 | Pixel: 14.9ms | Input: 0.000ms | Texture: 0.958ms
Camera: [0.00, 0.08, 0.29]

--- DATA (valid / total) ---
  Bool               1 / 1
  Int                4 / 4
  I64                2 / 2
  F32                5 / 5
  F64                2 / 2
  CString            6 / 6
  Vec3               1 / 1
  Vertex             29162 / 29162
  Vertex_Cache       29162 / 29162
  Debug_Stats        1 / 1
  FrameData          1 / 1
  Strings_Builder    1 / 1
  DataPoint          43309367 / 43309367
  Field              2 / 2
  TOTAL              43367717 / 43367717

--- FETCHES (edit / copy / set) ---
  Int                24939690 / 0 / 0
  I64                302 / 0 / 0
  F32                151 / 0 / 0
  F64                151 / 0 / 0
  Vec3               24939992 / 0 / 0
  Debug_Stats        755 / 0 / 0

--- FIELD OCCUPANCY ---
  Field[0] 'field' levels:4
    bounds X:[-8.0000,8.0000] Y:[-8.0000,8.0000] Z:[-8.0000,8.0000]
    level 0: 1 / 1 cells occupied
    level 1: 1 / 8 cells occupied
    level 2: 1 / 64 cells occupied
    level 3: 1 / 512 cells occupied
    level 4: 1 / 4096 cells occupied
  Field[1] 'model_field' levels:4
    bounds X:[-0.0280,0.0280] Y:[-0.0000,0.1515] Z:[-0.0280,0.0280]
    level 0: 1 / 1 cells occupied
    level 1: 8 / 8 cells occupied
    level 2: 47 / 64 cells occupied
    level 3: 308 / 512 cells occupied
    level 4: 1217 / 4096 cells occupied

[F2: enable fetch timing]

---
=== HOLLOWS ENGINE ===
FPS: 50 | Pixel: 18.6ms | Input: 0.000ms | Texture: 0.973ms
Camera: [0.00, 0.08, 0.29]

--- DATA (valid / total) ---
  Bool               1 / 1
  Int                4 / 4
  I64                2 / 2
  F32                5 / 5
  F64                2 / 2
  CString            6 / 6
  Vec3               1 / 1
  Vertex             29162 / 29162
  Vertex_Cache       29162 / 29162
  Debug_Stats        1 / 1
  FrameData          1 / 1
  Strings_Builder    1 / 1
  DataPoint          45219011 / 45219011
  Field              2 / 2
  TOTAL              45277361 / 45277361

--- FETCHES (edit / copy / set) ---
  Int                16790001 / 0 / 0
  I64                184 / 0 / 0
  F32                92 / 0 / 0
  F64                92 / 0 / 0
  Vec3               16790185 / 0 / 0
  Debug_Stats        460 / 0 / 0

--- FIELD OCCUPANCY ---
  Field[0] 'field' levels:4
    bounds X:[-8.0000,8.0000] Y:[-8.0000,8.0000] Z:[-8.0000,8.0000]
    level 0: 1 / 1 cells occupied
    level 1: 1 / 8 cells occupied
    level 2: 1 / 64 cells occupied
    level 3: 1 / 512 cells occupied
    level 4: 1 / 4096 cells occupied
  Field[1] 'model_field' levels:4
    bounds X:[-0.0280,0.0280] Y:[-0.0000,0.1515] Z:[-0.0280,0.0280]
    level 0: 1 / 1 cells occupied
    level 1: 8 / 8 cells occupied
    level 2: 47 / 64 cells occupied
    level 3: 308 / 512 cells occupied
    level 4: 1217 / 4096 cells occupied

[F2: enable fetch timing]

---
=== HOLLOWS ENGINE ===
FPS: 49 | Pixel: 19.0ms | Input: 0.000ms | Texture: 0.969ms
Camera: [0.00, 0.08, 0.29]

--- DATA (valid / total) ---
  Bool               1 / 1
  Int                4 / 4
  I64                2 / 2
  F32                5 / 5
  F64                2 / 2
  CString            6 / 6
  Vec3               1 / 1
  Vertex             29162 / 29162
  Vertex_Cache       29162 / 29162
  Debug_Stats        1 / 1
  FrameData          1 / 1
  Strings_Builder    1 / 1
  DataPoint          46858814 / 46858814
  Field              2 / 2
  TOTAL              46917164 / 46917164

--- FETCHES (edit / copy / set) ---
  Int                14417506 / 0 / 0
  I64                158 / 0 / 0
  F32                79 / 0 / 0
  F64                79 / 0 / 0
  CString            2 / 0 / 0
  Vec3               14417660 / 0 / 0
  Debug_Stats        396 / 0 / 0

--- FIELD OCCUPANCY ---
  Field[0] 'field' levels:4
    bounds X:[-8.0000,8.0000] Y:[-8.0000,8.0000] Z:[-8.0000,8.0000]
    level 0: 1 / 1 cells occupied
    level 1: 1 / 8 cells occupied
    level 2: 1 / 64 cells occupied
    level 3: 1 / 512 cells occupied
    level 4: 1 / 4096 cells occupied
  Field[1] 'model_field' levels:4
    bounds X:[-0.0280,0.0280] Y:[-0.0000,0.1515] Z:[-0.0280,0.0280]
    level 0: 1 / 1 cells occupied
    level 1: 8 / 8 cells occupied
    level 2: 47 / 64 cells occupied
    level 3: 308 / 512 cells occupied
    level 4: 1217 / 4096 cells occupied

[F2: enable fetch timing]

---
=== HOLLOWS ENGINE ===
FPS: 47 | Pixel: 19.9ms | Input: 0.000ms | Texture: 0.975ms
Camera: [0.00, 0.08, 0.29]

--- DATA (valid / total) ---
  Bool               1 / 1
  Int                4 / 4
  I64                2 / 2
  F32                5 / 5
  F64                2 / 2
  CString            6 / 6
  Vec3               1 / 1
  Vertex             29162 / 29162
  Vertex_Cache       29162 / 29162
  Debug_Stats        1 / 1
  FrameData          1 / 1
  Strings_Builder    1 / 1
  DataPoint          48768458 / 48768458
  Field              2 / 2
  TOTAL              48826808 / 48826808

--- FETCHES (edit / copy / set) ---
  Int                16790001 / 0 / 0
  I64                184 / 0 / 0
  F32                92 / 0 / 0
  F64                92 / 0 / 0
  Vec3               16790185 / 0 / 0
  Debug_Stats        460 / 0 / 0

--- FIELD OCCUPANCY ---
  Field[0] 'field' levels:4
    bounds X:[-8.0000,8.0000] Y:[-8.0000,8.0000] Z:[-8.0000,8.0000]
    level 0: 1 / 1 cells occupied
    level 1: 1 / 8 cells occupied
    level 2: 1 / 64 cells occupied
    level 3: 1 / 512 cells occupied
    level 4: 1 / 4096 cells occupied
  Field[1] 'model_field' levels:4
    bounds X:[-0.0280,0.0280] Y:[-0.0000,0.1515] Z:[-0.0280,0.0280]
    level 0: 1 / 1 cells occupied
    level 1: 8 / 8 cells occupied
    level 2: 47 / 64 cells occupied
    level 3: 308 / 512 cells occupied
    level 4: 1217 / 4096 cells occupied

[F2: enable fetch timing]

---
=== HOLLOWS ENGINE ===
FPS: 52 | Pixel: 17.9ms | Input: 0.000ms | Texture: 0.977ms
Camera: [0.00, 0.08, 0.29]

--- DATA (valid / total) ---
  Bool               1 / 1
  Int                4 / 4
  I64                2 / 2
  F32                5 / 5
  F64                2 / 2
  CString            6 / 6
  Vec3               1 / 1
  Vertex             29162 / 29162
  Vertex_Cache       29162 / 29162
  Debug_Stats        1 / 1
  FrameData          1 / 1
  Strings_Builder    1 / 1
  DataPoint          50761130 / 50761130
  Field              2 / 2
  TOTAL              50819480 / 50819480

--- FETCHES (edit / copy / set) ---
  Int                17520001 / 0 / 0
  I64                192 / 0 / 0
  F32                96 / 0 / 0
  F64                96 / 0 / 0
  Vec3               17520193 / 0 / 0
  Debug_Stats        480 / 0 / 0

--- FIELD OCCUPANCY ---
  Field[0] 'field' levels:4
    bounds X:[-8.0000,8.0000] Y:[-8.0000,8.0000] Z:[-8.0000,8.0000]
    level 0: 1 / 1 cells occupied
    level 1: 1 / 8 cells occupied
    level 2: 1 / 64 cells occupied
    level 3: 1 / 512 cells occupied
    level 4: 1 / 4096 cells occupied
  Field[1] 'model_field' levels:4
    bounds X:[-0.0280,0.0280] Y:[-0.0000,0.1515] Z:[-0.0280,0.0280]
    level 0: 1 / 1 cells occupied
    level 1: 8 / 8 cells occupied
    level 2: 47 / 64 cells occupied
    level 3: 308 / 512 cells occupied
    level 4: 1217 / 4096 cells occupied

[F2: enable fetch timing]

---
=== HOLLOWS ENGINE ===
FPS: 50 | Pixel: 18.5ms | Input: 0.000ms | Texture: 0.963ms
Camera: [0.00, 0.08, 0.29]

--- DATA (valid / total) ---
  Bool               1 / 1
  Int                4 / 4
  I64                2 / 2
  F32                5 / 5
  F64                2 / 2
  CString            6 / 6
  Vec3               1 / 1
  Vertex             29162 / 29162
  Vertex_Cache       29162 / 29162
  Debug_Stats        1 / 1
  FrameData          1 / 1
  Strings_Builder    1 / 1
  DataPoint          52733045 / 52733045
  Field              2 / 2
  TOTAL              52791395 / 52791395

--- FETCHES (edit / copy / set) ---
  Int                17337501 / 0 / 0
  I64                190 / 0 / 0
  F32                95 / 0 / 0
  F64                95 / 0 / 0
  Vec3               17337691 / 0 / 0
  Debug_Stats        475 / 0 / 0

--- FIELD OCCUPANCY ---
  Field[0] 'field' levels:4
    bounds X:[-8.0000,8.0000] Y:[-8.0000,8.0000] Z:[-8.0000,8.0000]
    level 0: 1 / 1 cells occupied
    level 1: 1 / 8 cells occupied
    level 2: 1 / 64 cells occupied
    level 3: 1 / 512 cells occupied
    level 4: 1 / 4096 cells occupied
  Field[1] 'model_field' levels:4
    bounds X:[-0.0280,0.0280] Y:[-0.0000,0.1515] Z:[-0.0280,0.0280]
    level 0: 1 / 1 cells occupied
    level 1: 8 / 8 cells occupied
    level 2: 47 / 64 cells occupied
    level 3: 308 / 512 cells occupied
    level 4: 1217 / 4096 cells occupied

[F2: enable fetch timing]

---
=== HOLLOWS ENGINE ===
FPS: 51 | Pixel: 18.3ms | Input: 0.000ms | Texture: 0.961ms
Camera: [0.00, 0.08, 0.29]

--- DATA (valid / total) ---
  Bool               1 / 1
  Int                4 / 4
  I64                2 / 2
  F32                5 / 5
  F64                2 / 2
  CString            6 / 6
  Vec3               1 / 1
  Vertex             29162 / 29162
  Vertex_Cache       29162 / 29162
  Debug_Stats        1 / 1
  FrameData          1 / 1
  Strings_Builder    1 / 1
  DataPoint          54704960 / 54704960
  Field              2 / 2
  TOTAL              54763310 / 54763310

--- FETCHES (edit / copy / set) ---
  Int                17337501 / 0 / 0
  I64                190 / 0 / 0
  F32                95 / 0 / 0
  F64                95 / 0 / 0
  Vec3               17337691 / 0 / 0
  Debug_Stats        475 / 0 / 0

--- FIELD OCCUPANCY ---
  Field[0] 'field' levels:4
    bounds X:[-8.0000,8.0000] Y:[-8.0000,8.0000] Z:[-8.0000,8.0000]
    level 0: 1 / 1 cells occupied
    level 1: 1 / 8 cells occupied
    level 2: 1 / 64 cells occupied
    level 3: 1 / 512 cells occupied
    level 4: 1 / 4096 cells occupied
  Field[1] 'model_field' levels:4
    bounds X:[-0.0280,0.0280] Y:[-0.0000,0.1515] Z:[-0.0280,0.0280]
    level 0: 1 / 1 cells occupied
    level 1: 8 / 8 cells occupied
    level 2: 47 / 64 cells occupied
    level 3: 308 / 512 cells occupied
    level 4: 1217 / 4096 cells occupied

[F2: enable fetch timing]

---
=== HOLLOWS ENGINE ===
FPS: 48 | Pixel: 19.5ms | Input: 0.000ms | Texture: 1.096ms
Camera: [0.00, 0.08, 0.29]

--- DATA (valid / total) ---
  Bool               1 / 1
  Int                4 / 4
  I64                2 / 2
  F32                5 / 5
  F64                2 / 2
  CString            6 / 6
  Vec3               1 / 1
  Vertex             29162 / 29162
  Vertex_Cache       29162 / 29162
  Debug_Stats        1 / 1
  FrameData          1 / 1
  Strings_Builder    1 / 1
  DataPoint          56656118 / 56656118
  Field              2 / 2
  TOTAL              56714468 / 56714468

--- FETCHES (edit / copy / set) ---
  Int                17155001 / 0 / 0
  I64                188 / 0 / 0
  F32                94 / 0 / 0
  F64                94 / 0 / 0
  Vec3               17155189 / 0 / 0
  Debug_Stats        470 / 0 / 0

--- FIELD OCCUPANCY ---
  Field[0] 'field' levels:4
    bounds X:[-8.0000,8.0000] Y:[-8.0000,8.0000] Z:[-8.0000,8.0000]
    level 0: 1 / 1 cells occupied
    level 1: 1 / 8 cells occupied
    level 2: 1 / 64 cells occupied
    level 3: 1 / 512 cells occupied
    level 4: 1 / 4096 cells occupied
  Field[1] 'model_field' levels:4
    bounds X:[-0.0280,0.0280] Y:[-0.0000,0.1515] Z:[-0.0280,0.0280]
    level 0: 1 / 1 cells occupied
    level 1: 8 / 8 cells occupied
    level 2: 47 / 64 cells occupied
    level 3: 308 / 512 cells occupied
    level 4: 1217 / 4096 cells occupied

[F2: enable fetch timing]

---
=== HOLLOWS ENGINE ===
FPS: 51 | Pixel: 18.8ms | Input: 0.000ms | Texture: 0.963ms
Camera: [0.00, 0.08, 0.29]

--- DATA (valid / total) ---
  Bool               1 / 1
  Int                4 / 4
  I64                2 / 2
  F32                5 / 5
  F64                2 / 2
  CString            6 / 6
  Vec3               1 / 1
  Vertex             29162 / 29162
  Vertex_Cache       29162 / 29162
  Debug_Stats        1 / 1
  FrameData          1 / 1
  Strings_Builder    1 / 1
  DataPoint          58607276 / 58607276
  Field              2 / 2
  TOTAL              58665626 / 58665626

--- FETCHES (edit / copy / set) ---
  Int                17155001 / 0 / 0
  I64                188 / 0 / 0
  F32                94 / 0 / 0
  F64                94 / 0 / 0
  Vec3               17155189 / 0 / 0
  Debug_Stats        470 / 0 / 0

--- FIELD OCCUPANCY ---
  Field[0] 'field' levels:4
    bounds X:[-8.0000,8.0000] Y:[-8.0000,8.0000] Z:[-8.0000,8.0000]
    level 0: 1 / 1 cells occupied
    level 1: 1 / 8 cells occupied
    level 2: 1 / 64 cells occupied
    level 3: 1 / 512 cells occupied
    level 4: 1 / 4096 cells occupied
  Field[1] 'model_field' levels:4
    bounds X:[-0.0280,0.0280] Y:[-0.0000,0.1515] Z:[-0.0280,0.0280]
    level 0: 1 / 1 cells occupied
    level 1: 8 / 8 cells occupied
    level 2: 47 / 64 cells occupied
    level 3: 308 / 512 cells occupied
    level 4: 1217 / 4096 cells occupied

[F2: enable fetch timing]

---
=== HOLLOWS ENGINE ===
FPS: 50 | Pixel: 18.8ms | Input: 0.000ms | Texture: 0.964ms
Camera: [0.00, 0.08, 0.29]

--- DATA (valid / total) ---
  Bool               1 / 1
  Int                4 / 4
  I64                2 / 2
  F32                5 / 5
  F64                2 / 2
  CString            6 / 6
  Vec3               1 / 1
  Vertex             29162 / 29162
  Vertex_Cache       29162 / 29162
  Debug_Stats        1 / 1
  FrameData          1 / 1
  Strings_Builder    1 / 1
  DataPoint          60413135 / 60413135
  Field              2 / 2
  TOTAL              60471485 / 60471485

--- FETCHES (edit / copy / set) ---
  Int                15877501 / 0 / 0
  I64                174 / 0 / 0
  F32                87 / 0 / 0
  F64                87 / 0 / 0
  Vec3               15877675 / 0 / 0
  Debug_Stats        435 / 0 / 0

--- FIELD OCCUPANCY ---
  Field[0] 'field' levels:4
    bounds X:[-8.0000,8.0000] Y:[-8.0000,8.0000] Z:[-8.0000,8.0000]
    level 0: 1 / 1 cells occupied
    level 1: 1 / 8 cells occupied
    level 2: 1 / 64 cells occupied
    level 3: 1 / 512 cells occupied
    level 4: 1 / 4096 cells occupied
  Field[1] 'model_field' levels:4
    bounds X:[-0.0280,0.0280] Y:[-0.0000,0.1515] Z:[-0.0280,0.0280]
    level 0: 1 / 1 cells occupied
    level 1: 8 / 8 cells occupied
    level 2: 47 / 64 cells occupied
    level 3: 308 / 512 cells occupied
    level 4: 1217 / 4096 cells occupied

[F2: enable fetch timing]

---
=== HOLLOWS ENGINE ===
FPS: 50 | Pixel: 18.9ms | Input: 0.000ms | Texture: 0.959ms
Camera: [0.00, 0.08, 0.29]

--- DATA (valid / total) ---
  Bool               1 / 1
  Int                4 / 4
  I64                2 / 2
  F32                5 / 5
  F64                2 / 2
  CString            6 / 6
  Vec3               1 / 1
  Vertex             29162 / 29162
  Vertex_Cache       29162 / 29162
  Debug_Stats        1 / 1
  FrameData          1 / 1
  Strings_Builder    1 / 1
  DataPoint          62322779 / 62322779
  Field              2 / 2
  TOTAL              62381129 / 62381129

--- FETCHES (edit / copy / set) ---
  Int                16790001 / 0 / 0
  I64                184 / 0 / 0
  F32                92 / 0 / 0
  F64                92 / 0 / 0
  Vec3               16790185 / 0 / 0
  Debug_Stats        460 / 0 / 0

--- FIELD OCCUPANCY ---
  Field[0] 'field' levels:4
    bounds X:[-8.0000,8.0000] Y:[-8.0000,8.0000] Z:[-8.0000,8.0000]
    level 0: 1 / 1 cells occupied
    level 1: 1 / 8 cells occupied
    level 2: 1 / 64 cells occupied
    level 3: 1 / 512 cells occupied
    level 4: 1 / 4096 cells occupied
  Field[1] 'model_field' levels:4
    bounds X:[-0.0280,0.0280] Y:[-0.0000,0.1515] Z:[-0.0280,0.0280]
    level 0: 1 / 1 cells occupied
    level 1: 8 / 8 cells occupied
    level 2: 47 / 64 cells occupied
    level 3: 308 / 512 cells occupied
    level 4: 1217 / 4096 cells occupied

[F2: enable fetch timing]

---
=== HOLLOWS ENGINE ===
FPS: 45 | Pixel: 20.4ms | Input: 0.000ms | Texture: 0.967ms
Camera: [0.00, 0.08, 0.29]

--- DATA (valid / total) ---
  Bool               1 / 1
  Int                4 / 4
  I64                2 / 2
  F32                5 / 5
  F64                2 / 2
  CString            6 / 6
  Vec3               1 / 1
  Vertex             29162 / 29162
  Vertex_Cache       29162 / 29162
  Debug_Stats        1 / 1
  FrameData          1 / 1
  Strings_Builder    1 / 1
  DataPoint          64170152 / 64170152
  Field              2 / 2
  TOTAL              64228502 / 64228502

--- FETCHES (edit / copy / set) ---
  Int                16242501 / 0 / 0
  I64                178 / 0 / 0
  F32                89 / 0 / 0
  F64                89 / 0 / 0
  Vec3               16242679 / 0 / 0
  Debug_Stats        445 / 0 / 0

--- FIELD OCCUPANCY ---
  Field[0] 'field' levels:4
    bounds X:[-8.0000,8.0000] Y:[-8.0000,8.0000] Z:[-8.0000,8.0000]
    level 0: 1 / 1 cells occupied
    level 1: 1 / 8 cells occupied
    level 2: 1 / 64 cells occupied
    level 3: 1 / 512 cells occupied
    level 4: 1 / 4096 cells occupied
  Field[1] 'model_field' levels:4
    bounds X:[-0.0280,0.0280] Y:[-0.0000,0.1515] Z:[-0.0280,0.0280]
    level 0: 1 / 1 cells occupied
    level 1: 8 / 8 cells occupied
    level 2: 47 / 64 cells occupied
    level 3: 308 / 512 cells occupied
    level 4: 1217 / 4096 cells occupied

[F2: enable fetch timing]

---
=== HOLLOWS ENGINE ===
FPS: 47 | Pixel: 20.7ms | Input: 0.000ms | Texture: 0.974ms
Camera: [0.00, 0.08, 0.29]

--- DATA (valid / total) ---
  Bool               1 / 1
  Int                4 / 4
  I64                2 / 2
  F32                5 / 5
  F64                2 / 2
  CString            6 / 6
  Vec3               1 / 1
  Vertex             29162 / 29162
  Vertex_Cache       29162 / 29162
  Debug_Stats        1 / 1
  FrameData          1 / 1
  Strings_Builder    1 / 1
  DataPoint          66059039 / 66059039
  Field              2 / 2
  TOTAL              66117389 / 66117389

--- FETCHES (edit / copy / set) ---
  Int                16607501 / 0 / 0
  I64                182 / 0 / 0
  F32                91 / 0 / 0
  F64                91 / 0 / 0
  Vec3               16607683 / 0 / 0
  Debug_Stats        455 / 0 / 0

--- FIELD OCCUPANCY ---
  Field[0] 'field' levels:4
    bounds X:[-8.0000,8.0000] Y:[-8.0000,8.0000] Z:[-8.0000,8.0000]
    level 0: 1 / 1 cells occupied
    level 1: 1 / 8 cells occupied
    level 2: 1 / 64 cells occupied
    level 3: 1 / 512 cells occupied
    level 4: 1 / 4096 cells occupied
  Field[1] 'model_field' levels:4
    bounds X:[-0.0280,0.0280] Y:[-0.0000,0.1515] Z:[-0.0280,0.0280]
    level 0: 1 / 1 cells occupied
    level 1: 8 / 8 cells occupied
    level 2: 47 / 64 cells occupied
    level 3: 308 / 512 cells occupied
    level 4: 1217 / 4096 cells occupied

[F2: enable fetch timing]

---
