=== HOLLOWS ENGINE ===
FPS: 0 | Pixel: 0.0ms | Input: 0.000ms | Texture: 0.000ms
Camera: [0.00, 0.00, 6.00]

--- DATA (valid / total) ---
  Bool               1 / 1
  Int                5 / 5
  I64                2 / 2
  F32                5 / 5
  F64                2 / 2
  CString            6 / 6
  Vec3               1 / 1
  Vertex             140 / 140
  Model              1 / 1
  Texture            1 / 1
  Bounds             6 / 6
  Debug_Stats        1 / 1
  FrameData          1 / 1
  Strings_Builder    1 / 1
  DataPoint          1 / 1
  Field              2 / 2
  Metadata           176 / 176
  TOTAL              352 / 352

--- FETCHES (edit / copy / set) ---
  Int                10 / 0 / 0
  I64                2 / 0 / 0
  F32                1 / 0 / 0
  F64                1 / 0 / 0
  CString            5 / 0 / 0
  Vec3               4 / 0 / 0
  Model              2 / 0 / 0
  Texture            2 / 0 / 0
  Debug_Stats        3 / 0 / 0
  Strings_Builder    1 / 0 / 0
  DataPoint          2 / 0 / 0
  Field              4 / 0 / 0

--- FIELD OCCUPANCY ---
  Field[0] 'world_field_meta' levels:4 dims:3
    bounds X:[-8.0000,8.0000] Y:[-8.0000,8.0000] Z:[-8.0000,8.0000]
    level 0: 1 / 1 cells occupied
    level 1: 2 / 8 cells occupied
    level 2: 4 / 64 cells occupied
    level 3: 6 / 512 cells occupied
    level 4: 6 / 4096 cells occupied
  Field[1] 'model_field' levels:4 dims:3
    bounds X:[-1.0000,1.0000] Y:[-1.0000,1.0000] Z:[-1.0000,1.0000]
    level 0: 1 / 1 cells occupied
    level 1: 6 / 8 cells occupied
    level 2: 28 / 64 cells occupied
    level 3: 96 / 512 cells occupied
    level 4: 140 / 4096 cells occupied

[F2: enable fetch timing]

---
=== HOLLOWS ENGINE ===
FPS: 1385 | Pixel: 0.4ms | Input: 0.000ms | Texture: 0.310ms
Camera: [0.00, 0.00, 6.00]

--- DATA (valid / total) ---
  Bool               1 / 1
  Int                5 / 5
  I64                2 / 2
  F32                5 / 5
  F64                2 / 2
  CString            6 / 6
  Vec3               1 / 1
  Vertex             140 / 140
  Model              1 / 1
  Texture            1 / 1
  Bounds             6 / 6
  Debug_Stats        1 / 1
  FrameData          1 / 1
  Strings_Builder    1 / 1
  DataPoint          1 / 1
  Field              2 / 2
  Metadata           176 / 176
  TOTAL              352 / 352

--- FETCHES (edit / copy / set) ---
  Int                1196 / 0 / 0
  I64                2390 / 0 / 0
  F32                1195 / 0 / 0
  F64                1195 / 0 / 0
  Vec3               2391 / 0 / 0
  Texture            1195 / 0 / 0
  Debug_Stats        5975 / 0 / 0
  DataPoint          1195 / 0 / 0
  Field              1195 / 0 / 0

--- FIELD OCCUPANCY ---
  Field[0] 'world_field_meta' levels:4 dims:3
    bounds X:[-8.0000,8.0000] Y:[-8.0000,8.0000] Z:[-8.0000,8.0000]
    level 0: 1 / 1 cells occupied
    level 1: 2 / 8 cells occupied
    level 2: 4 / 64 cells occupied
    level 3: 6 / 512 cells occupied
    level 4: 6 / 4096 cells occupied
  Field[1] 'model_field' levels:4 dims:3
    bounds X:[-1.0000,1.0000] Y:[-1.0000,1.0000] Z:[-1.0000,1.0000]
    level 0: 1 / 1 cells occupied
    level 1: 6 / 8 cells occupied
    level 2: 28 / 64 cells occupied
    level 3: 96 / 512 cells occupied
    level 4: 140 / 4096 cells occupied

[F2: enable fetch timing]

---
=== HOLLOWS ENGINE ===
FPS: 610 | Pixel: 1.1ms | Input: 0.000ms | Texture: 0.804ms
Camera: [0.00, 0.00, 6.00]

--- DATA (valid / total) ---
  Bool               1 / 1
  Int                5 / 5
  I64                2 / 2
  F32                5 / 5
  F64                2 / 2
  CString            6 / 6
  Vec3               1 / 1
  Vertex             140 / 140
  Model              1 / 1
  Texture            1 / 1
  Bounds             6 / 6
  Debug_Stats        1 / 1
  FrameData          1 / 1
  Strings_Builder    1 / 1
  DataPoint          1 / 1
  Field              2 / 2
  Metadata           176 / 176
  TOTAL              352 / 352

--- FETCHES (edit / copy / set) ---
  Int                2180 / 0 / 0
  I64                2722 / 0 / 0
  F32                1361 / 0 / 0
  F64                1361 / 0 / 0
  Vec3               2723 / 0 / 0
  Texture            1361 / 0 / 0
  Debug_Stats        6805 / 0 / 0
  DataPoint          1361 / 0 / 0
  Field              1361 / 0 / 0

--- FIELD OCCUPANCY ---
  Field[0] 'world_field_meta' levels:4 dims:3
    bounds X:[-8.0000,8.0000] Y:[-8.0000,8.0000] Z:[-8.0000,8.0000]
    level 0: 1 / 1 cells occupied
    level 1: 2 / 8 cells occupied
    level 2: 4 / 64 cells occupied
    level 3: 6 / 512 cells occupied
    level 4: 6 / 4096 cells occupied
  Field[1] 'model_field' levels:4 dims:3
    bounds X:[-1.0000,1.0000] Y:[-1.0000,1.0000] Z:[-1.0000,1.0000]
    level 0: 1 / 1 cells occupied
    level 1: 6 / 8 cells occupied
    level 2: 28 / 64 cells occupied
    level 3: 96 / 512 cells occupied
    level 4: 140 / 4096 cells occupied

[F2: enable fetch timing]

---
=== HOLLOWS ENGINE ===
FPS: 1617 | Pixel: 0.3ms | Input: 0.000ms | Texture: 0.258ms
Camera: [0.00, 0.00, 6.00]

--- DATA (valid / total) ---
  Bool               1 / 1
  Int                5 / 5
  I64                2 / 2
  F32                5 / 5
  F64                2 / 2
  CString            6 / 6
  Vec3               1 / 1
  Vertex             140 / 140
  Model              1 / 1
  Texture            1 / 1
  Bounds             6 / 6
  Debug_Stats        1 / 1
  FrameData          1 / 1
  Strings_Builder    1 / 1
  DataPoint          1 / 1
  Field              2 / 2
  Metadata           176 / 176
  TOTAL              352 / 352

--- FETCHES (edit / copy / set) ---
  Int                2100 / 0 / 0
  I64                2418 / 0 / 0
  F32                1209 / 0 / 0
  F64                1209 / 0 / 0
  Vec3               2419 / 0 / 0
  Texture            1209 / 0 / 0
  Debug_Stats        6045 / 0 / 0
  DataPoint          1209 / 0 / 0
  Field              1209 / 0 / 0

--- FIELD OCCUPANCY ---
  Field[0] 'world_field_meta' levels:4 dims:3
    bounds X:[-8.0000,8.0000] Y:[-8.0000,8.0000] Z:[-8.0000,8.0000]
    level 0: 1 / 1 cells occupied
    level 1: 2 / 8 cells occupied
    level 2: 4 / 64 cells occupied
    level 3: 6 / 512 cells occupied
    level 4: 6 / 4096 cells occupied
  Field[1] 'model_field' levels:4 dims:3
    bounds X:[-1.0000,1.0000] Y:[-1.0000,1.0000] Z:[-1.0000,1.0000]
    level 0: 1 / 1 cells occupied
    level 1: 6 / 8 cells occupied
    level 2: 28 / 64 cells occupied
    level 3: 96 / 512 cells occupied
    level 4: 140 / 4096 cells occupied

[F2: enable fetch timing]

---
=== HOLLOWS ENGINE ===
FPS: 1614 | Pixel: 0.3ms | Input: 0.000ms | Texture: 0.258ms
Camera: [0.00, 0.00, 6.00]

--- DATA (valid / total) ---
  Bool               1 / 1
  Int                5 / 5
  I64                2 / 2
  F32                5 / 5
  F64                2 / 2
  CString            6 / 6
  Vec3               1 / 1
  Vertex             140 / 140
  Model              1 / 1
  Texture            1 / 1
  Bounds             6 / 6
  Debug_Stats        1 / 1
  FrameData          1 / 1
  Strings_Builder    1 / 1
  DataPoint          1 / 1
  Field              2 / 2
  Metadata           176 / 176
  TOTAL              352 / 352

--- FETCHES (edit / copy / set) ---
  Int                2756 / 0 / 0
  I64                2750 / 0 / 0
  F32                1375 / 0 / 0
  F64                1375 / 0 / 0
  CString            2 / 0 / 0
  Vec3               2752 / 0 / 0
  Texture            1375 / 0 / 0
  Debug_Stats        6876 / 0 / 0
  DataPoint          1375 / 0 / 0
  Field              1375 / 0 / 0

--- FIELD OCCUPANCY ---
  Field[0] 'world_field_meta' levels:4 dims:3
    bounds X:[-8.0000,8.0000] Y:[-8.0000,8.0000] Z:[-8.0000,8.0000]
    level 0: 1 / 1 cells occupied
    level 1: 2 / 8 cells occupied
    level 2: 4 / 64 cells occupied
    level 3: 6 / 512 cells occupied
    level 4: 6 / 4096 cells occupied
  Field[1] 'model_field' levels:4 dims:3
    bounds X:[-1.0000,1.0000] Y:[-1.0000,1.0000] Z:[-1.0000,1.0000]
    level 0: 1 / 1 cells occupied
    level 1: 6 / 8 cells occupied
    level 2: 28 / 64 cells occupied
    level 3: 96 / 512 cells occupied
    level 4: 140 / 4096 cells occupied

[F2: enable fetch timing]

---
=== HOLLOWS ENGINE ===
FPS: 1622 | Pixel: 0.3ms | Input: 0.001ms | Texture: 0.254ms
Camera: [0.00, 0.00, 6.00]

--- DATA (valid / total) ---
  Bool               1 / 1
  Int                5 / 5
  I64                2 / 2
  F32                5 / 5
  F64                2 / 2
  CString            6 / 6
  Vec3               1 / 1
  Vertex             140 / 140
  Model              1 / 1
  Texture            1 / 1
  Bounds             6 / 6
  Debug_Stats        1 / 1
  FrameData          1 / 1
  Strings_Builder    1 / 1
  DataPoint          1 / 1
  Field              2 / 2
  Metadata           176 / 176
  TOTAL              352 / 352

--- FETCHES (edit / copy / set) ---
  Int                2855 / 0 / 0
  I64                2854 / 0 / 0
  F32                1427 / 0 / 0
  F64                1427 / 0 / 0
  Vec3               2855 / 0 / 0
  Texture            1427 / 0 / 0
  Debug_Stats        7136 / 0 / 0
  DataPoint          1427 / 0 / 0
  Field              1427 / 0 / 0

--- FIELD OCCUPANCY ---
  Field[0] 'world_field_meta' levels:4 dims:3
    bounds X:[-8.0000,8.0000] Y:[-8.0000,8.0000] Z:[-8.0000,8.0000]
    level 0: 1 / 1 cells occupied
    level 1: 2 / 8 cells occupied
    level 2: 4 / 64 cells occupied
    level 3: 6 / 512 cells occupied
    level 4: 6 / 4096 cells occupied
  Field[1] 'model_field' levels:4 dims:3
    bounds X:[-1.0000,1.0000] Y:[-1.0000,1.0000] Z:[-1.0000,1.0000]
    level 0: 1 / 1 cells occupied
    level 1: 6 / 8 cells occupied
    level 2: 28 / 64 cells occupied
    level 3: 96 / 512 cells occupied
    level 4: 140 / 4096 cells occupied

--- FETCH TIMES ns (edit / copy / set) ---
  Int                131876 / 0 / 0
  I64                144632 / 0 / 0
  F32                97469 / 0 / 0
  F64                68988 / 0 / 0
  Vec3               135529 / 0 / 0
  Texture            71215 / 0 / 0
  Debug_Stats        322564 / 0 / 0
  DataPoint          80353 / 0 / 0
  Field              73760 / 0 / 0

---
=== HOLLOWS ENGINE ===
FPS: 136 | Pixel: 0.3ms | Input: 0.000ms | Texture: 0.254ms
Camera: [0.00, 0.00, 6.00]

--- DATA (valid / total) ---
  Bool               1 / 1
  Int                5 / 5
  I64                2 / 2
  F32                5 / 5
  F64                2 / 2
  CString            6 / 6
  Vec3               1 / 1
  Vertex             140 / 140
  Model              1 / 1
  Texture            1 / 1
  Bounds             6 / 6
  Debug_Stats        1 / 1
  FrameData          1 / 1
  Strings_Builder    1 / 1
  DataPoint          1 / 1
  Field              2 / 2
  Metadata           176 / 176
  TOTAL              352 / 352

--- FETCHES (edit / copy / set) ---
  Int                2722 / 0 / 0
  I64                2760 / 0 / 0
  F32                1380 / 0 / 0
  F64                1380 / 0 / 0
  CString            2 / 0 / 0
  Vec3               2762 / 0 / 0
  Texture            1380 / 0 / 0
  Debug_Stats        6902 / 0 / 0
  DataPoint          1380 / 0 / 0
  Field              1380 / 0 / 0

--- FIELD OCCUPANCY ---
  Field[0] 'world_field_meta' levels:4 dims:3
    bounds X:[-8.0000,8.0000] Y:[-8.0000,8.0000] Z:[-8.0000,8.0000]
    level 0: 1 / 1 cells occupied
    level 1: 2 / 8 cells occupied
    level 2: 4 / 64 cells occupied
    level 3: 6 / 512 cells occupied
    level 4: 6 / 4096 cells occupied
  Field[1] 'model_field' levels:4 dims:3
    bounds X:[-1.0000,1.0000] Y:[-1.0000,1.0000] Z:[-1.0000,1.0000]
    level 0: 1 / 1 cells occupied
    level 1: 6 / 8 cells occupied
    level 2: 28 / 64 cells occupied
    level 3: 96 / 512 cells occupied
    level 4: 140 / 4096 cells occupied

[F2: enable fetch timing]

---
=== HOLLOWS ENGINE ===
FPS: 1315 | Pixel: 0.3ms | Input: 0.000ms | Texture: 0.300ms
Camera: [0.00, 0.00, 6.00]

--- DATA (valid / total) ---
  Bool               1 / 1
  Int                5 / 5
  I64                2 / 2
  F32                5 / 5
  F64                2 / 2
  CString            6 / 6
  Vec3               1 / 1
  Vertex             140 / 140
  Model              1 / 1
  Texture            1 / 1
  Bounds             6 / 6
  Debug_Stats        1 / 1
  FrameData          1 / 1
  Strings_Builder    1 / 1
  DataPoint          1 / 1
  Field              2 / 2
  Metadata           176 / 176
  TOTAL              352 / 352

--- FETCHES (edit / copy / set) ---
  Int                2833 / 0 / 0
  I64                3030 / 0 / 0
  F32                1515 / 0 / 0
  F64                1515 / 0 / 0
  Vec3               3031 / 0 / 0
  Texture            1515 / 0 / 0
  Debug_Stats        7575 / 0 / 0
  DataPoint          1515 / 0 / 0
  Field              1515 / 0 / 0

--- FIELD OCCUPANCY ---
  Field[0] 'world_field_meta' levels:4 dims:3
    bounds X:[-8.0000,8.0000] Y:[-8.0000,8.0000] Z:[-8.0000,8.0000]
    level 0: 1 / 1 cells occupied
    level 1: 2 / 8 cells occupied
    level 2: 4 / 64 cells occupied
    level 3: 6 / 512 cells occupied
    level 4: 6 / 4096 cells occupied
  Field[1] 'model_field' levels:4 dims:3
    bounds X:[-1.0000,1.0000] Y:[-1.0000,1.0000] Z:[-1.0000,1.0000]
    level 0: 1 / 1 cells occupied
    level 1: 6 / 8 cells occupied
    level 2: 28 / 64 cells occupied
    level 3: 96 / 512 cells occupied
    level 4: 140 / 4096 cells occupied

[F2: enable fetch timing]

---
=== HOLLOWS ENGINE ===
FPS: 1281 | Pixel: 0.4ms | Input: 0.000ms | Texture: 0.332ms
Camera: [0.00, 0.00, 6.00]

--- DATA (valid / total) ---
  Bool               1 / 1
  Int                5 / 5
  I64                2 / 2
  F32                5 / 5
  F64                2 / 2
  CString            6 / 6
  Vec3               1 / 1
  Vertex             140 / 140
  Model              1 / 1
  Texture            1 / 1
  Bounds             6 / 6
  Debug_Stats        1 / 1
  FrameData          1 / 1
  Strings_Builder    1 / 1
  DataPoint          1 / 1
  Field              2 / 2
  Metadata           176 / 176
  TOTAL              352 / 352

--- FETCHES (edit / copy / set) ---
  Int                2812 / 0 / 0
  I64                2884 / 0 / 0
  F32                1442 / 0 / 0
  F64                1442 / 0 / 0
  CString            2 / 0 / 0
  Vec3               2886 / 0 / 0
  Texture            1442 / 0 / 0
  Debug_Stats        7211 / 0 / 0
  DataPoint          1442 / 0 / 0
  Field              1442 / 0 / 0

--- FIELD OCCUPANCY ---
  Field[0] 'world_field_meta' levels:4 dims:3
    bounds X:[-8.0000,8.0000] Y:[-8.0000,8.0000] Z:[-8.0000,8.0000]
    level 0: 1 / 1 cells occupied
    level 1: 2 / 8 cells occupied
    level 2: 4 / 64 cells occupied
    level 3: 6 / 512 cells occupied
    level 4: 6 / 4096 cells occupied
  Field[1] 'model_field' levels:4 dims:3
    bounds X:[-1.0000,1.0000] Y:[-1.0000,1.0000] Z:[-1.0000,1.0000]
    level 0: 1 / 1 cells occupied
    level 1: 6 / 8 cells occupied
    level 2: 28 / 64 cells occupied
    level 3: 96 / 512 cells occupied
    level 4: 140 / 4096 cells occupied

[F2: enable fetch timing]

---
=== HOLLOWS ENGINE ===
FPS: 1611 | Pixel: 0.3ms | Input: 0.000ms | Texture: 0.253ms
Camera: [0.00, 0.00, 6.00]

--- DATA (valid / total) ---
  Bool               1 / 1
  Int                5 / 5
  I64                2 / 2
  F32                5 / 5
  F64                2 / 2
  CString            6 / 6
  Vec3               1 / 1
  Vertex             140 / 140
  Model              1 / 1
  Texture            1 / 1
  Bounds             6 / 6
  Debug_Stats        1 / 1
  FrameData          1 / 1
  Strings_Builder    1 / 1
  DataPoint          1 / 1
  Field              2 / 2
  Metadata           176 / 176
  TOTAL              352 / 352

--- FETCHES (edit / copy / set) ---
  Int                1537 / 0 / 0
  I64                3072 / 0 / 0
  F32                1536 / 0 / 0
  F64                1536 / 0 / 0
  Vec3               3073 / 0 / 0
  Texture            1536 / 0 / 0
  Debug_Stats        7680 / 0 / 0
  DataPoint          1536 / 0 / 0
  Field              1536 / 0 / 0

--- FIELD OCCUPANCY ---
  Field[0] 'world_field_meta' levels:4 dims:3
    bounds X:[-8.0000,8.0000] Y:[-8.0000,8.0000] Z:[-8.0000,8.0000]
    level 0: 1 / 1 cells occupied
    level 1: 2 / 8 cells occupied
    level 2: 4 / 64 cells occupied
    level 3: 6 / 512 cells occupied
    level 4: 6 / 4096 cells occupied
  Field[1] 'model_field' levels:4 dims:3
    bounds X:[-1.0000,1.0000] Y:[-1.0000,1.0000] Z:[-1.0000,1.0000]
    level 0: 1 / 1 cells occupied
    level 1: 6 / 8 cells occupied
    level 2: 28 / 64 cells occupied
    level 3: 96 / 512 cells occupied
    level 4: 140 / 4096 cells occupied

[F2: enable fetch timing]

---
