=== HOLLOWS ENGINE ===
FPS: 0 | Pixel: 0.0ms | Input: 0.000ms | Texture: 0.000ms
Camera: [0.00, -0.01, 6.05]

--- DATA (valid / total) ---
  Bool               2 / 2
  Int                6 / 6
  I64                2 / 2
  F32                5 / 5
  F64                2 / 2
  CString            6 / 6
  Vec3               1 / 1
  Vertex             6284 / 6284
  Vertex_Cache       6284 / 6284
  Debug_Stats        1 / 1
  FrameData          1 / 1
  Strings_Builder    1 / 1
  DataPoint          6286 / 6286
  Field              262659 / 262659
  Model              1 / 1
  Face_List          1 / 1
  TOTAL              281542 / 281542

--- FETCHES (edit / copy / set) ---
  Bool               2 / 0 / 0
  Int                20 / 0 / 0
  I64                2 / 0 / 0
  F32                1 / 0 / 0
  F64                1 / 0 / 0
  CString            5 / 0 / 0
  Vec3               6 / 0 / 0
  Debug_Stats        3 / 0 / 0
  Strings_Builder    1 / 0 / 0
  DataPoint          2 / 0 / 0
  Field              2 / 0 / 0

--- FIELD OCCUPANCY ---
  Field[0] 'field' levels:4 dims:3
    bounds X:[-8.0000,8.0000] Y:[-8.0000,8.0000] Z:[-8.0000,8.0000]
    level 0: 1 / 1 cells occupied
    level 1: 1 / 8 cells occupied
    level 2: 1 / 64 cells occupied
    level 3: 1 / 512 cells occupied
    level 4: 1 / 4096 cells occupied
  Field[1] 'model_field' levels:4 dims:3
    bounds X:[-0.5306,0.5306] Y:[-0.1008,0.0801] Z:[0.0034,1.0549]
    level 0: 1 / 1 cells occupied
    level 1: 8 / 8 cells occupied
    level 2: 54 / 64 cells occupied
    level 3: 348 / 512 cells occupied
    level 4: 654 / 4096 cells occupied

  Screen Fields: 262657 total | 222 with occupied cells
  Root SF [2] levels:5 dims:2 bounds X:[0,800] Y:[0,600]
    level 0: 0 / 1
    level 1: 0 / 4
    level 2: 0 / 16
    level 3: 0 / 64
    level 4: 0 / 256
    level 5: 0 / 1024

[F2: enable fetch timing]

---
=== HOLLOWS ENGINE ===
FPS: 61 | Pixel: 15.8ms | Input: 0.000ms | Texture: 0.492ms
Camera: [0.00, -0.01, 6.05]

--- DATA (valid / total) ---
  Bool               2 / 2
  Int                6 / 6
  I64                2 / 2
  F32                5 / 5
  F64                2 / 2
  CString            6 / 6
  Vec3               1 / 1
  Vertex             6284 / 6284
  Vertex_Cache       6284 / 6284
  Debug_Stats        1 / 1
  FrameData          1 / 1
  Strings_Builder    1 / 1
  DataPoint          6286 / 6286
  Field              262659 / 262659
  Model              1 / 1
  Face_List          1 / 1
  TOTAL              281542 / 281542

--- FETCHES (edit / copy / set) ---
  Bool               86 / 0 / 0
  Int                517 / 0 / 0
  I64                172 / 0 / 0
  F32                86 / 0 / 0
  F64                86 / 0 / 0
  Vec3               259 / 0 / 0
  Debug_Stats        430 / 0 / 0

--- FIELD OCCUPANCY ---
  Field[0] 'field' levels:4 dims:3
    bounds X:[-8.0000,8.0000] Y:[-8.0000,8.0000] Z:[-8.0000,8.0000]
    level 0: 1 / 1 cells occupied
    level 1: 1 / 8 cells occupied
    level 2: 1 / 64 cells occupied
    level 3: 1 / 512 cells occupied
    level 4: 1 / 4096 cells occupied
  Field[1] 'model_field' levels:4 dims:3
    bounds X:[-0.5306,0.5306] Y:[-0.1008,0.0801] Z:[0.0034,1.0549]
    level 0: 1 / 1 cells occupied
    level 1: 8 / 8 cells occupied
    level 2: 54 / 64 cells occupied
    level 3: 348 / 512 cells occupied
    level 4: 654 / 4096 cells occupied

  Screen Fields: 262657 total | 222 with occupied cells
  Root SF [2] levels:5 dims:2 bounds X:[0,800] Y:[0,600]
    level 0: 0 / 1
    level 1: 0 / 4
    level 2: 0 / 16
    level 3: 0 / 64
    level 4: 0 / 256
    level 5: 0 / 1024

[F2: enable fetch timing]

---
=== HOLLOWS ENGINE ===
FPS: 57 | Pixel: 16.2ms | Input: 0.000ms | Texture: 0.498ms
Camera: [0.00, 0.31, 6.05]

--- DATA (valid / total) ---
  Bool               2 / 2
  Int                6 / 6
  I64                2 / 2
  F32                5 / 5
  F64                2 / 2
  CString            6 / 6
  Vec3               1 / 1
  Vertex             6284 / 6284
  Vertex_Cache       6284 / 6284
  Debug_Stats        1 / 1
  FrameData          1 / 1
  Strings_Builder    1 / 1
  DataPoint          6286 / 6286
  Field              262659 / 262659
  Model              1 / 1
  Face_List          1 / 1
  TOTAL              281542 / 281542

--- FETCHES (edit / copy / set) ---
  Bool               93 / 0 / 0
  Int                559 / 0 / 0
  I64                186 / 0 / 0
  F32                93 / 0 / 0
  F64                93 / 0 / 0
  Vec3               280 / 0 / 0
  Debug_Stats        465 / 0 / 0

--- FIELD OCCUPANCY ---
  Field[0] 'field' levels:4 dims:3
    bounds X:[-8.0000,8.0000] Y:[-8.0000,8.0000] Z:[-8.0000,8.0000]
    level 0: 1 / 1 cells occupied
    level 1: 1 / 8 cells occupied
    level 2: 1 / 64 cells occupied
    level 3: 1 / 512 cells occupied
    level 4: 1 / 4096 cells occupied
  Field[1] 'model_field' levels:4 dims:3
    bounds X:[-0.5306,0.5306] Y:[-0.1008,0.0801] Z:[0.0034,1.0549]
    level 0: 1 / 1 cells occupied
    level 1: 8 / 8 cells occupied
    level 2: 54 / 64 cells occupied
    level 3: 348 / 512 cells occupied
    level 4: 654 / 4096 cells occupied

  Screen Fields: 262657 total | 770 with occupied cells
  Root SF [2] levels:5 dims:2 bounds X:[0,800] Y:[0,600]
    level 0: 0 / 1
    level 1: 0 / 4
    level 2: 0 / 16
    level 3: 0 / 64
    level 4: 0 / 256
    level 5: 0 / 1024

[F2: enable fetch timing]

---
