=== HOLLOWS ENGINE ===
FPS: 0 | Pixel: 0.0ms | Input: 0.000ms | Texture: 0.000ms
Camera: [0.00, 0.08, 5.03]

--- DATA (valid / total) ---
  Bool               1 / 1
  Int                4 / 4
  I64                2 / 2
  F32                5 / 5
  F64                2 / 2
  CString            6 / 6
  Vec3               1 / 1
  Vertex             29162 / 29162
  Vertex_Cache       29162 / 29162
  Debug_Stats        1 / 1
  FrameData          1 / 1
  Strings_Builder    1 / 1
  DataPoint          29164 / 29164
  Field              2 / 2
  TOTAL              87514 / 87514

--- FETCHES (edit / copy / set) ---
  Int                3686412 / 0 / 0
  I64                2 / 0 / 0
  F32                1 / 0 / 0
  F64                1 / 0 / 0
  CString            5 / 0 / 0
  Vec3               4 / 0 / 0
  Debug_Stats        3 / 0 / 0
  Strings_Builder    1 / 0 / 0
  DataPoint          1 / 0 / 0
  Field              2 / 0 / 0

[F2: enable fetch timing]

---
=== HOLLOWS ENGINE ===
FPS: 152 | Pixel: 5.4ms | Input: 0.000ms | Texture: 1.035ms
Camera: [0.00, 0.08, 2.70]

--- DATA (valid / total) ---
  Bool               1 / 1
  Int                4 / 4
  I64                2 / 2
  F32                5 / 5
  F64                2 / 2
  CString            6 / 6
  Vec3               1 / 1
  Vertex             29162 / 29162
  Vertex_Cache       29162 / 29162
  Debug_Stats        1 / 1
  FrameData          1 / 1
  Strings_Builder    1 / 1
  DataPoint          29164 / 29164
  Field              2 / 2
  TOTAL              87514 / 87514

--- FETCHES (edit / copy / set) ---
  Int                516096841 / 0 / 0
  I64                560 / 0 / 0
  F32                280 / 0 / 0
  F64                280 / 0 / 0
  Vec3               561 / 0 / 0
  Debug_Stats        1400 / 0 / 0

[F2: enable fetch timing]

---
=== HOLLOWS ENGINE ===
FPS: 156 | Pixel: 5.4ms | Input: 0.000ms | Texture: 0.936ms
Camera: [0.00, 0.08, 2.19]

--- DATA (valid / total) ---
  Bool               1 / 1
  Int                4 / 4
  I64                2 / 2
  F32                5 / 5
  F64                2 / 2
  CString            6 / 6
  Vec3               1 / 1
  Vertex             29162 / 29162
  Vertex_Cache       29162 / 29162
  Debug_Stats        1 / 1
  FrameData          1 / 1
  Strings_Builder    1 / 1
  DataPoint          29164 / 29164
  Field              2 / 2
  TOTAL              87514 / 87514

--- FETCHES (edit / copy / set) ---
  Int                528999262 / 0 / 0
  I64                574 / 0 / 0
  F32                287 / 0 / 0
  F64                287 / 0 / 0
  Vec3               575 / 0 / 0
  Debug_Stats        1435 / 0 / 0

[F2: enable fetch timing]

---
=== HOLLOWS ENGINE ===
FPS: 153 | Pixel: 5.4ms | Input: 0.000ms | Texture: 1.027ms
Camera: [0.00, 0.08, 14.20]

--- DATA (valid / total) ---
  Bool               1 / 1
  Int                4 / 4
  I64                2 / 2
  F32                5 / 5
  F64                2 / 2
  CString            6 / 6
  Vec3               1 / 1
  Vertex             29162 / 29162
  Vertex_Cache       29162 / 29162
  Debug_Stats        1 / 1
  FrameData          1 / 1
  Strings_Builder    1 / 1
  DataPoint          29164 / 29164
  Field              2 / 2
  TOTAL              87514 / 87514

--- FETCHES (edit / copy / set) ---
  Int                528999262 / 0 / 0
  I64                574 / 0 / 0
  F32                287 / 0 / 0
  F64                287 / 0 / 0
  Vec3               575 / 0 / 0
  Debug_Stats        1435 / 0 / 0

[F2: enable fetch timing]

---
=== HOLLOWS ENGINE ===
FPS: 156 | Pixel: 5.4ms | Input: 0.000ms | Texture: 0.937ms
Camera: [0.00, 0.08, 24.21]

--- DATA (valid / total) ---
  Bool               1 / 1
  Int                4 / 4
  I64                2 / 2
  F32                5 / 5
  F64                2 / 2
  CString            6 / 6
  Vec3               1 / 1
  Vertex             29162 / 29162
  Vertex_Cache       29162 / 29162
  Debug_Stats        1 / 1
  FrameData          1 / 1
  Strings_Builder    1 / 1
  DataPoint          29164 / 29164
  Field              2 / 2
  TOTAL              87514 / 87514

--- FETCHES (edit / copy / set) ---
  Int                532685668 / 0 / 0
  I64                578 / 0 / 0
  F32                289 / 0 / 0
  F64                289 / 0 / 0
  Vec3               579 / 0 / 0
  Debug_Stats        1445 / 0 / 0

[F2: enable fetch timing]

---
=== HOLLOWS ENGINE ===
FPS: 49 | Pixel: 5.4ms | Input: 0.001ms | Texture: 0.938ms
Camera: [0.00, 0.08, 12.21]

--- DATA (valid / total) ---
  Bool               1 / 1
  Int                4 / 4
  I64                2 / 2
  F32                5 / 5
  F64                2 / 2
  CString            6 / 6
  Vec3               1 / 1
  Vertex             29162 / 29162
  Vertex_Cache       29162 / 29162
  Debug_Stats        1 / 1
  FrameData          1 / 1
  Strings_Builder    1 / 1
  DataPoint          29164 / 29164
  Field              2 / 2
  TOTAL              87514 / 87514

--- FETCHES (edit / copy / set) ---
  Int                519783247 / 0 / 0
  I64                564 / 0 / 0
  F32                282 / 0 / 0
  F64                282 / 0 / 0
  Vec3               565 / 0 / 0
  Debug_Stats        1410 / 0 / 0

[F2: enable fetch timing]

---
