=== HOLLOWS ENGINE ===
FPS: 0 | Pixel: 0.0ms | Input: 0.000ms | Texture: 0.000ms
Camera: [0.00, 0.00, 6.00]

--- DATA (valid / total) ---
  Bool               2 / 2
  Int                6 / 6
  I64                2 / 2
  F32                5 / 5
  F64                2 / 2
  CString            6 / 6
  Vec3               1 / 1
  Vertex             24 / 24
  Vertex_Cache       24 / 24
  Debug_Stats        1 / 1
  FrameData          1 / 1
  Strings_Builder    1 / 1
  DataPoint          26 / 26
  Field              2 / 2
  Model              1 / 1
  Face_List          1 / 1
  TOTAL              105 / 105

--- FETCHES (edit / copy / set) ---
  Int                10 / 0 / 0
  I64                2 / 0 / 0
  F32                1 / 0 / 0
  F64                1 / 0 / 0
  CString            5 / 0 / 0
  Vec3               4 / 0 / 0
  Debug_Stats        3 / 0 / 0
  Strings_Builder    1 / 0 / 0
  DataPoint          2 / 0 / 0
  Field              2 / 0 / 0

--- FIELD OCCUPANCY ---
  Field[0] 'field' levels:4 dims:3
    bounds X:[-8.0000,8.0000] Y:[-8.0000,8.0000] Z:[-8.0000,8.0000]
    level 0: 1 / 1 cells occupied
    level 1: 1 / 8 cells occupied
    level 2: 1 / 64 cells occupied
    level 3: 1 / 512 cells occupied
    level 4: 1 / 4096 cells occupied
  Field[1] 'model_field' levels:4 dims:3
    bounds X:[-1.0000,1.0000] Y:[-1.0000,1.0000] Z:[-1.0000,1.0000]
    level 0: 1 / 1 cells occupied
    level 1: 8 / 8 cells occupied
    level 2: 64 / 64 cells occupied
    level 3: 512 / 512 cells occupied
    level 4: 1352 / 4096 cells occupied

[F2: enable fetch timing]

---
=== HOLLOWS ENGINE ===
FPS: 1220 | Pixel: 0.3ms | Input: 0.000ms | Texture: 0.514ms
Camera: [0.00, 0.00, 6.00]

--- DATA (valid / total) ---
  Bool               2 / 2
  Int                6 / 6
  I64                2 / 2
  F32                5 / 5
  F64                2 / 2
  CString            6 / 6
  Vec3               1 / 1
  Vertex             24 / 24
  Vertex_Cache       24 / 24
  Debug_Stats        1 / 1
  FrameData          1 / 1
  Strings_Builder    1 / 1
  DataPoint          26 / 26
  Field              2 / 2
  Model              1 / 1
  Face_List          1 / 1
  TOTAL              105 / 105

--- FETCHES (edit / copy / set) ---
  Int                2252 / 0 / 0
  I64                4502 / 0 / 0
  F32                2251 / 0 / 0
  F64                2251 / 0 / 0
  Vec3               4503 / 0 / 0
  Debug_Stats        11255 / 0 / 0

--- FIELD OCCUPANCY ---
  Field[0] 'field' levels:4 dims:3
    bounds X:[-8.0000,8.0000] Y:[-8.0000,8.0000] Z:[-8.0000,8.0000]
    level 0: 1 / 1 cells occupied
    level 1: 1 / 8 cells occupied
    level 2: 1 / 64 cells occupied
    level 3: 1 / 512 cells occupied
    level 4: 1 / 4096 cells occupied
  Field[1] 'model_field' levels:4 dims:3
    bounds X:[-1.0000,1.0000] Y:[-1.0000,1.0000] Z:[-1.0000,1.0000]
    level 0: 1 / 1 cells occupied
    level 1: 8 / 8 cells occupied
    level 2: 64 / 64 cells occupied
    level 3: 512 / 512 cells occupied
    level 4: 1352 / 4096 cells occupied

[F2: enable fetch timing]

---
=== HOLLOWS ENGINE ===
FPS: 1213 | Pixel: 0.3ms | Input: 0.000ms | Texture: 0.521ms
Camera: [0.00, 0.00, 6.00]

--- DATA (valid / total) ---
  Bool               2 / 2
  Int                6 / 6
  I64                2 / 2
  F32                5 / 5
  F64                2 / 2
  CString            6 / 6
  Vec3               1 / 1
  Vertex             24 / 24
  Vertex_Cache       24 / 24
  Debug_Stats        1 / 1
  FrameData          1 / 1
  Strings_Builder    1 / 1
  DataPoint          26 / 26
  Field              2 / 2
  Model              1 / 1
  Face_List          1 / 1
  TOTAL              105 / 105

--- FETCHES (edit / copy / set) ---
  Int                2333 / 0 / 0
  I64                4664 / 0 / 0
  F32                2332 / 0 / 0
  F64                2332 / 0 / 0
  Vec3               4665 / 0 / 0
  Debug_Stats        11660 / 0 / 0

--- FIELD OCCUPANCY ---
  Field[0] 'field' levels:4 dims:3
    bounds X:[-8.0000,8.0000] Y:[-8.0000,8.0000] Z:[-8.0000,8.0000]
    level 0: 1 / 1 cells occupied
    level 1: 1 / 8 cells occupied
    level 2: 1 / 64 cells occupied
    level 3: 1 / 512 cells occupied
    level 4: 1 / 4096 cells occupied
  Field[1] 'model_field' levels:4 dims:3
    bounds X:[-1.0000,1.0000] Y:[-1.0000,1.0000] Z:[-1.0000,1.0000]
    level 0: 1 / 1 cells occupied
    level 1: 8 / 8 cells occupied
    level 2: 64 / 64 cells occupied
    level 3: 512 / 512 cells occupied
    level 4: 1352 / 4096 cells occupied

[F2: enable fetch timing]

---
=== HOLLOWS ENGINE ===
FPS: 1274 | Pixel: 0.3ms | Input: 0.000ms | Texture: 0.485ms
Camera: [0.00, 0.00, 6.00]

--- DATA (valid / total) ---
  Bool               2 / 2
  Int                6 / 6
  I64                2 / 2
  F32                5 / 5
  F64                2 / 2
  CString            6 / 6
  Vec3               1 / 1
  Vertex             24 / 24
  Vertex_Cache       24 / 24
  Debug_Stats        1 / 1
  FrameData          1 / 1
  Strings_Builder    1 / 1
  DataPoint          26 / 26
  Field              2 / 2
  Model              1 / 1
  Face_List          1 / 1
  TOTAL              105 / 105

--- FETCHES (edit / copy / set) ---
  Int                2294 / 0 / 0
  I64                4586 / 0 / 0
  F32                2293 / 0 / 0
  F64                2293 / 0 / 0
  Vec3               4587 / 0 / 0
  Debug_Stats        11465 / 0 / 0

--- FIELD OCCUPANCY ---
  Field[0] 'field' levels:4 dims:3
    bounds X:[-8.0000,8.0000] Y:[-8.0000,8.0000] Z:[-8.0000,8.0000]
    level 0: 1 / 1 cells occupied
    level 1: 1 / 8 cells occupied
    level 2: 1 / 64 cells occupied
    level 3: 1 / 512 cells occupied
    level 4: 1 / 4096 cells occupied
  Field[1] 'model_field' levels:4 dims:3
    bounds X:[-1.0000,1.0000] Y:[-1.0000,1.0000] Z:[-1.0000,1.0000]
    level 0: 1 / 1 cells occupied
    level 1: 8 / 8 cells occupied
    level 2: 64 / 64 cells occupied
    level 3: 512 / 512 cells occupied
    level 4: 1352 / 4096 cells occupied

[F2: enable fetch timing]

---
